******************************************************************************
                  TI ARM Linker PC v18.12.4                    
******************************************************************************
>> Linked Wed Oct 28 09:05:17 2020

OUTPUT FILE NAME:   <ece3849_lab0_ayang.out>
ENTRY POINT SYMBOL: "_c_int00_noargs"  address: 00003629


MEMORY CONFIGURATION

         name            origin    length      used     unused   attr    fill
----------------------  --------  ---------  --------  --------  ----  --------
  FLASH                 00000000   00100000  00004304  000fbcfc  R  X
  SRAM                  20000000   00040000  00008866  0003779a  RW X


SEGMENT ALLOCATION MAP

run origin  load origin   length   init length attrs members
----------  ----------- ---------- ----------- ----- -------
00000000    00000000    00004308   00004308    r-x
  00000000    00000000    00000208   00000208    r-- .intvecs
  00000208    00000208    00003868   00003868    r-x .text
  00003a70    00003a70    0000085c   0000085c    r-- .const
  000042d0    000042d0    00000038   00000038    r-- .cinit
20000000    20000000    0000886a   00000000    rw-
  20000000    20000000    0000803c   00000000    rw- .data
  20008040    20008040    00000800   00000000    rw- .stack
  20008840    20008840    0000002a   00000000    rw- .bss


SECTION ALLOCATION MAP

 output                                  attributes/
section   page    origin      length       input sections
--------  ----  ----------  ----------   ----------------
.intvecs   0    00000000    00000208     
                  00000000    00000208     tm4c1294ncpdt_startup_ccs.obj (.intvecs)

.text      0    00000208    00003868     
                  00000208    00000a4e     rtsv7M4_T_le_v4SPD16_eabi.lib : _printfi.c.obj (.text:__TI_printfi)
                  00000c56    00000002                                   : div0.asm.obj (.text)
                  00000c58    0000043e     buttons.obj (.text)
                  00001096    00000002     --HOLE-- [fill = 0]
                  00001098    000003f0     Crystalfontz128x128_ST7735.obj (.text)
                  00001488    00000270     rtsv7M4_T_le_v4SPD16_eabi.lib : _printfi.c.obj (.text:_pconv_a)
                  000016f8    00000256     grlib.lib : string.obj (.text:GrFontGlyphRender)
                  0000194e    00000002     --HOLE-- [fill = 0]
                  00001950    00000204     driverlib.lib : sysctl.obj (.text:SysCtlClockFreqSet)
                  00001b54    000001d0     rtsv7M4_T_le_v4SPD16_eabi.lib : _printfi.c.obj (.text:_pconv_g)
                  00001d24    000001b6                                   : fd_add_t2.asm.obj (.text)
                  00001eda    00000006     driverlib.lib : gpio.obj (.text:GPIOPinRead)
                  00001ee0    0000019c     main.obj (.text)
                  0000207c    00000004     driverlib.lib : timer.obj (.text:TimerIntClear)
                  00002080    0000017e     HAL_EK_TM4C1294XL_Crystalfontz128x128_ST7735.obj (.text)
                  000021fe    00000002     --HOLE-- [fill = 0]
                  00002200    0000013c     rtsv7M4_T_le_v4SPD16_eabi.lib : _printfi.c.obj (.text:_pconv_e)
                  0000233c    00000136                                   : fd_div_t2.asm.obj (.text)
                  00002472    00000130     driverlib.lib : gpio.obj (.text:GPIOPadConfigSet)
                  000025a2    00000002     --HOLE-- [fill = 0]
                  000025a4    00000124     rtsv7M4_T_le_v4SPD16_eabi.lib : _printfi.c.obj (.text:fcvt)
                  000026c8    00000110                                   : s_scalbn.c.obj (.text:scalbn)
                  000027d8    000000fc                                   : fd_mul_t2.asm.obj (.text)
                  000028d4    000000c4     grlib.lib : string.obj (.text:GrDefaultStringRenderer)
                  00002998    000000b1     rtsv7M4_T_le_v4SPD16_eabi.lib : _printfi.c.obj (.text:_ltostr)
                  00002a49    00000001     --HOLE-- [fill = 0]
                  00002a4a    0000009c                                   : memcpy_t2.asm.obj (.text)
                  00002ae6    00000096                                   : ull_div_t2.asm.obj (.text)
                  00002b7c    00000086     grlib.lib : rectangle.obj (.text:GrRectFill)
                  00002c02    00000086     rtsv7M4_T_le_v4SPD16_eabi.lib : fd_cmp_t2.asm.obj (.text:__aeabi_cdcmple)
                  00002c88    00000086                                   : fd_cmp_t2.asm.obj (.text:__aeabi_cdrcmple)
                  00002d0e    00000002     --HOLE-- [fill = 0]
                  00002d10    00000080                                   : s_floorf.c.obj (.text:floorf)
                  00002d90    0000007a     driverlib.lib : adc.obj (.text:ADCSequenceStepConfigure)
                  00002e0a    0000007a     rtsv7M4_T_le_v4SPD16_eabi.lib : memset_t2.asm.obj (.text)
                  00002e84    0000006e                                   : _printfi.c.obj (.text:_mcpy)
                  00002ef2    0000006e                                   : s_roundf.c.obj (.text:roundf)
                  00002f60    00000068     grlib.lib : context.obj (.text:GrContextInit)
                  00002fc8    00000068     driverlib.lib : interrupt.obj (.text:IntEnable)
                  00003030    00000068     rtsv7M4_T_le_v4SPD16_eabi.lib : copy_decompress_lzss.c.obj (.text:decompress:lzss:__TI_decompress_lzss)
                  00003098    00000064                                   : s_frexp.c.obj (.text:frexp)
                  000030fc    00000060     driverlib.lib : timer.obj (.text:TimerConfigure)
                  0000315c    0000005a     grlib.lib : string.obj (.text:FontWideGlyphDataGet)
                  000031b6    00000056     rtsv7M4_T_le_v4SPD16_eabi.lib : _printfi.c.obj (.text:_pconv_f)
                  0000320c    00000054                                   : ltoa.c.obj (.text:ltoa)
                  00003260    00000052                                   : _printfi.c.obj (.text:_ecpy)
                  000032b2    00000002     --HOLE-- [fill = 0]
                  000032b4    0000004c                                   : atoi.c.obj (.text:atoi)
                  00003300    0000004c                                   : snprintf.c.obj (.text:snprintf)
                  0000334c    0000004a     grlib.lib : string.obj (.text:UpdateContextCharMapping)
                  00003396    00000002     --HOLE-- [fill = 0]
                  00003398    0000004a     sysctl_pll.obj (.text)
                  000033e2    00000002     --HOLE-- [fill = 0]
                  000033e4    00000048     driverlib.lib : gpio.obj (.text:GPIOPinConfigure)
                  0000342c    00000048                   : sysctl.obj (.text:_SysCtlFrequencyGet)
                  00003474    00000048     rtsv7M4_T_le_v4SPD16_eabi.lib : fd_toi_t2.asm.obj (.text)
                  000034bc    00000044                                   : autoinit.c.obj (.text:__TI_auto_init_nobinit_nopinit:__TI_auto_init_nobinit_nopinit)
                  00003500    0000003e     driverlib.lib : adc.obj (.text:ADCSequenceConfigure)
                  0000353e    0000003e     rtsv7M4_T_le_v4SPD16_eabi.lib : _printfi.c.obj (.text:_fcpy)
                  0000357c    0000003c     driverlib.lib : ssi.obj (.text:SSIConfigSetExpClk)
                  000035b8    0000003a     grlib.lib : string.obj (.text:FontGlyphDataGet)
                  000035f2    00000002     --HOLE-- [fill = 0]
                  000035f4    00000034     driverlib.lib : sysctl.obj (.text:SysCtlPeripheralEnable)
                  00003628    00000034     rtsv7M4_T_le_v4SPD16_eabi.lib : boot_cortex_m.c.obj (.text:_c_int00_noargs:_c_int00_noargs)
                  0000365c    00000030                                   : snprintf.c.obj (.text:_outs)
                  0000368c    0000002e     driverlib.lib : adc.obj (.text:ADCIntStatus)
                  000036ba    0000002e     grlib.lib : string.obj (.text:GrStringNextCharGet)
                  000036e8    0000002e     rtsv7M4_T_le_v4SPD16_eabi.lib : i_tofd_t2.asm.obj (.text)
                  00003716    0000002a     driverlib.lib : gpio.obj (.text:GPIODirModeSet)
                  00003740    00000026     grlib.lib : string.obj (.text:GrFontInfoGet)
                  00003766    00000002     --HOLE-- [fill = 0]
                  00003768    00000024     driverlib.lib : interrupt.obj (.text:IntPrioritySet)
                  0000378c    00000022     grlib.lib : string.obj (.text:GrFontGlyphDataGet)
                  000037ae    0000001e     driverlib.lib : adc.obj (.text:ADCSequenceDataGet)
                  000037cc    0000001e     grlib.lib : string.obj (.text:GrFontCodepageGet)
                  000037ea    00000002     --HOLE-- [fill = 0]
                  000037ec    0000001c     driverlib.lib : sysctl.obj (.text:_SysCtlMemTimingGet)
                  00003808    0000001c     rtsv7M4_T_le_v4SPD16_eabi.lib : copy_zero_init.c.obj (.text:decompress:ZI:__TI_zero_init_nomemset:__TI_zero_init_nomemset)
                  00003824    0000001c                                   : memccpy.c.obj (.text:memccpy)
                  00003840    0000001a                                   : s_copysign.c.obj (.text:copysign)
                  0000385a    00000006     driverlib.lib : gpio.obj (.text:GPIOPinWrite)
                  00003860    0000001a     tm4c1294ncpdt_startup_ccs.obj (.text)
                  0000387a    00000018     driverlib.lib : adc.obj (.text:ADCClockConfigSet)
                  00003892    00000018                   : adc.obj (.text:ADCProcessorTrigger)
                  000038aa    00000018                   : gpio.obj (.text:GPIOPinTypeGPIOOutput)
                  000038c2    00000018     rtsv7M4_T_le_v4SPD16_eabi.lib : snprintf.c.obj (.text:_outc)
                  000038da    00000016     grlib.lib : string.obj (.text:GrStringDraw)
                  000038f0    00000016     rtsv7M4_T_le_v4SPD16_eabi.lib : strchr.c.obj (.text:strchr)
                  00003906    00000002     --HOLE-- [fill = 0]
                  00003908    00000014     driverlib.lib : timer.obj (.text:TimerDisable)
                  0000391c    00000014     rtsv7M4_T_le_v4SPD16_eabi.lib : strlen.c.obj (.text:strlen)
                  00003930    00000012     driverlib.lib : gpio.obj (.text:GPIOPinTypeADC)
                  00003942    00000012                   : gpio.obj (.text:GPIOPinTypeGPIOInput)
                  00003954    00000012                   : gpio.obj (.text:GPIOPinTypeSSI)
                  00003966    00000012                   : timer.obj (.text:TimerLoadSet)
                  00003978    00000012     rtsv7M4_T_le_v4SPD16_eabi.lib : wcslen.c.obj (.text:wcslen)
                  0000398a    00000002     --HOLE-- [fill = 0]
                  0000398c    00000010     driverlib.lib : fpu.obj (.text:FPUEnable)
                  0000399c    00000010                   : fpu.obj (.text:FPULazyStackingEnable)
                  000039ac    00000010                   : interrupt.obj (.text:IntMasterDisable)
                  000039bc    00000010                   : interrupt.obj (.text:IntMasterEnable)
                  000039cc    0000000e                   : adc.obj (.text:ADCSequenceDisable)
                  000039da    0000000e                   : adc.obj (.text:ADCSequenceEnable)
                  000039e8    0000000e                   : timer.obj (.text:TimerEnable)
                  000039f6    0000000e     rtsv7M4_T_le_v4SPD16_eabi.lib : copy_decompress_none.c.obj (.text:decompress:none:__TI_decompress_none)
                  00003a04    0000000c     driverlib.lib : cpu.obj (.text:CPUcpsid)
                  00003a10    0000000c                   : cpu.obj (.text:CPUcpsie)
                  00003a1c    0000000a                   : adc.obj (.text:ADCIntClear)
                  00003a26    0000000a                   : ssi.obj (.text:SSIDataPut)
                  00003a30    0000000a                   : ssi.obj (.text:SSIEnable)
                  00003a3a    00000008     grlib.lib : charmap.obj (.text:GrMapISO8859_1_Unicode)
                  00003a42    00000008     driverlib.lib : ssi.obj (.text:SSIBusy)
                  00003a4a    00000008                   : timer.obj (.text:TimerIntEnable)
                  00003a52    00000002     --HOLE-- [fill = 0]
                  00003a54    00000008     rtsv7M4_T_le_v4SPD16_eabi.lib : errno.c.obj (.text:__aeabi_errno_addr)
                  00003a5c    00000006     grlib.lib : string.obj (.text:GrContextFontSet)
                  00003a62    00000006     driverlib.lib : sysctl.obj (.text:SysCtlDelay)
                  00003a68    00000004     rtsv7M4_T_le_v4SPD16_eabi.lib : pre_init.c.obj (.text:_system_pre_init)
                  00003a6c    00000004                                   : exit.c.obj (.text:abort:abort)

.const     0    00003a70    0000085c     
                  00003a70    000002f8     grlib.lib : fontfixed6x8.obj (.const:.string:g_pui8FontFixed6x8Data)
                  00003d68    00000120     driverlib.lib : sysctl.obj (.const:g_pppui32XTALtoVCO)
                  00003e88    00000101     rtsv7M4_T_le_v4SPD16_eabi.lib : ctype.c.obj (.const:.string:_ctypes_)
                  00003f89    00000003     --HOLE-- [fill = 0]
                  00003f8c    000000c8     grlib.lib : fontfixed6x8.obj (.const:g_sFontFixed6x8)
                  00004054    0000009c     driverlib.lib : interrupt.obj (.const:g_pui32Regs)
                  000040f0    00000090                   : gpio.obj (.const:g_pui32GPIOBaseAddrs)
                  00004180    00000070                   : interrupt.obj (.const)
                  000041f0    0000006c                   : sysctl.obj (.const:g_pui32Xtals)
                  0000425c    00000030                   : sysctl.obj (.const:g_sXTALtoMEMTIM)
                  0000428c    00000028     Crystalfontz128x128_ST7735.obj (.const:g_sCrystalfontz128x128)
                  000042b4    00000010     grlib.lib : context.obj (.const)
                  000042c4    00000008     driverlib.lib : sysctl.obj (.const)

.cinit     0    000042d0    00000038     
                  000042d0    00000014     (.cinit..data.load) [load image, compression = lzss]
                  000042e4    0000000c     (__TI_handler_table)
                  000042f0    00000008     (.cinit..bss.load) [load image, compression = zero_init]
                  000042f8    00000010     (__TI_cinit_table)

.init_array 
*          0    00000000    00000000     UNINITIALIZED

.data      0    20000000    0000803c     UNINITIALIZED
                  20000000    00008000     Crystalfontz128x128_ST7735.obj (.data:Lcd_buffer)
                  20008000    00000024     buttons.obj (.data:count$2)
                  20008024    00000008     buttons.obj (.data:gJoystick)
                  2000802c    00000006     buttons.obj (.data)
                  20008032    00000002     --HOLE--
                  20008034    00000004     main.obj (.data)
                  20008038    00000004     rtsv7M4_T_le_v4SPD16_eabi.lib : errno.c.obj (.data)

.bss       0    20008840    0000002a     UNINITIALIZED
                  20008840    00000014     buttons.obj (.bss:state$1)
                  20008854    00000004     (.common:gADCSamplingRate)
                  20008858    00000004     (.common:gSystemClock)
                  2000885c    00000004     (.common:g_psGrLibDefaults)
                  20008860    00000002     (.common:Lcd_ScreenHeigth)
                  20008862    00000002     (.common:Lcd_ScreenWidth)
                  20008864    00000002     (.common:Lcd_TouchTrim)
                  20008866    00000001     (.common:Lcd_FlagRead)
                  20008867    00000001     (.common:Lcd_FontSolid)
                  20008868    00000001     (.common:Lcd_Orientation)
                  20008869    00000001     (.common:Lcd_PenSolid)

.stack     0    20008040    00000800     UNINITIALIZED
                  20008040    00000004     rtsv7M4_T_le_v4SPD16_eabi.lib : boot_cortex_m.c.obj (.stack)
                  20008044    000007fc     --HOLE--

MODULE SUMMARY

       Module                                             code    ro data   rw data
       ------                                             ----    -------   -------
    .\
       Crystalfontz128x128_ST7735.obj                     1008    40        32778  
       buttons.obj                                        1086    0         74     
       tm4c1294ncpdt_startup_ccs.obj                      26      520       0      
       main.obj                                           412     0         8      
       HAL_EK_TM4C1294XL_Crystalfontz128x128_ST7735.obj   382     0         0      
       sysctl_pll.obj                                     74      0         0      
    +--+--------------------------------------------------+-------+---------+---------+
       Total:                                             2988    560       32860  
                                                                                   
    C:/ti/tirtos_tivac_2_16_01_14/products/TivaWare_C_Series-2.1.1.71b/driverlib/ccs/Debug/driverlib.lib
       sysctl.obj                                         674     452       0      
       gpio.obj                                           508     144       0      
       interrupt.obj                                      172     268       0      
       adc.obj                                            346     0         0      
       timer.obj                                          160     0         0      
       ssi.obj                                            88      0         0      
       fpu.obj                                            32      0         0      
       cpu.obj                                            24      0         0      
    +--+--------------------------------------------------+-------+---------+---------+
       Total:                                             2004    864       0      
                                                                                   
    C:/ti/tirtos_tivac_2_16_01_14/products/TivaWare_C_Series-2.1.1.71b/grlib/ccs/Debug/grlib.lib
       string.obj                                         1192    0         0      
       fontfixed6x8.obj                                   0       960       0      
       rectangle.obj                                      134     0         0      
       context.obj                                        104     16        4      
       charmap.obj                                        8       0         0      
    +--+--------------------------------------------------+-------+---------+---------+
       Total:                                             1438    976       4      
                                                                                   
    C:\ti\ccs930\ccs\tools\compiler\ti-cgt-arm_18.12.4.LTS\lib\rtsv7M4_T_le_v4SPD16_eabi.lib
       _printfi.c.obj                                     4851    0         0      
       fd_add_t2.asm.obj                                  438     0         0      
       fd_div_t2.asm.obj                                  310     0         0      
       s_scalbn.c.obj                                     272     0         0      
       fd_cmp_t2.asm.obj                                  268     0         0      
       ctype.c.obj                                        0       257       0      
       fd_mul_t2.asm.obj                                  252     0         0      
       memcpy_t2.asm.obj                                  156     0         0      
       ull_div_t2.asm.obj                                 150     0         0      
       snprintf.c.obj                                     148     0         0      
       s_floorf.c.obj                                     128     0         0      
       memset_t2.asm.obj                                  122     0         0      
       s_roundf.c.obj                                     110     0         0      
       copy_decompress_lzss.c.obj                         104     0         0      
       s_frexp.c.obj                                      100     0         0      
       ltoa.c.obj                                         84      0         0      
       atoi.c.obj                                         76      0         0      
       fd_toi_t2.asm.obj                                  72      0         0      
       autoinit.c.obj                                     68      0         0      
       boot_cortex_m.c.obj                                52      0         0      
       i_tofd_t2.asm.obj                                  46      0         0      
       copy_zero_init.c.obj                               28      0         0      
       memccpy.c.obj                                      28      0         0      
       s_copysign.c.obj                                   26      0         0      
       strchr.c.obj                                       22      0         0      
       strlen.c.obj                                       20      0         0      
       wcslen.c.obj                                       18      0         0      
       copy_decompress_none.c.obj                         14      0         0      
       errno.c.obj                                        8       0         4      
       exit.c.obj                                         4       0         0      
       pre_init.c.obj                                     4       0         0      
       div0.asm.obj                                       2       0         0      
    +--+--------------------------------------------------+-------+---------+---------+
       Total:                                             7981    257       4      
                                                                                   
       Stack:                                             0       0         2048   
       Linker Generated:                                  0       56        0      
    +--+--------------------------------------------------+-------+---------+---------+
       Grand Total:                                       14411   2713      34916  


LINKER GENERATED COPY TABLES

__TI_cinit_table @ 000042f8 records: 2, size/record: 8, table size: 16
	.data: load addr=000042d0, load size=00000014 bytes, run addr=20000000, run size=0000803c bytes, compression=lzss
	.bss: load addr=000042f0, load size=00000008 bytes, run addr=20008840, run size=0000002a bytes, compression=zero_init


LINKER GENERATED HANDLER TABLE

__TI_handler_table @ 000042e4 records: 3, size/record: 4, table size: 12
	index: 0, handler: __TI_decompress_lzss
	index: 1, handler: __TI_decompress_none
	index: 2, handler: __TI_zero_init


GLOBAL SYMBOLS: SORTED ALPHABETICALLY BY Name 

address   name                              
-------   ----                              
0000387b  ADCClockConfigSet                 
00003a1d  ADCIntClear                       
0000368d  ADCIntStatus                      
00003893  ADCProcessorTrigger               
00003501  ADCSequenceConfigure              
000037af  ADCSequenceDataGet                
000039cd  ADCSequenceDisable                
000039db  ADCSequenceEnable                 
00002d91  ADCSequenceStepConfigure          
00000f49  ButtonAutoRepeat                  
00000ed9  ButtonDebounce                    
00000fc9  ButtonISR                         
00000d39  ButtonInit                        
00000c59  ButtonReadJoystick                
00003a6d  C$$EXIT                           
00003a05  CPUcpsid                          
00003a11  CPUcpsie                          
000013c1  Crystalfontz128x128_Init          
000010e1  Crystalfontz128x128_SetDrawFrame  
00001099  Crystalfontz128x128_SetOrientation
0000398d  FPUEnable                         
0000399d  FPULazyStackingEnable             
00003717  GPIODirModeSet                    
00002473  GPIOPadConfigSet                  
000033e5  GPIOPinConfigure                  
00001edb  GPIOPinRead                       
00003931  GPIOPinTypeADC                    
00003943  GPIOPinTypeGPIOInput              
000038ab  GPIOPinTypeGPIOOutput             
00003955  GPIOPinTypeSSI                    
0000385b  GPIOPinWrite                      
00003a5d  GrContextFontSet                  
00002f61  GrContextInit                     
000028d5  GrDefaultStringRenderer           
000037cd  GrFontCodepageGet                 
0000378d  GrFontGlyphDataGet                
000016f9  GrFontGlyphRender                 
00003741  GrFontInfoGet                     
00003a3b  GrMapISO8859_1_Unicode            
00002b7d  GrRectFill                        
000038db  GrStringDraw                      
000036bb  GrStringNextCharGet               
00002171  HAL_LCD_PortInit                  
000020e1  HAL_LCD_SpiInit                   
00002091  HAL_LCD_writeCommand              
00002081  HAL_LCD_writeData                 
00002fc9  IntEnable                         
000039ad  IntMasterDisable                  
000039bd  IntMasterEnable                   
00003769  IntPrioritySet                    
20008866  Lcd_FlagRead                      
20008867  Lcd_FontSolid                     
20008868  Lcd_Orientation                   
20008869  Lcd_PenSolid                      
20008860  Lcd_ScreenHeigth                  
20008862  Lcd_ScreenWidth                   
20008864  Lcd_TouchTrim                     
20000000  Lcd_buffer                        
00003861  ResetISR                          
00003a43  SSIBusy                           
0000357d  SSIConfigSetExpClk                
00003a27  SSIDataPut                        
00003a31  SSIEnable                         
00001951  SysCtlClockFreqSet                
00003a63  SysCtlDelay                       
00003399  SysCtlFrequencyGet                
000035f5  SysCtlPeripheralEnable            
000030fd  TimerConfigure                    
00003909  TimerDisable                      
000039e9  TimerEnable                       
0000207d  TimerIntClear                     
00003a4b  TimerIntEnable                    
00003967  TimerLoadSet                      
20008840  __STACK_END                       
00000800  __STACK_SIZE                      
20008240  __STACK_TOP                       
000042f8  __TI_CINIT_Base                   
00004308  __TI_CINIT_Limit                  
000042e4  __TI_Handler_Table_Base           
000042f0  __TI_Handler_Table_Limit          
000034bd  __TI_auto_init_nobinit_nopinit    
00003031  __TI_decompress_lzss              
000039f7  __TI_decompress_none              
ffffffff  __TI_pprof_out_hndl               
00000209  __TI_printfi                      
ffffffff  __TI_prof_data_size               
ffffffff  __TI_prof_data_start              
00000000  __TI_static_base__                
00003809  __TI_zero_init_nomemset           
00002c03  __aeabi_cdcmpeq                   
00002c03  __aeabi_cdcmple                   
00002c89  __aeabi_cdrcmple                  
00003475  __aeabi_d2iz                      
00001d2f  __aeabi_dadd                      
0000233d  __aeabi_ddiv                      
000027d9  __aeabi_dmul                      
00001d25  __aeabi_dsub                      
00003a55  __aeabi_errno_addr                
000036e9  __aeabi_i2d                       
00000c57  __aeabi_idiv0                     
00000c57  __aeabi_ldiv0                     
00002e0b  __aeabi_memclr                    
00002e0b  __aeabi_memclr4                   
00002e0b  __aeabi_memclr8                   
00002a4b  __aeabi_memcpy                    
00002a4b  __aeabi_memcpy4                   
00002a4b  __aeabi_memcpy8                   
00002e0d  __aeabi_memset                    
00002e0d  __aeabi_memset4                   
00002e0d  __aeabi_memset8                   
00002ae7  __aeabi_uldivmod                  
ffffffff  __binit__                         
ffffffff  __c_args__                        
UNDEFED   __mpu_init                        
20008040  __stack                           
00003629  _c_int00_noargs                   
00003e88  _ctypes_                          
UNDEFED   _system_post_cinit                
00003a69  _system_pre_init                  
00003a6d  abort                             
000032b5  atoi                              
ffffffff  binit                             
00003841  copysign                          
00003841  copysignl                         
20008038  errno                             
00002d11  floorf                            
00003099  frexp                             
00003099  frexpl                            
20008854  gADCSamplingRate                  
2000802c  gButtons                          
20008024  gJoystick                         
20008858  gSystemClock                      
20008034  gTime                             
00000000  g_pfnVectors                      
000042b4  g_psDefaultCodePointMapTable      
0000428c  g_sCrystalfontz128x128            
00003f8c  g_sFontFixed6x8                   
000026c9  ldexp                             
000026c9  ldexpl                            
0000320d  ltoa                              
00001ee1  main                              
00003825  memccpy                           
00002a4b  memcpy                            
00002e13  memset                            
00002ef3  roundf                            
000026c9  scalbn                            
000026c9  scalbnl                           
00003301  snprintf                          
000038f1  strchr                            
0000391d  strlen                            
00003979  wcslen                            


GLOBAL SYMBOLS: SORTED BY Symbol Address 

address   name                              
-------   ----                              
00000000  __TI_static_base__                
00000000  g_pfnVectors                      
00000209  __TI_printfi                      
00000800  __STACK_SIZE                      
00000c57  __aeabi_idiv0                     
00000c57  __aeabi_ldiv0                     
00000c59  ButtonReadJoystick                
00000d39  ButtonInit                        
00000ed9  ButtonDebounce                    
00000f49  ButtonAutoRepeat                  
00000fc9  ButtonISR                         
00001099  Crystalfontz128x128_SetOrientation
000010e1  Crystalfontz128x128_SetDrawFrame  
000013c1  Crystalfontz128x128_Init          
000016f9  GrFontGlyphRender                 
00001951  SysCtlClockFreqSet                
00001d25  __aeabi_dsub                      
00001d2f  __aeabi_dadd                      
00001edb  GPIOPinRead                       
00001ee1  main                              
0000207d  TimerIntClear                     
00002081  HAL_LCD_writeData                 
00002091  HAL_LCD_writeCommand              
000020e1  HAL_LCD_SpiInit                   
00002171  HAL_LCD_PortInit                  
0000233d  __aeabi_ddiv                      
00002473  GPIOPadConfigSet                  
000026c9  ldexp                             
000026c9  ldexpl                            
000026c9  scalbn                            
000026c9  scalbnl                           
000027d9  __aeabi_dmul                      
000028d5  GrDefaultStringRenderer           
00002a4b  __aeabi_memcpy                    
00002a4b  __aeabi_memcpy4                   
00002a4b  __aeabi_memcpy8                   
00002a4b  memcpy                            
00002ae7  __aeabi_uldivmod                  
00002b7d  GrRectFill                        
00002c03  __aeabi_cdcmpeq                   
00002c03  __aeabi_cdcmple                   
00002c89  __aeabi_cdrcmple                  
00002d11  floorf                            
00002d91  ADCSequenceStepConfigure          
00002e0b  __aeabi_memclr                    
00002e0b  __aeabi_memclr4                   
00002e0b  __aeabi_memclr8                   
00002e0d  __aeabi_memset                    
00002e0d  __aeabi_memset4                   
00002e0d  __aeabi_memset8                   
00002e13  memset                            
00002ef3  roundf                            
00002f61  GrContextInit                     
00002fc9  IntEnable                         
00003031  __TI_decompress_lzss              
00003099  frexp                             
00003099  frexpl                            
000030fd  TimerConfigure                    
0000320d  ltoa                              
000032b5  atoi                              
00003301  snprintf                          
00003399  SysCtlFrequencyGet                
000033e5  GPIOPinConfigure                  
00003475  __aeabi_d2iz                      
000034bd  __TI_auto_init_nobinit_nopinit    
00003501  ADCSequenceConfigure              
0000357d  SSIConfigSetExpClk                
000035f5  SysCtlPeripheralEnable            
00003629  _c_int00_noargs                   
0000368d  ADCIntStatus                      
000036bb  GrStringNextCharGet               
000036e9  __aeabi_i2d                       
00003717  GPIODirModeSet                    
00003741  GrFontInfoGet                     
00003769  IntPrioritySet                    
0000378d  GrFontGlyphDataGet                
000037af  ADCSequenceDataGet                
000037cd  GrFontCodepageGet                 
00003809  __TI_zero_init_nomemset           
00003825  memccpy                           
00003841  copysign                          
00003841  copysignl                         
0000385b  GPIOPinWrite                      
00003861  ResetISR                          
0000387b  ADCClockConfigSet                 
00003893  ADCProcessorTrigger               
000038ab  GPIOPinTypeGPIOOutput             
000038db  GrStringDraw                      
000038f1  strchr                            
00003909  TimerDisable                      
0000391d  strlen                            
00003931  GPIOPinTypeADC                    
00003943  GPIOPinTypeGPIOInput              
00003955  GPIOPinTypeSSI                    
00003967  TimerLoadSet                      
00003979  wcslen                            
0000398d  FPUEnable                         
0000399d  FPULazyStackingEnable             
000039ad  IntMasterDisable                  
000039bd  IntMasterEnable                   
000039cd  ADCSequenceDisable                
000039db  ADCSequenceEnable                 
000039e9  TimerEnable                       
000039f7  __TI_decompress_none              
00003a05  CPUcpsid                          
00003a11  CPUcpsie                          
00003a1d  ADCIntClear                       
00003a27  SSIDataPut                        
00003a31  SSIEnable                         
00003a3b  GrMapISO8859_1_Unicode            
00003a43  SSIBusy                           
00003a4b  TimerIntEnable                    
00003a55  __aeabi_errno_addr                
00003a5d  GrContextFontSet                  
00003a63  SysCtlDelay                       
00003a69  _system_pre_init                  
00003a6d  C$$EXIT                           
00003a6d  abort                             
00003e88  _ctypes_                          
00003f8c  g_sFontFixed6x8                   
0000428c  g_sCrystalfontz128x128            
000042b4  g_psDefaultCodePointMapTable      
000042e4  __TI_Handler_Table_Base           
000042f0  __TI_Handler_Table_Limit          
000042f8  __TI_CINIT_Base                   
00004308  __TI_CINIT_Limit                  
20000000  Lcd_buffer                        
20008024  gJoystick                         
2000802c  gButtons                          
20008034  gTime                             
20008038  errno                             
20008040  __stack                           
20008240  __STACK_TOP                       
20008840  __STACK_END                       
20008854  gADCSamplingRate                  
20008858  gSystemClock                      
20008860  Lcd_ScreenHeigth                  
20008862  Lcd_ScreenWidth                   
20008864  Lcd_TouchTrim                     
20008866  Lcd_FlagRead                      
20008867  Lcd_FontSolid                     
20008868  Lcd_Orientation                   
20008869  Lcd_PenSolid                      
ffffffff  __TI_pprof_out_hndl               
ffffffff  __TI_prof_data_size               
ffffffff  __TI_prof_data_start              
ffffffff  __binit__                         
ffffffff  __c_args__                        
ffffffff  binit                             
UNDEFED   __mpu_init                        
UNDEFED   _system_post_cinit                

[151 symbols]
