******************************************************************************
                  TI ARM Linker PC v18.12.4                    
******************************************************************************
>> Linked Wed Nov  4 14:53:19 2020

OUTPUT FILE NAME:   <ece3849d20_lab0_ayang.out>
ENTRY POINT SYMBOL: "_c_int00_noargs"  address: 00003739


MEMORY CONFIGURATION

         name            origin    length      used     unused   attr    fill
----------------------  --------  ---------  --------  --------  ----  --------
  FLASH                 00000000   00100000  000044b2  000fbb4e  R  X
  SRAM                  20000000   00040000  00008866  0003779a  RW X


SEGMENT ALLOCATION MAP

run origin  load origin   length   init length attrs members
----------  ----------- ---------- ----------- ----- -------
00000000    00000000    000044b8   000044b8    r-x
  00000000    00000000    00000208   00000208    r-- .intvecs
  00000208    00000208    00003a16   00003a16    r-x .text
  00003c20    00003c20    0000085c   0000085c    r-- .const
  00004480    00004480    00000038   00000038    r-- .cinit
20000000    20000000    0000886a   00000000    rw-
  20000000    20000000    0000803c   00000000    rw- .data
  20008040    20008040    00000800   00000000    rw- .stack
  20008840    20008840    0000002a   00000000    rw- .bss


SECTION ALLOCATION MAP

 output                                  attributes/
section   page    origin      length       input sections
--------  ----  ----------  ----------   ----------------
.intvecs   0    00000000    00000208     
                  00000000    00000208     tm4c1294ncpdt_startup_ccs.obj (.intvecs)

.text      0    00000208    00003a16     
                  00000208    00000a4e     rtsv7M4_T_le_v4SPD16_eabi.lib : _printfi.c.obj (.text:__TI_printfi)
                  00000c56    00000002                                   : div0.asm.obj (.text)
                  00000c58    0000043e     buttons.obj (.text)
                  00001096    00000002     --HOLE-- [fill = 0]
                  00001098    000003f0     Crystalfontz128x128_ST7735.obj (.text)
                  00001488    000002b4     main.obj (.text)
                  0000173c    00000270     rtsv7M4_T_le_v4SPD16_eabi.lib : _printfi.c.obj (.text:_pconv_a)
                  000019ac    00000256     grlib.lib : string.obj (.text:GrFontGlyphRender)
                  00001c02    00000002     --HOLE-- [fill = 0]
                  00001c04    00000204     driverlib.lib : sysctl.obj (.text:SysCtlClockFreqSet)
                  00001e08    000001d0     rtsv7M4_T_le_v4SPD16_eabi.lib : _printfi.c.obj (.text:_pconv_g)
                  00001fd8    000001b6                                   : fd_add_t2.asm.obj (.text)
                  0000218e    00000002     --HOLE-- [fill = 0]
                  00002190    0000017e     HAL_EK_TM4C1294XL_Crystalfontz128x128_ST7735.obj (.text)
                  0000230e    00000002     --HOLE-- [fill = 0]
                  00002310    0000013c     rtsv7M4_T_le_v4SPD16_eabi.lib : _printfi.c.obj (.text:_pconv_e)
                  0000244c    00000136                                   : fd_div_t2.asm.obj (.text)
                  00002582    00000130     driverlib.lib : gpio.obj (.text:GPIOPadConfigSet)
                  000026b2    00000002     --HOLE-- [fill = 0]
                  000026b4    00000124     rtsv7M4_T_le_v4SPD16_eabi.lib : _printfi.c.obj (.text:fcvt)
                  000027d8    00000110                                   : s_scalbn.c.obj (.text:scalbn)
                  000028e8    000000fc                                   : fd_mul_t2.asm.obj (.text)
                  000029e4    000000c4     grlib.lib : string.obj (.text:GrDefaultStringRenderer)
                  00002aa8    000000b1     rtsv7M4_T_le_v4SPD16_eabi.lib : _printfi.c.obj (.text:_ltostr)
                  00002b59    00000001     --HOLE-- [fill = 0]
                  00002b5a    0000009c                                   : memcpy_t2.asm.obj (.text)
                  00002bf6    00000096                                   : ull_div_t2.asm.obj (.text)
                  00002c8c    00000086     grlib.lib : rectangle.obj (.text:GrRectFill)
                  00002d12    00000086     rtsv7M4_T_le_v4SPD16_eabi.lib : fd_cmp_t2.asm.obj (.text:__aeabi_cdcmple)
                  00002d98    00000086                                   : fd_cmp_t2.asm.obj (.text:__aeabi_cdrcmple)
                  00002e1e    00000002     --HOLE-- [fill = 0]
                  00002e20    00000080                                   : s_floorf.c.obj (.text:floorf)
                  00002ea0    0000007a     driverlib.lib : adc.obj (.text:ADCSequenceStepConfigure)
                  00002f1a    0000007a     rtsv7M4_T_le_v4SPD16_eabi.lib : memset_t2.asm.obj (.text)
                  00002f94    0000006e                                   : _printfi.c.obj (.text:_mcpy)
                  00003002    0000006e                                   : s_roundf.c.obj (.text:roundf)
                  00003070    00000068     grlib.lib : context.obj (.text:GrContextInit)
                  000030d8    00000068     driverlib.lib : interrupt.obj (.text:IntEnable)
                  00003140    00000068     rtsv7M4_T_le_v4SPD16_eabi.lib : copy_decompress_lzss.c.obj (.text:decompress:lzss:__TI_decompress_lzss)
                  000031a8    00000064                                   : s_frexp.c.obj (.text:frexp)
                  0000320c    00000060     driverlib.lib : timer.obj (.text:TimerConfigure)
                  0000326c    0000005a     grlib.lib : string.obj (.text:FontWideGlyphDataGet)
                  000032c6    00000056     rtsv7M4_T_le_v4SPD16_eabi.lib : _printfi.c.obj (.text:_pconv_f)
                  0000331c    00000054                                   : ltoa.c.obj (.text:ltoa)
                  00003370    00000052                                   : _printfi.c.obj (.text:_ecpy)
                  000033c2    00000002     --HOLE-- [fill = 0]
                  000033c4    0000004c                                   : atoi.c.obj (.text:atoi)
                  00003410    0000004c                                   : snprintf.c.obj (.text:snprintf)
                  0000345c    0000004a     grlib.lib : string.obj (.text:UpdateContextCharMapping)
                  000034a6    00000002     --HOLE-- [fill = 0]
                  000034a8    0000004a     sysctl_pll.obj (.text)
                  000034f2    00000002     --HOLE-- [fill = 0]
                  000034f4    00000048     driverlib.lib : gpio.obj (.text:GPIOPinConfigure)
                  0000353c    00000048                   : sysctl.obj (.text:_SysCtlFrequencyGet)
                  00003584    00000048     rtsv7M4_T_le_v4SPD16_eabi.lib : fd_toi_t2.asm.obj (.text)
                  000035cc    00000044                                   : autoinit.c.obj (.text:__TI_auto_init_nobinit_nopinit:__TI_auto_init_nobinit_nopinit)
                  00003610    0000003e     driverlib.lib : adc.obj (.text:ADCSequenceConfigure)
                  0000364e    0000003e     rtsv7M4_T_le_v4SPD16_eabi.lib : _printfi.c.obj (.text:_fcpy)
                  0000368c    0000003c     driverlib.lib : ssi.obj (.text:SSIConfigSetExpClk)
                  000036c8    0000003a     grlib.lib : string.obj (.text:FontGlyphDataGet)
                  00003702    00000002     --HOLE-- [fill = 0]
                  00003704    00000034     driverlib.lib : sysctl.obj (.text:SysCtlPeripheralEnable)
                  00003738    00000034     rtsv7M4_T_le_v4SPD16_eabi.lib : boot_cortex_m.c.obj (.text:_c_int00_noargs:_c_int00_noargs)
                  0000376c    00000030                                   : snprintf.c.obj (.text:_outs)
                  0000379c    0000002e     driverlib.lib : adc.obj (.text:ADCIntStatus)
                  000037ca    0000002e     grlib.lib : string.obj (.text:GrStringNextCharGet)
                  000037f8    0000002e     rtsv7M4_T_le_v4SPD16_eabi.lib : i_tofd_t2.asm.obj (.text)
                  00003826    0000002a     driverlib.lib : gpio.obj (.text:GPIODirModeSet)
                  00003850    00000026     grlib.lib : string.obj (.text:GrFontInfoGet)
                  00003876    00000002     --HOLE-- [fill = 0]
                  00003878    00000024     driverlib.lib : interrupt.obj (.text:IntPrioritySet)
                  0000389c    00000022     grlib.lib : string.obj (.text:GrFontGlyphDataGet)
                  000038be    00000022     driverlib.lib : pwm.obj (.text:PWMGenConfigure)
                  000038e0    0000001e                   : adc.obj (.text:ADCSequenceDataGet)
                  000038fe    0000001e     grlib.lib : string.obj (.text:GrFontCodepageGet)
                  0000391c    0000001e     driverlib.lib : pwm.obj (.text:PWMPulseWidthSet)
                  0000393a    00000002     --HOLE-- [fill = 0]
                  0000393c    0000001c                   : sysctl.obj (.text:_SysCtlMemTimingGet)
                  00003958    0000001c     rtsv7M4_T_le_v4SPD16_eabi.lib : copy_zero_init.c.obj (.text:decompress:ZI:__TI_zero_init_nomemset:__TI_zero_init_nomemset)
                  00003974    0000001c                                   : memccpy.c.obj (.text:memccpy)
                  00003990    0000001a                                   : s_copysign.c.obj (.text:copysign)
                  000039aa    00000006     driverlib.lib : gpio.obj (.text:GPIOPinRead)
                  000039b0    0000001a     tm4c1294ncpdt_startup_ccs.obj (.text)
                  000039ca    00000018     driverlib.lib : adc.obj (.text:ADCClockConfigSet)
                  000039e2    00000018                   : adc.obj (.text:ADCProcessorTrigger)
                  000039fa    00000018                   : gpio.obj (.text:GPIOPinTypeGPIOOutput)
                  00003a12    00000018     rtsv7M4_T_le_v4SPD16_eabi.lib : snprintf.c.obj (.text:_outc)
                  00003a2a    00000016     grlib.lib : string.obj (.text:GrStringDraw)
                  00003a40    00000016     rtsv7M4_T_le_v4SPD16_eabi.lib : strchr.c.obj (.text:strchr)
                  00003a56    00000002     --HOLE-- [fill = 0]
                  00003a58    00000014     driverlib.lib : pwm.obj (.text:PWMClockSet)
                  00003a6c    00000014                   : timer.obj (.text:TimerDisable)
                  00003a80    00000014     rtsv7M4_T_le_v4SPD16_eabi.lib : strlen.c.obj (.text:strlen)
                  00003a94    00000012     driverlib.lib : gpio.obj (.text:GPIOPinTypeADC)
                  00003aa6    00000012                   : gpio.obj (.text:GPIOPinTypeGPIOInput)
                  00003ab8    00000012                   : gpio.obj (.text:GPIOPinTypePWM)
                  00003aca    00000012                   : gpio.obj (.text:GPIOPinTypeSSI)
                  00003adc    00000012                   : pwm.obj (.text:PWMOutputState)
                  00003aee    00000012                   : timer.obj (.text:TimerLoadSet)
                  00003b00    00000012     rtsv7M4_T_le_v4SPD16_eabi.lib : wcslen.c.obj (.text:wcslen)
                  00003b12    00000002     --HOLE-- [fill = 0]
                  00003b14    00000010     driverlib.lib : fpu.obj (.text:FPUEnable)
                  00003b24    00000010                   : fpu.obj (.text:FPULazyStackingEnable)
                  00003b34    00000010                   : interrupt.obj (.text:IntMasterDisable)
                  00003b44    00000010                   : interrupt.obj (.text:IntMasterEnable)
                  00003b54    00000010                   : pwm.obj (.text:PWMGenPeriodSet)
                  00003b64    0000000e                   : adc.obj (.text:ADCSequenceDisable)
                  00003b72    0000000e                   : adc.obj (.text:ADCSequenceEnable)
                  00003b80    0000000e                   : timer.obj (.text:TimerEnable)
                  00003b8e    0000000e     rtsv7M4_T_le_v4SPD16_eabi.lib : copy_decompress_none.c.obj (.text:decompress:none:__TI_decompress_none)
                  00003b9c    0000000c     driverlib.lib : cpu.obj (.text:CPUcpsid)
                  00003ba8    0000000c                   : cpu.obj (.text:CPUcpsie)
                  00003bb4    0000000c                   : pwm.obj (.text:PWMGenEnable)
                  00003bc0    0000000a                   : adc.obj (.text:ADCIntClear)
                  00003bca    0000000a                   : ssi.obj (.text:SSIDataPut)
                  00003bd4    0000000a                   : ssi.obj (.text:SSIEnable)
                  00003bde    00000008     grlib.lib : charmap.obj (.text:GrMapISO8859_1_Unicode)
                  00003be6    00000008     driverlib.lib : ssi.obj (.text:SSIBusy)
                  00003bee    00000008                   : timer.obj (.text:TimerIntEnable)
                  00003bf6    00000002     --HOLE-- [fill = 0]
                  00003bf8    00000008     rtsv7M4_T_le_v4SPD16_eabi.lib : errno.c.obj (.text:__aeabi_errno_addr)
                  00003c00    00000006     driverlib.lib : gpio.obj (.text:GPIOPinWrite)
                  00003c06    00000006     grlib.lib : string.obj (.text:GrContextFontSet)
                  00003c0c    00000006     driverlib.lib : sysctl.obj (.text:SysCtlDelay)
                  00003c12    00000004                   : timer.obj (.text:TimerIntClear)
                  00003c16    00000004     rtsv7M4_T_le_v4SPD16_eabi.lib : pre_init.c.obj (.text:_system_pre_init)
                  00003c1a    00000004                                   : exit.c.obj (.text:abort:abort)

.const     0    00003c20    0000085c     
                  00003c20    000002f8     grlib.lib : fontfixed6x8.obj (.const:.string:g_pui8FontFixed6x8Data)
                  00003f18    00000120     driverlib.lib : sysctl.obj (.const:g_pppui32XTALtoVCO)
                  00004038    00000101     rtsv7M4_T_le_v4SPD16_eabi.lib : ctype.c.obj (.const:.string:_ctypes_)
                  00004139    00000003     --HOLE-- [fill = 0]
                  0000413c    000000c8     grlib.lib : fontfixed6x8.obj (.const:g_sFontFixed6x8)
                  00004204    0000009c     driverlib.lib : interrupt.obj (.const:g_pui32Regs)
                  000042a0    00000090                   : gpio.obj (.const:g_pui32GPIOBaseAddrs)
                  00004330    00000070                   : interrupt.obj (.const)
                  000043a0    0000006c                   : sysctl.obj (.const:g_pui32Xtals)
                  0000440c    00000030                   : sysctl.obj (.const:g_sXTALtoMEMTIM)
                  0000443c    00000028     Crystalfontz128x128_ST7735.obj (.const:g_sCrystalfontz128x128)
                  00004464    00000010     grlib.lib : context.obj (.const)
                  00004474    00000008     driverlib.lib : sysctl.obj (.const)

.cinit     0    00004480    00000038     
                  00004480    00000014     (.cinit..data.load) [load image, compression = lzss]
                  00004494    0000000c     (__TI_handler_table)
                  000044a0    00000008     (.cinit..bss.load) [load image, compression = zero_init]
                  000044a8    00000010     (__TI_cinit_table)

.init_array 
*          0    00000000    00000000     UNINITIALIZED

.data      0    20000000    0000803c     UNINITIALIZED
                  20000000    00008000     Crystalfontz128x128_ST7735.obj (.data:Lcd_buffer)
                  20008000    00000024     buttons.obj (.data:count$2)
                  20008024    00000008     buttons.obj (.data:gJoystick)
                  2000802c    00000006     buttons.obj (.data)
                  20008032    00000002     --HOLE--
                  20008034    00000004     main.obj (.data)
                  20008038    00000004     rtsv7M4_T_le_v4SPD16_eabi.lib : errno.c.obj (.data)

.bss       0    20008840    0000002a     UNINITIALIZED
                  20008840    00000014     buttons.obj (.bss:state$1)
                  20008854    00000004     (.common:gADCSamplingRate)
                  20008858    00000004     (.common:gSystemClock)
                  2000885c    00000004     (.common:g_psGrLibDefaults)
                  20008860    00000002     (.common:Lcd_ScreenHeigth)
                  20008862    00000002     (.common:Lcd_ScreenWidth)
                  20008864    00000002     (.common:Lcd_TouchTrim)
                  20008866    00000001     (.common:Lcd_FlagRead)
                  20008867    00000001     (.common:Lcd_FontSolid)
                  20008868    00000001     (.common:Lcd_Orientation)
                  20008869    00000001     (.common:Lcd_PenSolid)

.stack     0    20008040    00000800     UNINITIALIZED
                  20008040    00000004     rtsv7M4_T_le_v4SPD16_eabi.lib : boot_cortex_m.c.obj (.stack)
                  20008044    000007fc     --HOLE--

MODULE SUMMARY

       Module                                             code    ro data   rw data
       ------                                             ----    -------   -------
    .\
       Crystalfontz128x128_ST7735.obj                     1008    40        32778  
       buttons.obj                                        1086    0         74     
       main.obj                                           692     0         8      
       tm4c1294ncpdt_startup_ccs.obj                      26      520       0      
       HAL_EK_TM4C1294XL_Crystalfontz128x128_ST7735.obj   382     0         0      
       sysctl_pll.obj                                     74      0         0      
    +--+--------------------------------------------------+-------+---------+---------+
       Total:                                             3268    560       32860  
                                                                                   
    C:/ti/tirtos_tivac_2_16_01_14/products/TivaWare_C_Series-2.1.1.71b/driverlib/ccs/Debug/driverlib.lib
       sysctl.obj                                         674     452       0      
       gpio.obj                                           526     144       0      
       interrupt.obj                                      172     268       0      
       adc.obj                                            346     0         0      
       timer.obj                                          160     0         0      
       pwm.obj                                            130     0         0      
       ssi.obj                                            88      0         0      
       fpu.obj                                            32      0         0      
       cpu.obj                                            24      0         0      
    +--+--------------------------------------------------+-------+---------+---------+
       Total:                                             2152    864       0      
                                                                                   
    C:/ti/tirtos_tivac_2_16_01_14/products/TivaWare_C_Series-2.1.1.71b/grlib/ccs/Debug/grlib.lib
       string.obj                                         1192    0         0      
       fontfixed6x8.obj                                   0       960       0      
       rectangle.obj                                      134     0         0      
       context.obj                                        104     16        4      
       charmap.obj                                        8       0         0      
    +--+--------------------------------------------------+-------+---------+---------+
       Total:                                             1438    976       4      
                                                                                   
    C:\ti\ccs930\ccs\tools\compiler\ti-cgt-arm_18.12.4.LTS\lib\rtsv7M4_T_le_v4SPD16_eabi.lib
       _printfi.c.obj                                     4851    0         0      
       fd_add_t2.asm.obj                                  438     0         0      
       fd_div_t2.asm.obj                                  310     0         0      
       s_scalbn.c.obj                                     272     0         0      
       fd_cmp_t2.asm.obj                                  268     0         0      
       ctype.c.obj                                        0       257       0      
       fd_mul_t2.asm.obj                                  252     0         0      
       memcpy_t2.asm.obj                                  156     0         0      
       ull_div_t2.asm.obj                                 150     0         0      
       snprintf.c.obj                                     148     0         0      
       s_floorf.c.obj                                     128     0         0      
       memset_t2.asm.obj                                  122     0         0      
       s_roundf.c.obj                                     110     0         0      
       copy_decompress_lzss.c.obj                         104     0         0      
       s_frexp.c.obj                                      100     0         0      
       ltoa.c.obj                                         84      0         0      
       atoi.c.obj                                         76      0         0      
       fd_toi_t2.asm.obj                                  72      0         0      
       autoinit.c.obj                                     68      0         0      
       boot_cortex_m.c.obj                                52      0         0      
       i_tofd_t2.asm.obj                                  46      0         0      
       copy_zero_init.c.obj                               28      0         0      
       memccpy.c.obj                                      28      0         0      
       s_copysign.c.obj                                   26      0         0      
       strchr.c.obj                                       22      0         0      
       strlen.c.obj                                       20      0         0      
       wcslen.c.obj                                       18      0         0      
       copy_decompress_none.c.obj                         14      0         0      
       errno.c.obj                                        8       0         4      
       exit.c.obj                                         4       0         0      
       pre_init.c.obj                                     4       0         0      
       div0.asm.obj                                       2       0         0      
    +--+--------------------------------------------------+-------+---------+---------+
       Total:                                             7981    257       4      
                                                                                   
       Stack:                                             0       0         2048   
       Linker Generated:                                  0       56        0      
    +--+--------------------------------------------------+-------+---------+---------+
       Grand Total:                                       14839   2713      34916  


LINKER GENERATED COPY TABLES

__TI_cinit_table @ 000044a8 records: 2, size/record: 8, table size: 16
	.data: load addr=00004480, load size=00000014 bytes, run addr=20000000, run size=0000803c bytes, compression=lzss
	.bss: load addr=000044a0, load size=00000008 bytes, run addr=20008840, run size=0000002a bytes, compression=zero_init


LINKER GENERATED HANDLER TABLE

__TI_handler_table @ 00004494 records: 3, size/record: 4, table size: 12
	index: 0, handler: __TI_decompress_lzss
	index: 1, handler: __TI_decompress_none
	index: 2, handler: __TI_zero_init


GLOBAL SYMBOLS: SORTED ALPHABETICALLY BY Name 

address   name                              
-------   ----                              
000039cb  ADCClockConfigSet                 
00003bc1  ADCIntClear                       
0000379d  ADCIntStatus                      
000039e3  ADCProcessorTrigger               
00003611  ADCSequenceConfigure              
000038e1  ADCSequenceDataGet                
00003b65  ADCSequenceDisable                
00003b73  ADCSequenceEnable                 
00002ea1  ADCSequenceStepConfigure          
00000f49  ButtonAutoRepeat                  
00000ed9  ButtonDebounce                    
00000fc9  ButtonISR                         
00000d39  ButtonInit                        
00000c59  ButtonReadJoystick                
00003c1b  C$$EXIT                           
00003b9d  CPUcpsid                          
00003ba9  CPUcpsie                          
000013c1  Crystalfontz128x128_Init          
000010e1  Crystalfontz128x128_SetDrawFrame  
00001099  Crystalfontz128x128_SetOrientation
00003b15  FPUEnable                         
00003b25  FPULazyStackingEnable             
00003827  GPIODirModeSet                    
00002583  GPIOPadConfigSet                  
000034f5  GPIOPinConfigure                  
000039ab  GPIOPinRead                       
00003a95  GPIOPinTypeADC                    
00003aa7  GPIOPinTypeGPIOInput              
000039fb  GPIOPinTypeGPIOOutput             
00003ab9  GPIOPinTypePWM                    
00003acb  GPIOPinTypeSSI                    
00003c01  GPIOPinWrite                      
00003c07  GrContextFontSet                  
00003071  GrContextInit                     
000029e5  GrDefaultStringRenderer           
000038ff  GrFontCodepageGet                 
0000389d  GrFontGlyphDataGet                
000019ad  GrFontGlyphRender                 
00003851  GrFontInfoGet                     
00003bdf  GrMapISO8859_1_Unicode            
00002c8d  GrRectFill                        
00003a2b  GrStringDraw                      
000037cb  GrStringNextCharGet               
00002281  HAL_LCD_PortInit                  
000021f1  HAL_LCD_SpiInit                   
000021a1  HAL_LCD_writeCommand              
00002191  HAL_LCD_writeData                 
000030d9  IntEnable                         
00003b35  IntMasterDisable                  
00003b45  IntMasterEnable                   
00003879  IntPrioritySet                    
20008866  Lcd_FlagRead                      
20008867  Lcd_FontSolid                     
20008868  Lcd_Orientation                   
20008869  Lcd_PenSolid                      
20008860  Lcd_ScreenHeigth                  
20008862  Lcd_ScreenWidth                   
20008864  Lcd_TouchTrim                     
20000000  Lcd_buffer                        
00003a59  PWMClockSet                       
000038bf  PWMGenConfigure                   
00003bb5  PWMGenEnable                      
00003b55  PWMGenPeriodSet                   
00003add  PWMOutputState                    
0000391d  PWMPulseWidthSet                  
000039b1  ResetISR                          
00003be7  SSIBusy                           
0000368d  SSIConfigSetExpClk                
00003bcb  SSIDataPut                        
00003bd5  SSIEnable                         
000015f9  SignalInit                        
00001c05  SysCtlClockFreqSet                
00003c0d  SysCtlDelay                       
000034a9  SysCtlFrequencyGet                
00003705  SysCtlPeripheralEnable            
0000320d  TimerConfigure                    
00003a6d  TimerDisable                      
00003b81  TimerEnable                       
00003c13  TimerIntClear                     
00003bef  TimerIntEnable                    
00003aef  TimerLoadSet                      
20008840  __STACK_END                       
00000800  __STACK_SIZE                      
20008240  __STACK_TOP                       
000044a8  __TI_CINIT_Base                   
000044b8  __TI_CINIT_Limit                  
00004494  __TI_Handler_Table_Base           
000044a0  __TI_Handler_Table_Limit          
000035cd  __TI_auto_init_nobinit_nopinit    
00003141  __TI_decompress_lzss              
00003b8f  __TI_decompress_none              
ffffffff  __TI_pprof_out_hndl               
00000209  __TI_printfi                      
ffffffff  __TI_prof_data_size               
ffffffff  __TI_prof_data_start              
00000000  __TI_static_base__                
00003959  __TI_zero_init_nomemset           
00002d13  __aeabi_cdcmpeq                   
00002d13  __aeabi_cdcmple                   
00002d99  __aeabi_cdrcmple                  
00003585  __aeabi_d2iz                      
00001fe3  __aeabi_dadd                      
0000244d  __aeabi_ddiv                      
000028e9  __aeabi_dmul                      
00001fd9  __aeabi_dsub                      
00003bf9  __aeabi_errno_addr                
000037f9  __aeabi_i2d                       
00000c57  __aeabi_idiv0                     
00000c57  __aeabi_ldiv0                     
00002f1b  __aeabi_memclr                    
00002f1b  __aeabi_memclr4                   
00002f1b  __aeabi_memclr8                   
00002b5b  __aeabi_memcpy                    
00002b5b  __aeabi_memcpy4                   
00002b5b  __aeabi_memcpy8                   
00002f1d  __aeabi_memset                    
00002f1d  __aeabi_memset4                   
00002f1d  __aeabi_memset8                   
00002bf7  __aeabi_uldivmod                  
ffffffff  __binit__                         
ffffffff  __c_args__                        
UNDEFED   __mpu_init                        
20008040  __stack                           
00003739  _c_int00_noargs                   
00004038  _ctypes_                          
UNDEFED   _system_post_cinit                
00003c17  _system_pre_init                  
00003c1b  abort                             
000033c5  atoi                              
ffffffff  binit                             
00003991  copysign                          
00003991  copysignl                         
20008038  errno                             
00002e21  floorf                            
000031a9  frexp                             
000031a9  frexpl                            
20008854  gADCSamplingRate                  
2000802c  gButtons                          
20008024  gJoystick                         
20008858  gSystemClock                      
20008034  gTime                             
00000000  g_pfnVectors                      
00004464  g_psDefaultCodePointMapTable      
0000443c  g_sCrystalfontz128x128            
0000413c  g_sFontFixed6x8                   
000027d9  ldexp                             
000027d9  ldexpl                            
0000331d  ltoa                              
00001489  main                              
00003975  memccpy                           
00002b5b  memcpy                            
00002f23  memset                            
00003003  roundf                            
000027d9  scalbn                            
000027d9  scalbnl                           
00003411  snprintf                          
00003a41  strchr                            
00003a81  strlen                            
00003b01  wcslen                            


GLOBAL SYMBOLS: SORTED BY Symbol Address 

address   name                              
-------   ----                              
00000000  __TI_static_base__                
00000000  g_pfnVectors                      
00000209  __TI_printfi                      
00000800  __STACK_SIZE                      
00000c57  __aeabi_idiv0                     
00000c57  __aeabi_ldiv0                     
00000c59  ButtonReadJoystick                
00000d39  ButtonInit                        
00000ed9  ButtonDebounce                    
00000f49  ButtonAutoRepeat                  
00000fc9  ButtonISR                         
00001099  Crystalfontz128x128_SetOrientation
000010e1  Crystalfontz128x128_SetDrawFrame  
000013c1  Crystalfontz128x128_Init          
00001489  main                              
000015f9  SignalInit                        
000019ad  GrFontGlyphRender                 
00001c05  SysCtlClockFreqSet                
00001fd9  __aeabi_dsub                      
00001fe3  __aeabi_dadd                      
00002191  HAL_LCD_writeData                 
000021a1  HAL_LCD_writeCommand              
000021f1  HAL_LCD_SpiInit                   
00002281  HAL_LCD_PortInit                  
0000244d  __aeabi_ddiv                      
00002583  GPIOPadConfigSet                  
000027d9  ldexp                             
000027d9  ldexpl                            
000027d9  scalbn                            
000027d9  scalbnl                           
000028e9  __aeabi_dmul                      
000029e5  GrDefaultStringRenderer           
00002b5b  __aeabi_memcpy                    
00002b5b  __aeabi_memcpy4                   
00002b5b  __aeabi_memcpy8                   
00002b5b  memcpy                            
00002bf7  __aeabi_uldivmod                  
00002c8d  GrRectFill                        
00002d13  __aeabi_cdcmpeq                   
00002d13  __aeabi_cdcmple                   
00002d99  __aeabi_cdrcmple                  
00002e21  floorf                            
00002ea1  ADCSequenceStepConfigure          
00002f1b  __aeabi_memclr                    
00002f1b  __aeabi_memclr4                   
00002f1b  __aeabi_memclr8                   
00002f1d  __aeabi_memset                    
00002f1d  __aeabi_memset4                   
00002f1d  __aeabi_memset8                   
00002f23  memset                            
00003003  roundf                            
00003071  GrContextInit                     
000030d9  IntEnable                         
00003141  __TI_decompress_lzss              
000031a9  frexp                             
000031a9  frexpl                            
0000320d  TimerConfigure                    
0000331d  ltoa                              
000033c5  atoi                              
00003411  snprintf                          
000034a9  SysCtlFrequencyGet                
000034f5  GPIOPinConfigure                  
00003585  __aeabi_d2iz                      
000035cd  __TI_auto_init_nobinit_nopinit    
00003611  ADCSequenceConfigure              
0000368d  SSIConfigSetExpClk                
00003705  SysCtlPeripheralEnable            
00003739  _c_int00_noargs                   
0000379d  ADCIntStatus                      
000037cb  GrStringNextCharGet               
000037f9  __aeabi_i2d                       
00003827  GPIODirModeSet                    
00003851  GrFontInfoGet                     
00003879  IntPrioritySet                    
0000389d  GrFontGlyphDataGet                
000038bf  PWMGenConfigure                   
000038e1  ADCSequenceDataGet                
000038ff  GrFontCodepageGet                 
0000391d  PWMPulseWidthSet                  
00003959  __TI_zero_init_nomemset           
00003975  memccpy                           
00003991  copysign                          
00003991  copysignl                         
000039ab  GPIOPinRead                       
000039b1  ResetISR                          
000039cb  ADCClockConfigSet                 
000039e3  ADCProcessorTrigger               
000039fb  GPIOPinTypeGPIOOutput             
00003a2b  GrStringDraw                      
00003a41  strchr                            
00003a59  PWMClockSet                       
00003a6d  TimerDisable                      
00003a81  strlen                            
00003a95  GPIOPinTypeADC                    
00003aa7  GPIOPinTypeGPIOInput              
00003ab9  GPIOPinTypePWM                    
00003acb  GPIOPinTypeSSI                    
00003add  PWMOutputState                    
00003aef  TimerLoadSet                      
00003b01  wcslen                            
00003b15  FPUEnable                         
00003b25  FPULazyStackingEnable             
00003b35  IntMasterDisable                  
00003b45  IntMasterEnable                   
00003b55  PWMGenPeriodSet                   
00003b65  ADCSequenceDisable                
00003b73  ADCSequenceEnable                 
00003b81  TimerEnable                       
00003b8f  __TI_decompress_none              
00003b9d  CPUcpsid                          
00003ba9  CPUcpsie                          
00003bb5  PWMGenEnable                      
00003bc1  ADCIntClear                       
00003bcb  SSIDataPut                        
00003bd5  SSIEnable                         
00003bdf  GrMapISO8859_1_Unicode            
00003be7  SSIBusy                           
00003bef  TimerIntEnable                    
00003bf9  __aeabi_errno_addr                
00003c01  GPIOPinWrite                      
00003c07  GrContextFontSet                  
00003c0d  SysCtlDelay                       
00003c13  TimerIntClear                     
00003c17  _system_pre_init                  
00003c1b  C$$EXIT                           
00003c1b  abort                             
00004038  _ctypes_                          
0000413c  g_sFontFixed6x8                   
0000443c  g_sCrystalfontz128x128            
00004464  g_psDefaultCodePointMapTable      
00004494  __TI_Handler_Table_Base           
000044a0  __TI_Handler_Table_Limit          
000044a8  __TI_CINIT_Base                   
000044b8  __TI_CINIT_Limit                  
20000000  Lcd_buffer                        
20008024  gJoystick                         
2000802c  gButtons                          
20008034  gTime                             
20008038  errno                             
20008040  __stack                           
20008240  __STACK_TOP                       
20008840  __STACK_END                       
20008854  gADCSamplingRate                  
20008858  gSystemClock                      
20008860  Lcd_ScreenHeigth                  
20008862  Lcd_ScreenWidth                   
20008864  Lcd_TouchTrim                     
20008866  Lcd_FlagRead                      
20008867  Lcd_FontSolid                     
20008868  Lcd_Orientation                   
20008869  Lcd_PenSolid                      
ffffffff  __TI_pprof_out_hndl               
ffffffff  __TI_prof_data_size               
ffffffff  __TI_prof_data_start              
ffffffff  __binit__                         
ffffffff  __c_args__                        
ffffffff  binit                             
UNDEFED   __mpu_init                        
UNDEFED   _system_post_cinit                

[159 symbols]
