******************************************************************************
                  TI ARM Linker PC v18.12.4                    
******************************************************************************
>> Linked Tue Nov 24 15:15:45 2020

OUTPUT FILE NAME:   <ece3849d20_lab2_ayang_plam.out>
ENTRY POINT SYMBOL: "_c_int00"  address: 00007419


MEMORY CONFIGURATION

         name            origin    length      used     unused   attr    fill
----------------------  --------  ---------  --------  --------  ----  --------
  FLASH                 00000000   00100000  0000bef2  000f410e  R  X
  SRAM                  20000000   00040000  0001346a  0002cb96  RW X


SEGMENT ALLOCATION MAP

run origin  load origin   length   init length attrs members
----------  ----------- ---------- ----------- ----- -------
00000000    00000000    0000bf00   0000bf00    r-x
  00000000    00000000    0000003c   0000003c    r-- .resetVecs
  00000040    00000040    0000954a   0000954a    r-x .text
  00009590    00009590    0000268c   0000268c    r-- .const
  0000bc20    0000bc20    000002e0   000002e0    r-- .cinit
20000000    20000000    00013470   00000000    rw-
  20000000    20000000    00000360   00000000    rw- .vecs
  20000360    20000360    0000a74e   00000000    rw- .bss
  2000aab0    2000aab0    000086bc   00000000    rw- .data
  20013170    20013170    00000300   00000000    rw- .stack


SECTION ALLOCATION MAP

 output                                  attributes/
section   page    origin      length       input sections
--------  ----  ----------  ----------   ----------------
.text      0    00000040    0000954a     
                  00000040    00000738     rtsv7M4_T_le_v4SPD16_eabi.lib : k_rem_pio2.c.obj (.text:__kernel_rem_pio2)
                  00000778    000005dc                                   : s_cos.c.obj (.text:cos)
                  00000d54    000005c4                                   : s_sin.c.obj (.text:sin)
                  00001318    00000430     sysbios.aem4f : BIOS.obj (.text:ti_sysbios_family_arm_m3_Hwi_excDumpRegs__I)
                  00001748    0000034c     ti.targets.arm.rtsarm.aem4f : System.oem4f (.text:xdc_runtime_System_doPrint__I)
                  00001a94    00000004     rtsv7M4_T_le_v4SPD16_eabi.lib : exit.c.obj (.text:abort:abort)
                  00001a98    000002e0     main.obj (.text:displayTask)
                  00001d78    000002a4     sysbios.aem4f : BIOS.obj (.text:ti_sysbios_knl_Semaphore_pend__E)
                  0000201c    00000004                   : BIOS.obj (.text:ti_sysbios_family_arm_lm4_Timer_masterEnable__I)
                  00002020    0000028e     kiss_fft.obj (.text:kf_bfly5)
                  000022ae    00000002     rtsv7M4_T_le_v4SPD16_eabi.lib : _lock.c.obj (.text:_nop)
                  000022b0    0000026c     sysbios.aem4f : BIOS.obj (.text:ti_sysbios_heaps_HeapMem_free__E)
                  0000251c    00000256     grlib.lib : string.obj (.text:GrFontGlyphRender)
                  00002772    00000006     driverlib.lib : gpio.obj (.text:GPIOPinRead)
                  00002778    00000250     sysbios.aem4f : BIOS.obj (.text:ti_sysbios_heaps_HeapMem_alloc__E)
                  000029c8    00000204     Boot.aem4f : Boot_sysctl.oem4f (.text:ti_catalog_arm_cortexm4_tiva_ce_Boot_sysCtlClockFreqSetI__I)
                  00002bcc    00000004     ti.targets.arm.rtsarm.aem4f : Error.oem4f (.text:xdc_runtime_Error_getSite__E)
                  00002bd0    000001f4     sysbios.aem4f : BIOS.obj (.text:ti_sysbios_family_arm_m3_Hwi_excHandlerMax__I)
                  00002dc4    00000004     ti.targets.arm.rtsarm.aem4f : System.oem4f (.text:xdc_runtime_System_aprintf_va__F)
                  00002dc8    000001f0     kiss_fft.obj (.text:kf_bfly4)
                  00002fb8    000001b6     rtsv7M4_T_le_v4SPD16_eabi.lib : fd_add_t2.asm.obj (.text)
                  0000316e    00000002                                   : div0.asm.obj (.text)
                  00003170    000001b4     kiss_fft.obj (.text:kf_bfly3)
                  00003324    00000174     rtsv7M4_T_le_v4SPD16_eabi.lib : k_sin.c.obj (.text:__kernel_sin)
                  00003498    00000174     main.obj (.text:processingTask)
                  0000360c    00000004     ti.targets.arm.rtsarm.aem4f : System.oem4f (.text:xdc_runtime_System_printf_va__F)
                  00003610    00000174     sysbios.aem4f : BIOS.obj (.text:ti_sysbios_family_arm_m3_Hwi_excBusFault__I)
                  00003784    0000016c     rtsv7M4_T_le_v4SPD16_eabi.lib : k_cos.c.obj (.text:__kernel_cos)
                  000038f0    00000164     sysbios.aem4f : BIOS.obj (.text:ti_sysbios_family_arm_m3_Hwi_excUsageFault__I)
                  00003a54    0000015c     rtsv7M4_T_le_v4SPD16_eabi.lib : e_log10f.c.obj (.text:log10f)
                  00003bb0    00000158                                   : e_sqrt.c.obj (.text:sqrt)
                  00003d08    00000148     sysbios.aem4f : BIOS.obj (.text:ti_sysbios_family_arm_m3_Hwi_excMemFault__I)
                  00003e50    0000013c                   : BIOS.obj (.text:ti_sysbios_heaps_HeapMem_Instance_init__E)
                  00003f8c    00000004     --HOLE-- [fill = 0]
                  00003f90    00000138     buttons.obj (.text:ButtonInit)
                  000040c8    00000136     rtsv7M4_T_le_v4SPD16_eabi.lib : fd_div_t2.asm.obj (.text)
                  000041fe    00000130     driverlib.lib : gpio.obj (.text:GPIOPadConfigSet)
                  0000432e    00000002     --HOLE-- [fill = 0]
                  00004330    00000118     ti.targets.arm.rtsarm.aem4f : Error.oem4f (.text:xdc_runtime_Error_policyDefault__E)
                  00004448    00000110     rtsv7M4_T_le_v4SPD16_eabi.lib : s_scalbn.c.obj (.text:scalbn)
                  00004558    00000108     main.obj (.text:SignalInit)
                  00004660    00000108     sysbios.aem4f : BIOS.obj (.text:ti_sysbios_family_arm_lm4_Timer_start__E)
                  00004768    00000106     grlib.lib : line.obj (.text:GrLineDraw)
                  0000486e    00000002     --HOLE-- [fill = 0]
                  00004870    00000100     ti.targets.arm.rtsarm.aem4f : Core-mem.oem4f (.text:xdc_runtime_Core_createObject__I)
                  00004970    000000fc     kiss_fft.obj (.text:kf_bfly_generic)
                  00004a6c    000000fc     rtsv7M4_T_le_v4SPD16_eabi.lib : fd_mul_t2.asm.obj (.text)
                  00004b68    000000fc     rtos_pem4f.oem4f (.text:xdc_runtime_System_printfExtend__I)
                  00004c64    000000f8     rtsv7M4_T_le_v4SPD16_eabi.lib : s_floor.c.obj (.text:floor)
                  00004d5c    000000f8     ti.targets.arm.rtsarm.aem4f : Startup.oem4f (.text:xdc_runtime_Startup_startMods__I)
                  00004e54    000000f4     sysbios.aem4f : m3_Hwi_asm.obj (.text:ti_sysbios_family_arm_m3_Hwi_dispatch__I)
                  00004f48    000000ec                   : BIOS.obj (.text:ti_sysbios_knl_Semaphore_post__E)
                  00005034    00000004     --HOLE-- [fill = 0]
                  00005038    000000e8     main.obj (.text:buttonTask)
                  00005120    000000e2     kiss_fft.obj (.text:kf_work)
                  00005202    00000006     driverlib.lib : gpio.obj (.text:GPIOPinWrite)
                  00005208    000000dc     Crystalfontz128x128_ST7735.obj (.text:Crystalfontz128x128_PixelDrawMultiple)
                  000052e4    00000004     --HOLE-- [fill = 0]
                  000052e8    000000d4     buttons.obj (.text:ButtonReadJoystick)
                  000053bc    00000004     --HOLE-- [fill = 0]
                  000053c0    000000cc     kiss_fft.obj (.text:kiss_fft_alloc)
                  0000548c    000000cc     ti.targets.arm.rtsarm.aem4f : Core-smem.oem4f (.text:xdc_runtime_Core_constructObject__I)
                  00005558    000000c4     grlib.lib : string.obj (.text:GrDefaultStringRenderer)
                  0000561c    000000c0               : line.obj (.text:GrLineClip)
                  000056dc    00000004     --HOLE-- [fill = 0]
                  000056e0    000000bc     Crystalfontz128x128_ST7735.obj (.text:Crystalfontz128x128_Init)
                  0000579c    00000004     --HOLE-- [fill = 0]
                  000057a0    000000bc     sysbios.aem4f : BIOS.obj (.text:ti_sysbios_family_arm_m3_Hwi_excDebugMon__I)
                  0000585c    00000004     --HOLE-- [fill = 0]
                  00005860    000000bc                   : BIOS.obj (.text:ti_sysbios_family_arm_m3_Hwi_excHardFault__I)
                  0000591c    00000004     --HOLE-- [fill = 0]
                  00005920    000000b4                   : BIOS.obj (.text:ti_sysbios_gates_GateMutex_enter__E)
                  000059d4    00000004     --HOLE-- [fill = 0]
                  000059d8    000000b4                   : BIOS.obj (.text:ti_sysbios_knl_Task_checkStacks__E)
                  00005a8c    00000004     --HOLE-- [fill = 0]
                  00005a90    000000ac                   : BIOS.obj (.text:ti_sysbios_family_arm_lm4_Timer_enableTiva__I)
                  00005b3c    00000004     --HOLE-- [fill = 0]
                  00005b40    000000ac     main.obj (.text:userInputTask)
                  00005bec    00000004     --HOLE-- [fill = 0]
                  00005bf0    000000a8     main.obj (.text:waveformTask)
                  00005c98    000000a0     auto_init.aem4f : auto_init.oem4f (.text)
                  00005d38    000000a0     ti.targets.arm.rtsarm.aem4f : Text.oem4f (.text:xdc_runtime_Text_putMod__E)
                  00005dd8    0000009c     Crystalfontz128x128_ST7735.obj (.text:Crystalfontz128x128_SetDrawFrame)
                  00005e74    0000009c     rtsv7M4_T_le_v4SPD16_eabi.lib : memcpy_t2.asm.obj (.text)
                  00005f10    0000009c     sysbios.aem4f : BIOS.obj (.text:ti_sysbios_knl_Semaphore_Instance_init__E)
                  00005fac    0000009a     ti.targets.arm.rtsarm.aem4f : Text.oem4f (.text:xdc_runtime_Text_putSite__E)
                  00006046    00000002     --HOLE-- [fill = 0]
                  00006048    00000098     Boot.aem4f : Boot.oem4f (.text:ti_catalog_arm_cortexm4_tiva_ce_Boot_sysCtlClockFreqSet__E)
                  000060e0    00000094     sampling.obj (.text:ADCInit)
                  00006174    00000004     --HOLE-- [fill = 0]
                  00006178    00000094     sysbios.aem4f : BIOS.obj (.text:ti_sysbios_family_arm_m3_Hwi_initNVIC__E)
                  0000620c    0000008c                   : m3_TaskSupport_asm.obj (.text:ti_sysbios_family_arm_m3_TaskSupport_buildTaskStack)
                  00006298    0000008c                   : BIOS.obj (.text:ti_sysbios_knl_Task_postInit__I)
                  00006324    00000004     --HOLE-- [fill = 0]
                  00006328    00000088                   : BIOS.obj (.text:ti_sysbios_knl_Mailbox_post__E)
                  000063b0    00000086     grlib.lib : rectangle.obj (.text:GrRectFill)
                  00006436    00000086     rtsv7M4_T_le_v4SPD16_eabi.lib : fd_cmp_t2.asm.obj (.text:__aeabi_cdcmple)
                  000064bc    00000086                                   : fd_cmp_t2.asm.obj (.text:__aeabi_cdrcmple)
                  00006542    00000006     grlib.lib : string.obj (.text:GrContextFontSet)
                  00006548    00000084     sysbios.aem4f : BIOS.obj (.text:ti_sysbios_family_arm_m3_Hwi_postInit__I)
                  000065cc    00000004     --HOLE-- [fill = 0]
                  000065d0    00000080     Crystalfontz128x128_ST7735.obj (.text:Crystalfontz128x128_RectFill)
                  00006650    00000080     rtsv7M4_T_le_v4SPD16_eabi.lib : s_floorf.c.obj (.text:floorf)
                  000066d0    00000080     kiss_fft.obj (.text:kf_bfly2)
                  00006750    0000007a     driverlib.lib : adc.obj (.text:ADCSequenceStepConfigure)
                  000067ca    0000007a     rtsv7M4_T_le_v4SPD16_eabi.lib : memset_t2.asm.obj (.text)
                  00006844    00000004     --HOLE-- [fill = 0]
                  00006848    00000078     HAL_EK_TM4C1294XL_Crystalfontz128x128_ST7735.obj (.text:HAL_LCD_PortInit)
                  000068c0    00000078     HAL_EK_TM4C1294XL_Crystalfontz128x128_ST7735.obj (.text:HAL_LCD_SpiInit)
                  00006938    00000074     sysbios.aem4f : BIOS.obj (.text:ti_sysbios_knl_Mailbox_pend__E)
                  000069ac    00000004     --HOLE-- [fill = 0]
                  000069b0    00000070                   : BIOS.obj (.text:ti_sysbios_knl_Clock_workFunc__E)
                  00006a20    00000070                   : BIOS.obj (.text:ti_sysbios_knl_Task_exit__E)
                  00006a90    0000006e     rtsv7M4_T_le_v4SPD16_eabi.lib : s_roundf.c.obj (.text:roundf)
                  00006afe    0000006e                                   : fd_tos_t2.asm.obj (.text)
                  00006b6c    0000006d     ti.targets.arm.rtsarm.aem4f : System.oem4f (.text:xdc_runtime_System_formatNum__I)
                  00006bd9    00000001     --HOLE-- [fill = 0]
                  00006bda    00000006     driverlib.lib : sysctl.obj (.text:SysCtlDelay)
                  00006be0    0000006c     kiss_fft.obj (.text:kf_factor)
                  00006c4c    00000004     --HOLE-- [fill = 0]
                  00006c50    0000006c     sysbios.aem4f : BIOS.obj (.text:ti_sysbios_knl_Swi_restoreHwi__E)
                  00006cbc    0000006c     ti.targets.arm.rtsarm.aem4f : Error.oem4f (.text:xdc_runtime_Error_print__E)
                  00006d28    0000006c                                 : Memory.oem4f (.text:xdc_runtime_Memory_alloc__E)
                  00006d94    00000068     grlib.lib : context.obj (.text:GrContextInit)
                  00006dfc    00000068     rtsv7M4_T_le_v4SPD16_eabi.lib : copy_decompress_lzss.c.obj (.text:decompress:lzss:__TI_decompress_lzss)
                  00006e64    00000004     --HOLE-- [fill = 0]
                  00006e68    00000068     sysbios.aem4f : BIOS.obj (.text:ti_sysbios_family_arm_lm4_TimestampProvider_initTimerHandle__I)
                  00006ed0    00000066     ti.targets.arm.rtsarm.aem4f : Core-mem.oem4f (.text:xdc_runtime_Core_deleteObject__I)
                  00006f36    00000002     --HOLE-- [fill = 0]
                  00006f38    00000064     sysbios.aem4f : BIOS.obj (.text:ti_sysbios_family_arm_lm4_Timer_Module_startup__E)
                  00006f9c    00000004     --HOLE-- [fill = 0]
                  00006fa0    00000064                   : BIOS.obj (.text:ti_sysbios_family_arm_m3_Hwi_dispatchC__I)
                  00007004    00000004     --HOLE-- [fill = 0]
                  00007008    00000060     buttons.obj (.text:ButtonDebounce)
                  00007068    00000060     driverlib.lib : timer.obj (.text:TimerConfigure)
                  000070c8    00000060     sysbios.aem4f : BIOS.obj (.text:ti_sysbios_knl_Task_schedule__I)
                  00007128    0000005c     kiss_fft.obj (.text:kiss_fft_stride)
                  00007184    00000004     --HOLE-- [fill = 0]
                  00007188    0000005c     sysbios.aem4f : BIOS.obj (.text:ti_sysbios_knl_Swi_run__I)
                  000071e4    00000004     --HOLE-- [fill = 0]
                  000071e8    0000005c                   : BIOS.obj (.text:ti_sysbios_knl_Swi_schedule__I)
                  00007244    00000004     --HOLE-- [fill = 0]
                  00007248    0000005c                   : BIOS.obj (.text:ti_sysbios_knl_Task_Module_startup__E)
                  000072a4    00000004     --HOLE-- [fill = 0]
                  000072a8    0000005c                   : BIOS.obj (.text:ti_sysbios_knl_Task_startCore__E)
                  00007304    0000005b     ti.targets.arm.rtsarm.aem4f : Text.oem4f (.text:xdc_runtime_Text_putLab__E)
                  0000735f    00000001     --HOLE-- [fill = 0]
                  00007360    0000005a     grlib.lib : string.obj (.text:FontWideGlyphDataGet)
                  000073ba    00000006     ti.targets.arm.rtsarm.aem4f : System.oem4f (.text:xdc_runtime_System_Module_startup__E)
                  000073c0    00000058     buttons.obj (.text:ButtonAutoRepeat)
                  00007418    00000058     boot.aem4f : boot.oem4f (.text)
                  00007470    00000058     rtsv7M4_T_le_v4SPD16_eabi.lib : hostwrite.c.obj (.text:HOSTwrite)
                  000074c8    00000058     sysbios.aem4f : m3_Hwi_asm_switch.obj (.text:ti_sysbios_family_arm_m3_Hwi_initStacks__E)
                  00007520    00000054                   : BIOS.obj (.text:ti_sysbios_family_arm_lm4_Timer_initDevice__I)
                  00007574    00000054     ti.targets.arm.rtsarm.aem4f : Assert.oem4f (.text:xdc_runtime_Assert_raise__I)
                  000075c8    00000050     Boot.aem4f : Boot_sysctl.oem4f (.text:_SysCtlFrequencyGet)
                  00007618    00000050     sysbios.aem4f : BIOS.obj (.text:ti_sysbios_family_arm_m3_Hwi_Module_startup__E)
                  00007668    00000050     ti.targets.arm.rtsarm.aem4f : Startup.oem4f (.text:xdc_runtime_Startup_exec__E)
                  000076b8    00000050                                 : Text.oem4f (.text:xdc_runtime_Text_visitRope2__I)
                  00007708    0000004c     sampling.obj (.text:FallingTrigger)
                  00007754    00000004     --HOLE-- [fill = 0]
                  00007758    0000004c     sampling.obj (.text:RisingTrigger)
                  000077a4    0000004c     rtsv7M4_T_le_v4SPD16_eabi.lib : cpy_tbl.c.obj (.text:copy_in)
                  000077f0    0000004c     sysbios.aem4f : BIOS.obj (.text:ti_sysbios_heaps_HeapMem_getStats__E)
                  0000783c    00000004     --HOLE-- [fill = 0]
                  00007840    0000004c                   : BIOS.obj (.text:ti_sysbios_knl_Swi_runLoop__I)
                  0000788c    00000004     --HOLE-- [fill = 0]
                  00007890    0000004c                   : BIOS.obj (.text:ti_sysbios_knl_Task_allBlockedFunction__I)
                  000078dc    0000004a     grlib.lib : string.obj (.text:UpdateContextCharMapping)
                  00007926    00000002     --HOLE-- [fill = 0]
                  00007928    00000048     driverlib.lib : gpio.obj (.text:GPIOPinConfigure)
                  00007970    00000048     HAL_EK_TM4C1294XL_Crystalfontz128x128_ST7735.obj (.text:HAL_LCD_writeCommand)
                  000079b8    00000048     sysctl_pll.obj (.text:SysCtlFrequencyGet)
                  00007a00    00000048     rtsv7M4_T_le_v4SPD16_eabi.lib : fd_toi_t2.asm.obj (.text)
                  00007a48    00000048     sysbios.aem4f : BIOS.obj (.text:ti_sysbios_family_arm_lm4_Timer_enableTimers__I)
                  00007a90    00000048                   : BIOS.obj (.text:ti_sysbios_family_arm_m3_Hwi_disableInterrupt__E)
                  00007ad8    00000048                   : BIOS.obj (.text:ti_sysbios_family_arm_m3_Hwi_enableInterrupt__E)
                  00007b20    00000048                   : BIOS.obj (.text:ti_sysbios_family_arm_m3_Hwi_excReserved__I)
                  00007b68    00000048                   : BIOS.obj (.text:ti_sysbios_knl_Mailbox_Module_startup__E)
                  00007bb0    00000046     grlib.lib : line.obj (.text:GrLineDrawH)
                  00007bf6    00000046               : line.obj (.text:GrLineDrawV)
                  00007c3c    00000046     ti.targets.arm.rtsarm.aem4f : Core-params.oem4f (.text:xdc_runtime_Core_assignParams__I)
                  00007c82    00000006     --HOLE-- [fill = 0]
                  00007c88    00000044     sampling.obj (.text:ADC_ISR)
                  00007ccc    00000004     --HOLE-- [fill = 0]
                  00007cd0    00000044     Crystalfontz128x128_ST7735.obj (.text:Crystalfontz128x128_SetOrientation)
                  00007d14    00000004     --HOLE-- [fill = 0]
                  00007d18    00000044     main.obj (.text:main)
                  00007d5c    00000004     --HOLE-- [fill = 0]
                  00007d60    00000044     sysbios.aem4f : BIOS.obj (.text:ti_sysbios_family_arm_lm4_Timer_isrStub__E)
                  00007da4    00000004     --HOLE-- [fill = 0]
                  00007da8    00000044                   : BIOS.obj (.text:ti_sysbios_family_arm_m3_Hwi_getStackInfo__E)
                  00007dec    00000004     --HOLE-- [fill = 0]
                  00007df0    00000044                   : BIOS.obj (.text:ti_sysbios_knl_Swi_post__E)
                  00007e34    00000044     ti.targets.arm.rtsarm.aem4f : Error.oem4f (.text:xdc_runtime_Error_setX__E)
                  00007e78    00000044                                 : SysMin.oem4f (.text:xdc_runtime_SysMin_flush__E)
                  00007ebc    00000044                                 : Text.oem4f (.text:xdc_runtime_Text_xprintf__I)
                  00007f00    00000040     Crystalfontz128x128_ST7735.obj (.text:Crystalfontz128x128_LineDrawH)
                  00007f40    00000040     rtsv7M4_T_le_v4SPD16_eabi.lib : u_divt2.asm.obj (.text)
                  00007f80    00000040     sysbios.aem4f : BIOS.obj (.text:ti_sysbios_family_arm_lm4_Timer_startup__E)
                  00007fc0    0000003e     driverlib.lib : adc.obj (.text:ADCSequenceConfigure)
                  00007ffe    0000003c                   : ssi.obj (.text:SSIConfigSetExpClk)
                  0000803a    00000006     --HOLE-- [fill = 0]
                  00008040    0000003c     sysbios.aem4f : BIOS.obj (.text:ti_sysbios_family_arm_m3_Hwi_excSvCall__I)
                  0000807c    00000004     --HOLE-- [fill = 0]
                  00008080    0000003c                   : BIOS.obj (.text:ti_sysbios_heaps_HeapMem_init__I)
                  000080bc    00000004     --HOLE-- [fill = 0]
                  000080c0    0000003c                   : BIOS.obj (.text:ti_sysbios_knl_Swi_restore__E)
                  000080fc    0000003a     grlib.lib : string.obj (.text:FontGlyphDataGet)
                  00008136    00000002     --HOLE-- [fill = 0]
                  00008138    00000038     Crystalfontz128x128_ST7735.obj (.text:Crystalfontz128x128_Flush)
                  00008170    00000038     rtsv7M4_T_le_v4SPD16_eabi.lib : trgmsg.c.obj (.text:__TI_writemsg)
                  000081a8    00000038                                   : fs_tod_t2.asm.obj (.text)
                  000081e0    00000038     sysbios.aem4f : BIOS.obj (.text:ti_sysbios_family_arm_m3_Hwi_excNoIsr__I)
                  00008218    00000038                   : BIOS.obj (.text:ti_sysbios_knl_Task_processVitalTaskFlag__I)
                  00008250    00000038     ti.targets.arm.rtsarm.aem4f : SysMin.oem4f (.text:xdc_runtime_SysMin_putch__E)
                  00008288    00000038                                 : System.oem4f (.text:xdc_runtime_System_atexit__E)
                  000082c0    00000036     grlib.lib : line.obj (.text:GrClipCodeGet)
                  000082f6    00000002     --HOLE-- [fill = 0]
                  000082f8    00000034     driverlib.lib : sysctl.obj (.text:SysCtlPeripheralEnable)
                  0000832c    00000034     rtsv7M4_T_le_v4SPD16_eabi.lib : trgmsg.c.obj (.text:__TI_readmsg)
                  00008360    00000034     sysbios.aem4f : BIOS.obj (.text:ti_sysbios_family_arm_m3_Hwi_excNmi__I)
                  00008394    00000004     --HOLE-- [fill = 0]
                  00008398    00000034                   : BIOS.obj (.text:ti_sysbios_hal_Hwi_checkStack)
                  000083cc    00000034     ti.targets.arm.rtsarm.aem4f : Core-label.oem4f (.text:xdc_runtime_Core_assignLabel__I)
                  00008400    00000033                                 : Text.oem4f (.text:xdc_runtime_Text_printVisFxn__I)
                  00008433    00000005     --HOLE-- [fill = 0]
                  00008438    00000032     sysbios.aem4f : BIOS.obj (.text:ti_sysbios_hal_Hwi_initStack)
                  0000846a    00000006     --HOLE-- [fill = 0]
                  00008470    00000030     rtos_pem4f.oem4f (.text:ti_sysbios_BIOS_atExitFunc__I)
                  000084a0    00000030     sysbios.aem4f : BIOS.obj (.text:ti_sysbios_family_arm_lm4_Timer_stop__E)
                  000084d0    00000030                   : BIOS.obj (.text:ti_sysbios_family_arm_m3_TaskSupport_start__E)
                  00008500    00000030     rtos_pem4f.oem4f (.text:ti_sysbios_gates_GateHwi_Object__create__S)
                  00008530    00000030     rtos_pem4f.oem4f (.text:ti_sysbios_gates_GateMutex_Object__create__S)
                  00008560    00000030     rtos_pem4f.oem4f (.text:ti_sysbios_heaps_HeapMem_Object__create__S)
                  00008590    00000030     sysbios.aem4f : BIOS.obj (.text:ti_sysbios_knl_Mailbox_postInit__I)
                  000085c0    00000030     rtos_pem4f.oem4f (.text:ti_sysbios_knl_Semaphore_construct)
                  000085f0    00000030     sysbios.aem4f : BIOS.obj (.text:ti_sysbios_knl_Semaphore_pendTimeout__I)
                  00008620    00000030                   : BIOS.obj (.text:ti_sysbios_knl_Task_unblockI__E)
                  00008650    00000030     ti.targets.arm.rtsarm.aem4f : SysMin.oem4f (.text:xdc_runtime_SysMin_abort__E)
                  00008680    00000030                                 : System.oem4f (.text:xdc_runtime_System_processAtExit__E)
                  000086b0    0000002e     driverlib.lib : adc.obj (.text:ADCIntStatus)
                  000086de    0000002e     grlib.lib : string.obj (.text:GrStringNextCharGet)
                  0000870c    00000004     --HOLE-- [fill = 0]
                  00008710    0000002e     rtos_pem4f.oem4f (.text:malloc)
                  0000873e    0000002e     rtsv7M4_T_le_v4SPD16_eabi.lib : i_tofd_t2.asm.obj (.text)
                  0000876c    00000004     --HOLE-- [fill = 0]
                  00008770    0000002c     rtos_pem4f.oem4f (.text:ti_sysbios_knl_Clock_doTick__I)
                  0000879c    00000004     --HOLE-- [fill = 0]
                  000087a0    0000002c     rtos_pem4f.oem4f (.text:ti_sysbios_knl_Queue_construct)
                  000087cc    00000004     --HOLE-- [fill = 0]
                  000087d0    0000002c     sysbios.aem4f : BIOS.obj (.text:ti_sysbios_knl_Task_restore__E)
                  000087fc    0000002c     ti.targets.arm.rtsarm.aem4f : Text.oem4f (.text:xdc_runtime_Text_cordText__E)
                  00008828    0000002a     driverlib.lib : gpio.obj (.text:GPIODirModeSet)
                  00008852    0000002a     ti.targets.arm.rtsarm.aem4f : System.oem4f (.text:xdc_runtime_System_putchar__I)
                  0000887c    00000004     --HOLE-- [fill = 0]
                  00008880    00000028     sysbios.aem4f : BIOS.obj (.text:ti_sysbios_knl_Clock_addI__E)
                  000088a8    00000028                   : BIOS.obj (.text:ti_sysbios_knl_Swi_Module_startup__E)
                  000088d0    00000026     grlib.lib : string.obj (.text:GrFontInfoGet)
                  000088f6    00000026     sysbios.aem4f : m3_Hwi_asm.obj (.text:ti_sysbios_family_arm_m3_Hwi_pendSV__I)
                  0000891c    00000026     ti.targets.arm.rtsarm.aem4f : System.oem4f (.text:xdc_runtime_System_avprintf__E)
                  00008942    00000006     --HOLE-- [fill = 0]
                  00008948    00000024     rtos_pem4f.oem4f (.text:ti_sysbios_BIOS_errorRaiseHook__I)
                  0000896c    00000004     --HOLE-- [fill = 0]
                  00008970    00000024     rtos_pem4f.oem4f (.text:ti_sysbios_BIOS_registerRTSLock__I)
                  00008994    00000004     --HOLE-- [fill = 0]
                  00008998    00000024     rtos_pem4f.oem4f (.text:ti_sysbios_BIOS_removeRTSLock__I)
                  000089bc    00000004     --HOLE-- [fill = 0]
                  000089c0    00000024     rtos_pem4f.oem4f (.text:ti_sysbios_BIOS_startFunc__I)
                  000089e4    00000004     --HOLE-- [fill = 0]
                  000089e8    00000024     rtos_pem4f.oem4f (.text:ti_sysbios_gates_GateMutex_Object__delete__S)
                  00008a0c    00000004     --HOLE-- [fill = 0]
                  00008a10    00000024     sysbios.aem4f : BIOS.obj (.text:ti_sysbios_knl_Clock_Module_startup__E)
                  00008a34    00000004     --HOLE-- [fill = 0]
                  00008a38    00000024                   : BIOS.obj (.text:ti_sysbios_knl_Task_restoreHwi__E)
                  00008a5c    00000024     ti.targets.arm.rtsarm.aem4f : System.oem4f (.text:xdc_runtime_System_vprintf__E)
                  00008a80    00000022     grlib.lib : string.obj (.text:GrFontGlyphDataGet)
                  00008aa2    00000022     driverlib.lib : pwm.obj (.text:PWMGenConfigure)
                  00008ac4    00000004     --HOLE-- [fill = 0]
                  00008ac8    00000022     sysbios.aem4f : BIOS.obj (.text:ti_sysbios_family_arm_lm4_Timer_write__I)
                  00008aea    00000006     --HOLE-- [fill = 0]
                  00008af0    00000022     rtos_pem4f.oem4f (.text:xdc_runtime_SysMin_output__I)
                  00008b12    00000002     --HOLE-- [fill = 0]
                  00008b14    00000020     Boot.aem4f : Boot_sysctl.oem4f (.text:_SysCtlMemTimingGet)
                  00008b34    00000004     --HOLE-- [fill = 0]
                  00008b38    00000020     rtos_pem4f.oem4f (.text:ti_sysbios_BIOS_rtsLock__I)
                  00008b58    00000020     sysbios.aem4f : m3_Hwi_asm.obj (.text:ti_sysbios_family_arm_m3_Hwi_excHandlerAsm__I)
                  00008b78    00000020                   : BIOS.obj (.text:ti_sysbios_family_arm_m3_Hwi_excHandler__I)
                  00008b98    00000020     rtos_pem4f.oem4f (.text:ti_sysbios_gates_GateHwi_Object__delete__S)
                  00008bb8    00000020     rtos_pem4f.oem4f (.text:ti_sysbios_heaps_HeapMem_Object__delete__S)
                  00008bd8    00000020     sysbios.aem4f : BIOS.obj (.text:ti_sysbios_knl_Idle_run__E)
                  00008bf8    00000020     rtos_pem4f.oem4f (.text:ti_sysbios_knl_Semaphore_Object__destruct__S)
                  00008c18    00000020     ti.targets.arm.rtsarm.aem4f : Registry.oem4f (.text:xdc_runtime_Registry_findById__E)
                  00008c38    00000020                                 : SysMin.oem4f (.text:xdc_runtime_SysMin_Module_startup__E)
                  00008c58    0000001e     driverlib.lib : adc.obj (.text:ADCSequenceDataGet)
                  00008c76    00000002     --HOLE-- [fill = 0]
                  00008c78    0000001e     Crystalfontz128x128_ST7735.obj (.text:Crystalfontz128x128_ColorTranslate)
                  00008c96    0000001e     grlib.lib : string.obj (.text:GrFontCodepageGet)
                  00008cb4    0000001e     driverlib.lib : pwm.obj (.text:PWMPulseWidthSet)
                  00008cd2    0000001e     sysbios.aem4f : m3_Hwi_asm_switch.obj (.text:ti_sysbios_family_xxx_Hwi_switchAndRunFunc)
                  00008cf0    0000001c     Crystalfontz128x128_ST7735.obj (.text:Crystalfontz128x128_LineDrawV)
                  00008d0c    00000004     --HOLE-- [fill = 0]
                  00008d10    0000001c     sysbios.aem4f : BIOS.obj (.text:ti_sysbios_gates_GateMutex_Instance_init__E)
                  00008d2c    00000004     --HOLE-- [fill = 0]
                  00008d30    0000001c     rtos_pem4f.oem4f (.text:ti_sysbios_knl_Queue_Object__destruct__S)
                  00008d4c    00000004     --HOLE-- [fill = 0]
                  00008d50    0000001c     sysbios.aem4f : BIOS.obj (.text:ti_sysbios_knl_Queue_get__E)
                  00008d6c    00000004     --HOLE-- [fill = 0]
                  00008d70    0000001c                   : BIOS.obj (.text:ti_sysbios_knl_Queue_put__E)
                  00008d8c    00000004     --HOLE-- [fill = 0]
                  00008d90    0000001c                   : BIOS.obj (.text:ti_sysbios_knl_Task_enter__I)
                  00008dac    0000001c     ti.targets.arm.rtsarm.aem4f : Error.oem4f (.text:xdc_runtime_Error_raiseX__E)
                  00008dc8    0000001c                                 : Memory.oem4f (.text:xdc_runtime_Memory_valloc__E)
                  00008de4    0000001c                                 : SysMin.oem4f (.text:xdc_runtime_SysMin_exit__E)
                  00008e00    0000001c                                 : System.oem4f (.text:xdc_runtime_System_abort__E)
                  00008e1c    0000001a     rtsv7M4_T_le_v4SPD16_eabi.lib : s_copysign.c.obj (.text:copysign)
                  00008e36    00000002     --HOLE-- [fill = 0]
                  00008e38    0000001a     rtos_pem4f.oem4f (.text:free)
                  00008e52    00000006     --HOLE-- [fill = 0]
                  00008e58    0000001a     rtos_pem4f.oem4f (.text:ti_sysbios_family_arm_m3_Hwi_Handle__label__S)
                  00008e72    00000006     --HOLE-- [fill = 0]
                  00008e78    0000001a     rtos_pem4f.oem4f (.text:ti_sysbios_gates_GateHwi_Handle__label__S)
                  00008e92    00000006     --HOLE-- [fill = 0]
                  00008e98    0000001a     rtos_pem4f.oem4f (.text:ti_sysbios_gates_GateMutex_Handle__label__S)
                  00008eb2    00000006     --HOLE-- [fill = 0]
                  00008eb8    0000001a     rtos_pem4f.oem4f (.text:ti_sysbios_heaps_HeapMem_Handle__label__S)
                  00008ed2    00000006     --HOLE-- [fill = 0]
                  00008ed8    0000001a     rtos_pem4f.oem4f (.text:ti_sysbios_knl_Swi_Handle__label__S)
                  00008ef2    00000006     --HOLE-- [fill = 0]
                  00008ef8    0000001a     rtos_pem4f.oem4f (.text:ti_sysbios_knl_Task_Handle__label__S)
                  00008f12    00000006     --HOLE-- [fill = 0]
                  00008f18    0000001a     rtos_pem4f.oem4f (.text:xdc_runtime_System_aprintf__E)
                  00008f32    00000006     --HOLE-- [fill = 0]
                  00008f38    0000001a     rtos_pem4f.oem4f (.text:xdc_runtime_System_printf__E)
                  00008f52    00000018     driverlib.lib : adc.obj (.text:ADCClockConfigSet)
                  00008f6a    00000018                   : adc.obj (.text:ADCProcessorTrigger)
                  00008f82    00000018                   : gpio.obj (.text:GPIOPinTypeGPIOOutput)
                  00008f9a    00000002     --HOLE-- [fill = 0]
                  00008f9c    00000018     rtsv7M4_T_le_v4SPD16_eabi.lib : args_main.c.obj (.text:_args_main)
                  00008fb4    00000004     --HOLE-- [fill = 0]
                  00008fb8    00000018     rtos_pem4f.oem4f (.text:ti_sysbios_BIOS_rtsUnlock__I)
                  00008fd0    00000018     rtos_pem4f.oem4f (.text:ti_sysbios_family_arm_lm4_Timer_Module__startupDone__F)
                  00008fe8    00000018     rtos_pem4f.oem4f (.text:ti_sysbios_family_arm_m3_Hwi_Module__startupDone__F)
                  00009000    00000018     sysbios.aem4f : m3_TaskSupport_asm.obj (.text:ti_sysbios_family_arm_m3_TaskSupport_swap__E)
                  00009018    00000018                   : BIOS.obj (.text:ti_sysbios_gates_GateMutex_leave__E)
                  00009030    00000018     ti.targets.arm.rtsarm.aem4f : Error.oem4f (.text:xdc_runtime_Error_check__E)
                  00009048    00000018                                 : System.oem4f (.text:xdc_runtime_System_exit__E)
                  00009060    00000018                                 : Text.oem4f (.text:xdc_runtime_Text_ropeText__E)
                  00009078    00000016     grlib.lib : string.obj (.text:GrStringDraw)
                  0000908e    00000002     --HOLE-- [fill = 0]
                  00009090    00000016     rtos_pem4f.oem4f (.text:ti_sysbios_BIOS_exitFunc__I)
                  000090a6    00000002     --HOLE-- [fill = 0]
                  000090a8    00000016     sysbios.aem4f : BIOS.obj (.text:ti_sysbios_knl_Task_unblock__E)
                  000090be    00000002     --HOLE-- [fill = 0]
                  000090c0    00000014     Crystalfontz128x128_ST7735.obj (.text:Crystalfontz128x128_PixelDraw)
                  000090d4    00000014     driverlib.lib : pwm.obj (.text:PWMClockSet)
                  000090e8    00000014                   : timer.obj (.text:TimerDisable)
                  000090fc    00000014     rtsv7M4_T_le_v4SPD16_eabi.lib : strlen.c.obj (.text:strlen)
                  00009110    00000014     rtos_pem4f.oem4f (.text:ti_sysbios_family_arm_m3_Hwi_Object__get__S)
                  00009124    00000004     --HOLE-- [fill = 0]
                  00009128    00000014     sysbios.aem4f : BIOS.obj (.text:ti_sysbios_family_arm_m3_Hwi_switchFromBootStack__E)
                  0000913c    00000004     --HOLE-- [fill = 0]
                  00009140    00000014     rtos_pem4f.oem4f (.text:ti_sysbios_heaps_HeapMem_Object__get__S)
                  00009154    00000004     --HOLE-- [fill = 0]
                  00009158    00000014     rtos_pem4f.oem4f (.text:ti_sysbios_knl_Mailbox_Object__get__S)
                  0000916c    00000004     --HOLE-- [fill = 0]
                  00009170    00000014     rtos_pem4f.oem4f (.text:ti_sysbios_knl_Swi_Object__get__S)
                  00009184    00000012     driverlib.lib : gpio.obj (.text:GPIOPinTypeADC)
                  00009196    00000012                   : gpio.obj (.text:GPIOPinTypeGPIOInput)
                  000091a8    00000012                   : gpio.obj (.text:GPIOPinTypePWM)
                  000091ba    00000012                   : gpio.obj (.text:GPIOPinTypeSSI)
                  000091cc    00000012                   : pwm.obj (.text:PWMOutputState)
                  000091de    00000012                   : timer.obj (.text:TimerLoadSet)
                  000091f0    00000012     sysbios.aem4f : BIOS.obj (.text:ti_sysbios_hal_Hwi_Module_startup__E)
                  00009202    00000006     --HOLE-- [fill = 0]
                  00009208    00000012     rtos_pem4f.oem4f (.text:xdc_runtime_Startup_exec__I)
                  0000921a    00000006     --HOLE-- [fill = 0]
                  00009220    00000010     rtos_pem4f.oem4f (.text:.bootCodeSection:ti_catalog_arm_cortexm4_tiva_ce_Boot_init__I)
                  00009230    00000010     driverlib.lib : adc.obj (.text:ADCIntEnable)
                  00009240    00000010                   : interrupt.obj (.text:IntMasterDisable)
                  00009250    00000010                   : interrupt.obj (.text:IntMasterEnable)
                  00009260    00000010                   : pwm.obj (.text:PWMGenPeriodSet)
                  00009270    00000010     sysbios.aem4f : BIOS.obj (.text:ti_sysbios_BIOS_setThreadType__E)
                  00009280    00000010                   : BIOS.obj (.text:ti_sysbios_BIOS_start__E)
                  00009290    00000010                   : m3_TaskSupport_asm.obj (.text:ti_sysbios_family_arm_m3_TaskSupport_glue)
                  000092a0    00000010                   : BIOS.obj (.text:ti_sysbios_gates_GateMutex_Instance_finalize__E)
                  000092b0    00000010                   : BIOS.obj (.text:ti_sysbios_knl_Semaphore_Instance_finalize__E)
                  000092c0    00000010                   : BIOS.obj (.text:ti_sysbios_knl_Swi_disable__E)
                  000092d0    00000010     rtos_pem4f.oem4f (.text:ti_sysbios_knl_Task_Object__get__S)
                  000092e0    00000010     sysbios.aem4f : BIOS.obj (.text:ti_sysbios_knl_Task_disable__E)
                  000092f0    00000010     ti.targets.arm.rtsarm.aem4f : Gate.oem4f (.text:xdc_runtime_Gate_leaveSystem__E)
                  00009300    00000010                                 : Memory.oem4f (.text:xdc_runtime_Memory_free__E)
                  00009310    00000010                                 : SysMin.oem4f (.text:xdc_runtime_SysMin_ready__E)
                  00009320    00000010                                 : System.oem4f (.text:xdc_runtime_System_vsnprintf__E)
                  00009330    00000010     rtos_pem4f.oem4f (.text:xdc_runtime_Text_visitRope__I)
                  00009340    0000000e     driverlib.lib : adc.obj (.text:ADCSequenceDisable)
                  0000934e    0000000e                   : adc.obj (.text:ADCSequenceEnable)
                  0000935c    0000000e     rtsv7M4_T_le_v4SPD16_eabi.lib : copy_decompress_none.c.obj (.text:decompress:none:__TI_decompress_none)
                  0000936a    00000006     --HOLE-- [fill = 0]
                  00009370    0000000e     sysbios.aem4f : BIOS.obj (.text:ti_sysbios_knl_Idle_loop__E)
                  0000937e    00000002     --HOLE-- [fill = 0]
                  00009380    0000000e                   : BIOS.obj (.text:ti_sysbios_knl_Queue_empty__E)
                  0000938e    0000000c     driverlib.lib : cpu.obj (.text:CPUcpsid)
                  0000939a    0000000c                   : cpu.obj (.text:CPUcpsie)
                  000093a6    00000002     --HOLE-- [fill = 0]
                  000093a8    0000000c     HAL_EK_TM4C1294XL_Crystalfontz128x128_ST7735.obj (.text:HAL_LCD_writeData)
                  000093b4    0000000c     driverlib.lib : pwm.obj (.text:PWMGenEnable)
                  000093c0    0000000c     rtsv7M4_T_le_v4SPD16_eabi.lib : _lock.c.obj (.text:_register_lock)
                  000093cc    0000000c                                   : _lock.c.obj (.text:_register_unlock)
                  000093d8    0000000c     main.obj (.text:clock0Task)
                  000093e4    0000000c     rtsv7M4_T_le_v4SPD16_eabi.lib : copy_zero_init.c.obj (.text:decompress:ZI:__TI_zero_init)
                  000093f0    0000000c     sysbios.aem4f : BIOS.obj (.text:ti_sysbios_family_arm_lm4_Timer_getMaxTicks__E)
                  000093fc    00000004     --HOLE-- [fill = 0]
                  00009400    0000000c                   : BIOS.obj (.text:ti_sysbios_family_arm_m3_TaskSupport_checkStack__E)
                  0000940c    00000004     --HOLE-- [fill = 0]
                  00009410    0000000c                   : BIOS.obj (.text:ti_sysbios_gates_GateHwi_enter__E)
                  0000941c    00000004     --HOLE-- [fill = 0]
                  00009420    0000000c     rtos_pem4f.oem4f (.text:ti_sysbios_knl_Queue_Object__get__S)
                  0000942c    0000000c     ti.targets.arm.rtsarm.aem4f : Error.oem4f (.text:xdc_runtime_Error_init__E)
                  00009438    0000000c                                 : Gate.oem4f (.text:xdc_runtime_Gate_enterSystem__E)
                  00009444    0000000c                                 : Memory.oem4f (.text:xdc_runtime_Memory_calloc__E)
                  00009450    0000000c                                 : Memory.oem4f (.text:xdc_runtime_Memory_getMaxDefaultTypeAlign__E)
                  0000945c    0000000a     driverlib.lib : adc.obj (.text:ADCIntClear)
                  00009466    0000000a                   : ssi.obj (.text:SSIDataPut)
                  00009470    0000000a                   : ssi.obj (.text:SSIEnable)
                  0000947a    00000006     --HOLE-- [fill = 0]
                  00009480    0000000a     rtos_pem4f.oem4f (.text:xdc_runtime_IHeap_alloc)
                  0000948a    00000006     --HOLE-- [fill = 0]
                  00009490    0000000a     rtos_pem4f.oem4f (.text:xdc_runtime_IHeap_free)
                  0000949a    00000008     grlib.lib : charmap.obj (.text:GrMapISO8859_1_Unicode)
                  000094a2    00000008     driverlib.lib : ssi.obj (.text:SSIBusy)
                  000094aa    00000002     --HOLE-- [fill = 0]
                  000094ac    00000008     rtsv7M4_T_le_v4SPD16_eabi.lib : errno.c.obj (.text:__aeabi_errno_addr)
                  000094b4    00000008     sysbios.aem4f : BIOS.obj (.text:ti_sysbios_family_arm_lm4_Timer_masterDisable__I)
                  000094bc    00000004     --HOLE-- [fill = 0]
                  000094c0    00000008                   : BIOS.obj (.text:ti_sysbios_family_arm_m3_Hwi_doSwiRestore__I)
                  000094c8    00000008                   : BIOS.obj (.text:ti_sysbios_family_arm_m3_Hwi_startup__E)
                  000094d0    00000006     kiss_fft.obj (.text:kiss_fft)
                  000094d6    00000002     --HOLE-- [fill = 0]
                  000094d8    00000006     sysbios.aem4f : BIOS.obj (.text:ti_sysbios_family_arm_lm4_TimestampProvider_Module_startup__E)
                  000094de    00000002     --HOLE-- [fill = 0]
                  000094e0    00000006                   : BIOS.obj (.text:ti_sysbios_family_arm_m3_Hwi_doTaskRestore__I)
                  000094e6    00000002     --HOLE-- [fill = 0]
                  000094e8    00000006                   : BIOS.obj (.text:ti_sysbios_gates_GateHwi_leave__E)
                  000094ee    00000002     --HOLE-- [fill = 0]
                  000094f0    00000006                   : BIOS.obj (.text:ti_sysbios_heaps_HeapMem_isBlocking__E)
                  000094f6    00000002     --HOLE-- [fill = 0]
                  000094f8    00000006                   : BIOS.obj (.text:ti_sysbios_knl_Queue_Instance_init__E)
                  000094fe    00000002     --HOLE-- [fill = 0]
                  00009500    00000006                   : BIOS.obj (.text:ti_sysbios_knl_Swi_startup__E)
                  00009506    00000002     --HOLE-- [fill = 0]
                  00009508    00000004     rtos_pem4f.oem4f (.text:ti_sysbios_BIOS_RtsGateProxy_enter__E)
                  0000950c    00000004     --HOLE-- [fill = 0]
                  00009510    00000004     rtos_pem4f.oem4f (.text:ti_sysbios_BIOS_RtsGateProxy_leave__E)
                  00009514    00000004     --HOLE-- [fill = 0]
                  00009518    00000004     rtos_pem4f.oem4f (.text:ti_sysbios_family_arm_m3_TaskSupport_Module__startupDone__S)
                  0000951c    00000004     --HOLE-- [fill = 0]
                  00009520    00000004     sysbios.aem4f : BIOS.obj (.text:ti_sysbios_gates_GateHwi_query__E)
                  00009524    00000004     --HOLE-- [fill = 0]
                  00009528    00000004                   : BIOS.obj (.text:ti_sysbios_gates_GateMutex_query__E)
                  0000952c    00000004     --HOLE-- [fill = 0]
                  00009530    00000004     rtos_pem4f.oem4f (.text:ti_sysbios_heaps_HeapMem_Module_GateProxy_enter__E)
                  00009534    00000004     --HOLE-- [fill = 0]
                  00009538    00000004     rtos_pem4f.oem4f (.text:ti_sysbios_heaps_HeapMem_Module_GateProxy_leave__E)
                  0000953c    00000004     --HOLE-- [fill = 0]
                  00009540    00000004     rtos_pem4f.oem4f (.text:ti_sysbios_knl_Clock_TimerProxy_getMaxTicks__E)
                  00009544    00000004     --HOLE-- [fill = 0]
                  00009548    00000004     rtos_pem4f.oem4f (.text:ti_sysbios_knl_Queue_destruct)
                  0000954c    00000004     --HOLE-- [fill = 0]
                  00009550    00000004     rtos_pem4f.oem4f (.text:ti_sysbios_knl_Semaphore_destruct)
                  00009554    00000004     --HOLE-- [fill = 0]
                  00009558    00000004     sysbios.aem4f : BIOS.obj (.text:ti_sysbios_knl_Task_startup__E)
                  0000955c    00000004     --HOLE-- [fill = 0]
                  00009560    00000004     rtos_pem4f.oem4f (.text:xdc_runtime_System_Module_GateProxy_enter__E)
                  00009564    00000004     --HOLE-- [fill = 0]
                  00009568    00000004     rtos_pem4f.oem4f (.text:xdc_runtime_System_Module_GateProxy_leave__E)
                  0000956c    00000004     --HOLE-- [fill = 0]
                  00009570    00000002     rtos_pem4f.oem4f (.text:ti_sysbios_BIOS_nullFunc__I)
                  00009572    00000006     --HOLE-- [fill = 0]
                  00009578    00000002     sysbios.aem4f : BIOS.obj (.text:ti_sysbios_gates_GateHwi_Instance_init__E)
                  0000957a    00000006     --HOLE-- [fill = 0]
                  00009580    00000002                   : BIOS.obj (.text:ti_sysbios_knl_Clock_logTick__E)
                  00009582    00000006     --HOLE-- [fill = 0]
                  00009588    00000002     rtos_pem4f.oem4f (.text:xdc_runtime_Startup_reset__I)

.const     0    00009590    0000268c     
                  00009590    000019a7     rtos_pem4f.oem4f (.const:xdc_runtime_Text_charTab__A)
                  0000af37    000002f8     grlib.lib : fontfixed6x8.obj (.const:.string:g_pui8FontFixed6x8Data)
                  0000b22f    00000001     rtos_pem4f.oem4f (.const:xdc_runtime_Error_policy__C)
                  0000b230    00000158     rtsv7M4_T_le_v4SPD16_eabi.lib : k_rem_pio2.c.obj (.const:$O1$$)
                  0000b388    00000120     Boot.aem4f : Boot_sysctl.oem4f (.const:g_pppui32XTALtoVCO)
                  0000b4a8    000000c8     grlib.lib : fontfixed6x8.obj (.const:g_sFontFixed6x8)
                  0000b570    000000c8     rtos_pem4f.oem4f (.const:xdc_runtime_Text_nodeTab__A)
                  0000b638    00000090     driverlib.lib : gpio.obj (.const:g_pui32GPIOBaseAddrs)
                  0000b6c8    0000006c     Boot.aem4f : Boot_sysctl.oem4f (.const:g_pui32Xtals)
                  0000b734    00000048     rtos_pem4f.oem4f (.const:.string)
                  0000b77c    00000030     Boot.aem4f : Boot_sysctl.oem4f (.const:g_sXTALtoMEMTIM)
                  0000b7ac    00000030     rtos_pem4f.oem4f (.const)
                  0000b7dc    00000028     Crystalfontz128x128_ST7735.obj (.const:g_sCrystalfontz128x128)
                  0000b804    00000028     rtos_pem4f.oem4f (.const:ti_sysbios_heaps_HeapMem_Module__FXNS__C)
                  0000b82c    00000028     rtos_pem4f.oem4f (.const:xdc_runtime_Startup_sfxnTab__A)
                  0000b854    00000024     rtos_pem4f.oem4f (.const:ti_sysbios_gates_GateHwi_Module__FXNS__C)
                  0000b878    00000024     rtos_pem4f.oem4f (.const:ti_sysbios_gates_GateMutex_Module__FXNS__C)
                  0000b89c    00000024     rtos_pem4f.oem4f (.const:ti_sysbios_heaps_HeapMem_Object__PARAMS__C)
                  0000b8c0    00000024     rtos_pem4f.oem4f (.const:ti_sysbios_knl_Semaphore_Object__PARAMS__C)
                  0000b8e4    00000020     main.obj (.const:.string)
                  0000b904    00000020     rtos_pem4f.oem4f (.const:ti_sysbios_gates_GateHwi_Object__DESC__C)
                  0000b924    00000020     rtos_pem4f.oem4f (.const:ti_sysbios_gates_GateMutex_Object__DESC__C)
                  0000b944    00000020     rtos_pem4f.oem4f (.const:ti_sysbios_heaps_HeapMem_Object__DESC__C)
                  0000b964    00000020     rtos_pem4f.oem4f (.const:ti_sysbios_knl_Queue_Object__DESC__C)
                  0000b984    00000020     rtos_pem4f.oem4f (.const:ti_sysbios_knl_Semaphore_Object__DESC__C)
                  0000b9a4    00000018     rtos_pem4f.oem4f (.const:ti_sysbios_gates_GateHwi_Object__PARAMS__C)
                  0000b9bc    00000018     rtos_pem4f.oem4f (.const:ti_sysbios_gates_GateMutex_Object__PARAMS__C)
                  0000b9d4    00000018     rtos_pem4f.oem4f (.const:ti_sysbios_knl_Queue_Object__PARAMS__C)
                  0000b9ec    00000018     rtos_pem4f.oem4f (.const:xdc_runtime_Startup_firstFxns__A)
                  0000ba04    00000014     main.obj (.const:gVoltageScaleStr)
                  0000ba18    00000014     rtos_pem4f.oem4f (.const:xdc_runtime_Startup_sfxnRts__A)
                  0000ba2c    00000010     grlib.lib : context.obj (.const)
                  0000ba3c    00000008     Boot.aem4f : Boot_sysctl.oem4f (.const)
                  0000ba44    00000008     rtos_pem4f.oem4f (.const:ti_sysbios_family_arm_m3_Hwi_excHookFuncs__A)
                  0000ba4c    00000008     rtos_pem4f.oem4f (.const:ti_sysbios_knl_Idle_funcList__C)
                  0000ba54    00000008     rtos_pem4f.oem4f (.const:xdc_runtime_Startup_firstFxns__C)
                  0000ba5c    00000008     rtos_pem4f.oem4f (.const:xdc_runtime_Startup_lastFxns__C)
                  0000ba64    00000004     rtos_pem4f.oem4f (.const:ti_catalog_arm_cortexm4_tiva_ce_Boot_A_mustNotUseEnhancedClockMode__C)
                  0000ba68    00000004     rtos_pem4f.oem4f (.const:ti_catalog_arm_cortexm4_tiva_ce_Boot_Module__diagsEnabled__C)
                  0000ba6c    00000004     rtos_pem4f.oem4f (.const:ti_catalog_arm_cortexm4_tiva_ce_Boot_Module__diagsIncluded__C)
                  0000ba70    00000004     rtos_pem4f.oem4f (.const:ti_catalog_arm_cortexm4_tiva_ce_Boot_Module__diagsMask__C)
                  0000ba74    00000004     rtos_pem4f.oem4f (.const:ti_sysbios_family_arm_lm4_Timer_enableFunc__C)
                  0000ba78    00000004     rtos_pem4f.oem4f (.const:ti_sysbios_family_arm_lm4_Timer_numTimerDevices__C)
                  0000ba7c    00000004     rtos_pem4f.oem4f (.const:ti_sysbios_family_arm_lm4_Timer_startupNeeded__C)
                  0000ba80    00000004     rtos_pem4f.oem4f (.const:ti_sysbios_family_arm_lm4_TimestampProvider_Module__diagsEnabled__C)
                  0000ba84    00000004     rtos_pem4f.oem4f (.const:ti_sysbios_family_arm_lm4_TimestampProvider_Module__diagsIncluded__C)
                  0000ba88    00000004     rtos_pem4f.oem4f (.const:ti_sysbios_family_arm_lm4_TimestampProvider_Module__diagsMask__C)
                  0000ba8c    00000004     rtos_pem4f.oem4f (.const:ti_sysbios_family_arm_m3_Hwi_E_NMI__C)
                  0000ba90    00000004     rtos_pem4f.oem4f (.const:ti_sysbios_family_arm_m3_Hwi_E_busFault__C)
                  0000ba94    00000004     rtos_pem4f.oem4f (.const:ti_sysbios_family_arm_m3_Hwi_E_debugMon__C)
                  0000ba98    00000004     rtos_pem4f.oem4f (.const:ti_sysbios_family_arm_m3_Hwi_E_hardFault__C)
                  0000ba9c    00000004     rtos_pem4f.oem4f (.const:ti_sysbios_family_arm_m3_Hwi_E_memFault__C)
                  0000baa0    00000004     rtos_pem4f.oem4f (.const:ti_sysbios_family_arm_m3_Hwi_E_noIsr__C)
                  0000baa4    00000004     rtos_pem4f.oem4f (.const:ti_sysbios_family_arm_m3_Hwi_E_reserved__C)
                  0000baa8    00000004     rtos_pem4f.oem4f (.const:ti_sysbios_family_arm_m3_Hwi_E_svCall__C)
                  0000baac    00000004     rtos_pem4f.oem4f (.const:ti_sysbios_family_arm_m3_Hwi_E_usageFault__C)
                  0000bab0    00000004     rtos_pem4f.oem4f (.const:ti_sysbios_family_arm_m3_Hwi_NUM_INTERRUPTS__C)
                  0000bab4    00000004     rtos_pem4f.oem4f (.const:ti_sysbios_family_arm_m3_Hwi_Object__count__C)
                  0000bab8    00000004     rtos_pem4f.oem4f (.const:ti_sysbios_family_arm_m3_Hwi_ccr__C)
                  0000babc    00000004     rtos_pem4f.oem4f (.const:ti_sysbios_family_arm_m3_Hwi_excHandlerFunc__C)
                  0000bac0    00000004     rtos_pem4f.oem4f (.const:ti_sysbios_family_arm_m3_Hwi_excHookFuncs__C)
                  0000bac4    00000004     rtos_pem4f.oem4f (.const:ti_sysbios_family_arm_m3_Hwi_nullIsrFunc__C)
                  0000bac8    00000004     rtos_pem4f.oem4f (.const:ti_sysbios_family_arm_m3_Hwi_priGroup__C)
                  0000bacc    00000004     rtos_pem4f.oem4f (.const:ti_sysbios_gates_GateMutex_A_badContext__C)
                  0000bad0    00000004     rtos_pem4f.oem4f (.const:ti_sysbios_gates_GateMutex_Instance_State_sem__O)
                  0000bad4    00000004     rtos_pem4f.oem4f (.const:ti_sysbios_gates_GateMutex_Module__diagsEnabled__C)
                  0000bad8    00000004     rtos_pem4f.oem4f (.const:ti_sysbios_gates_GateMutex_Module__diagsIncluded__C)
                  0000badc    00000004     rtos_pem4f.oem4f (.const:ti_sysbios_gates_GateMutex_Module__diagsMask__C)
                  0000bae0    00000004     rtos_pem4f.oem4f (.const:ti_sysbios_hal_Hwi_E_stackOverflow__C)
                  0000bae4    00000004     rtos_pem4f.oem4f (.const:ti_sysbios_heaps_HeapMem_A_align__C)
                  0000bae8    00000004     rtos_pem4f.oem4f (.const:ti_sysbios_heaps_HeapMem_A_heapSize__C)
                  0000baec    00000004     rtos_pem4f.oem4f (.const:ti_sysbios_heaps_HeapMem_A_invalidFree__C)
                  0000baf0    00000004     rtos_pem4f.oem4f (.const:ti_sysbios_heaps_HeapMem_A_zeroBlock__C)
                  0000baf4    00000004     rtos_pem4f.oem4f (.const:ti_sysbios_heaps_HeapMem_E_memory__C)
                  0000baf8    00000004     rtos_pem4f.oem4f (.const:ti_sysbios_heaps_HeapMem_Module__diagsEnabled__C)
                  0000bafc    00000004     rtos_pem4f.oem4f (.const:ti_sysbios_heaps_HeapMem_Module__diagsIncluded__C)
                  0000bb00    00000004     rtos_pem4f.oem4f (.const:ti_sysbios_heaps_HeapMem_Module__diagsMask__C)
                  0000bb04    00000004     rtos_pem4f.oem4f (.const:ti_sysbios_heaps_HeapMem_Module__gateObj__C)
                  0000bb08    00000004     rtos_pem4f.oem4f (.const:ti_sysbios_heaps_HeapMem_Object__count__C)
                  0000bb0c    00000004     rtos_pem4f.oem4f (.const:ti_sysbios_heaps_HeapMem_reqAlign__C)
                  0000bb10    00000004     rtos_pem4f.oem4f (.const:ti_sysbios_knl_Clock_Module_State_clockQ__O)
                  0000bb14    00000004     rtos_pem4f.oem4f (.const:ti_sysbios_knl_Idle_funcList__A)
                  0000bb18    00000004     rtos_pem4f.oem4f (.const:ti_sysbios_knl_Mailbox_Instance_State_dataQue__O)
                  0000bb1c    00000004     rtos_pem4f.oem4f (.const:ti_sysbios_knl_Mailbox_Instance_State_dataSem__O)
                  0000bb20    00000004     rtos_pem4f.oem4f (.const:ti_sysbios_knl_Mailbox_Instance_State_freeQue__O)
                  0000bb24    00000004     rtos_pem4f.oem4f (.const:ti_sysbios_knl_Mailbox_Instance_State_freeSem__O)
                  0000bb28    00000004     rtos_pem4f.oem4f (.const:ti_sysbios_knl_Mailbox_Object__count__C)
                  0000bb2c    00000004     rtos_pem4f.oem4f (.const:ti_sysbios_knl_Mailbox_maxTypeAlign__C)
                  0000bb30    00000004     rtos_pem4f.oem4f (.const:ti_sysbios_knl_Semaphore_A_badContext__C)
                  0000bb34    00000004     rtos_pem4f.oem4f (.const:ti_sysbios_knl_Semaphore_A_noEvents__C)
                  0000bb38    00000004     rtos_pem4f.oem4f (.const:ti_sysbios_knl_Semaphore_A_overflow__C)
                  0000bb3c    00000004     rtos_pem4f.oem4f (.const:ti_sysbios_knl_Semaphore_A_pendTaskDisabled__C)
                  0000bb40    00000004     rtos_pem4f.oem4f (.const:ti_sysbios_knl_Semaphore_Instance_State_pendQ__O)
                  0000bb44    00000004     rtos_pem4f.oem4f (.const:ti_sysbios_knl_Semaphore_Module__diagsEnabled__C)
                  0000bb48    00000004     rtos_pem4f.oem4f (.const:ti_sysbios_knl_Semaphore_Module__diagsIncluded__C)
                  0000bb4c    00000004     rtos_pem4f.oem4f (.const:ti_sysbios_knl_Semaphore_Module__diagsMask__C)
                  0000bb50    00000004     rtos_pem4f.oem4f (.const:ti_sysbios_knl_Swi_Object__count__C)
                  0000bb54    00000004     rtos_pem4f.oem4f (.const:ti_sysbios_knl_Task_E_spOutOfBounds__C)
                  0000bb58    00000004     rtos_pem4f.oem4f (.const:ti_sysbios_knl_Task_E_stackOverflow__C)
                  0000bb5c    00000004     rtos_pem4f.oem4f (.const:ti_sysbios_knl_Task_Module_State_inactiveQ__O)
                  0000bb60    00000004     rtos_pem4f.oem4f (.const:ti_sysbios_knl_Task_Object__count__C)
                  0000bb64    00000004     rtos_pem4f.oem4f (.const:ti_sysbios_knl_Task_allBlockedFunc__C)
                  0000bb68    00000004     rtos_pem4f.oem4f (.const:ti_sysbios_knl_Task_numConstructedTasks__C)
                  0000bb6c    00000004     rtos_pem4f.oem4f (.const:xdc_runtime_Assert_E_assertFailed__C)
                  0000bb70    00000004     rtos_pem4f.oem4f (.const:xdc_runtime_Core_A_initializedParams__C)
                  0000bb74    00000004     rtos_pem4f.oem4f (.const:xdc_runtime_Core_Module__diagsEnabled__C)
                  0000bb78    00000004     rtos_pem4f.oem4f (.const:xdc_runtime_Core_Module__diagsIncluded__C)
                  0000bb7c    00000004     rtos_pem4f.oem4f (.const:xdc_runtime_Core_Module__diagsMask__C)
                  0000bb80    00000004     rtos_pem4f.oem4f (.const:xdc_runtime_Error_E_memory__C)
                  0000bb84    00000004     rtos_pem4f.oem4f (.const:xdc_runtime_Error_Module__diagsEnabled__C)
                  0000bb88    00000004     rtos_pem4f.oem4f (.const:xdc_runtime_Error_Module__diagsIncluded__C)
                  0000bb8c    00000004     rtos_pem4f.oem4f (.const:xdc_runtime_Error_Module__diagsMask__C)
                  0000bb90    00000004     rtos_pem4f.oem4f (.const:xdc_runtime_Error_Module__loggerFxn8__C)
                  0000bb94    00000004     rtos_pem4f.oem4f (.const:xdc_runtime_Error_Module__loggerObj__C)
                  0000bb98    00000004     rtos_pem4f.oem4f (.const:xdc_runtime_Error_policyFxn__C)
                  0000bb9c    00000004     rtos_pem4f.oem4f (.const:xdc_runtime_Error_raiseHook__C)
                  0000bba0    00000004     rtos_pem4f.oem4f (.const:xdc_runtime_IGateProvider_Interface__BASE__C)
                  0000bba4    00000004     rtos_pem4f.oem4f (.const:xdc_runtime_IHeap_Interface__BASE__C)
                  0000bba8    00000004     rtos_pem4f.oem4f (.const:xdc_runtime_IModule_Interface__BASE__C)
                  0000bbac    00000004     rtos_pem4f.oem4f (.const:xdc_runtime_Log_L_error__C)
                  0000bbb0    00000004     rtos_pem4f.oem4f (.const:xdc_runtime_Memory_defaultHeapInstance__C)
                  0000bbb4    00000004     rtos_pem4f.oem4f (.const:xdc_runtime_Startup_execImpl__C)
                  0000bbb8    00000004     rtos_pem4f.oem4f (.const:xdc_runtime_Startup_maxPasses__C)
                  0000bbbc    00000004     rtos_pem4f.oem4f (.const:xdc_runtime_Startup_sfxnRts__C)
                  0000bbc0    00000004     rtos_pem4f.oem4f (.const:xdc_runtime_Startup_sfxnTab__C)
                  0000bbc4    00000004     rtos_pem4f.oem4f (.const:xdc_runtime_SysMin_bufSize__C)
                  0000bbc8    00000004     rtos_pem4f.oem4f (.const:xdc_runtime_SysMin_outputFunc__C)
                  0000bbcc    00000004     rtos_pem4f.oem4f (.const:xdc_runtime_System_Module__gateObj__C)
                  0000bbd0    00000004     rtos_pem4f.oem4f (.const:xdc_runtime_System_abortFxn__C)
                  0000bbd4    00000004     rtos_pem4f.oem4f (.const:xdc_runtime_System_exitFxn__C)
                  0000bbd8    00000004     rtos_pem4f.oem4f (.const:xdc_runtime_System_extendFxn__C)
                  0000bbdc    00000004     rtos_pem4f.oem4f (.const:xdc_runtime_System_maxAtexitHandlers__C)
                  0000bbe0    00000004     rtos_pem4f.oem4f (.const:xdc_runtime_Text_charTab__C)
                  0000bbe4    00000004     rtos_pem4f.oem4f (.const:xdc_runtime_Text_nameEmpty__C)
                  0000bbe8    00000004     rtos_pem4f.oem4f (.const:xdc_runtime_Text_nameStatic__C)
                  0000bbec    00000004     rtos_pem4f.oem4f (.const:xdc_runtime_Text_nameUnknown__C)
                  0000bbf0    00000004     rtos_pem4f.oem4f (.const:xdc_runtime_Text_nodeTab__C)
                  0000bbf4    00000004     rtos_pem4f.oem4f (.const:xdc_runtime_Text_visitRopeFxn__C)
                  0000bbf8    00000002     rtos_pem4f.oem4f (.const:ti_catalog_arm_cortexm4_tiva_ce_Boot_Module__id__C)
                  0000bbfa    00000002     rtos_pem4f.oem4f (.const:ti_sysbios_family_arm_lm4_TimestampProvider_Module__id__C)
                  0000bbfc    00000002     rtos_pem4f.oem4f (.const:ti_sysbios_family_arm_lm4_TimestampProvider_useClockTimer__C)
                  0000bbfe    00000002     rtos_pem4f.oem4f (.const:ti_sysbios_family_arm_m3_Hwi_Module__id__C)
                  0000bc00    00000002     rtos_pem4f.oem4f (.const:ti_sysbios_gates_GateMutex_Module__id__C)
                  0000bc02    00000002     rtos_pem4f.oem4f (.const:ti_sysbios_hal_Hwi_Module__id__C)
                  0000bc04    00000002     rtos_pem4f.oem4f (.const:ti_sysbios_heaps_HeapMem_Module__id__C)
                  0000bc06    00000002     rtos_pem4f.oem4f (.const:ti_sysbios_knl_Semaphore_Module__id__C)
                  0000bc08    00000002     rtos_pem4f.oem4f (.const:ti_sysbios_knl_Task_Module__id__C)
                  0000bc0a    00000002     rtos_pem4f.oem4f (.const:xdc_runtime_Core_Module__id__C)
                  0000bc0c    00000002     rtos_pem4f.oem4f (.const:xdc_runtime_Error_Module__loggerDefined__C)
                  0000bc0e    00000002     rtos_pem4f.oem4f (.const:xdc_runtime_Error_maxDepth__C)
                  0000bc10    00000002     rtos_pem4f.oem4f (.const:xdc_runtime_Memory_Module__id__C)
                  0000bc12    00000002     rtos_pem4f.oem4f (.const:xdc_runtime_SysMin_flushAtExit__C)
                  0000bc14    00000002     rtos_pem4f.oem4f (.const:xdc_runtime_Text_charCnt__C)
                  0000bc16    00000002     rtos_pem4f.oem4f (.const:xdc_runtime_Text_isLoaded__C)
                  0000bc18    00000002     rtos_pem4f.oem4f (.const:xdc_runtime_Text_registryModsLastId__C)
                  0000bc1a    00000002     rtos_pem4f.oem4f (.const:xdc_runtime_Text_unnamedModsLastId__C)

.cinit     0    0000bc20    000002e0     
                  0000bc20    000002a7     (.cinit..data.load) [load image, compression = lzss]
                  0000bec7    00000001     --HOLE-- [fill = 0]
                  0000bec8    0000000c     (__TI_handler_table)
                  0000bed4    00000004     --HOLE-- [fill = 0]
                  0000bed8    00000008     (.cinit..bss.load) [load image, compression = zero_init]
                  0000bee0    00000008     (.cinit..vecs.load) [load image, compression = zero_init]
                  0000bee8    00000018     (__TI_cinit_table)

.init_array 
*          0    00000000    00000000     UNINITIALIZED

.resetVecs 
*          0    00000000    0000003c     
                  00000000    0000003c     rtos_pem4f.oem4f (.resetVecs)

.bss       0    20000360    0000a74e     UNINITIALIZED
                  20000360    00002108     main.obj (.bss:kiss_fft_cfg_buffer)
                  20002468    00002000     main.obj (.bss:in)
                  20004468    00002000     main.obj (.bss:out)
                  20006468    00001200     rtos_pem4f.oem4f (.bss:taskStackSection)
                  20007668    00001000     (.common:gADCBuffer)
                  20008668    00001000     (.common:out_db)
                  20009668    00000800     (.common:fft_sample)
                  20009e68    00000400     (.common:ti_sysbios_heaps_HeapMem_Instance_State_0_buf__A)
                  2000a268    00000360     (.common:ti_sysbios_family_arm_m3_Hwi_dispatchTable)
                  2000a5c8    00000200     (.common:displayBuffer)
                  2000a7c8    00000120     rtsv7M4_T_le_v4SPD16_eabi.lib : trgmsg.c.obj (.bss:_CIOBUF_)
                  2000a8e8    00000100     (.common:sample)
                  2000a9e8    00000080     (.common:xdc_runtime_SysMin_Module_State_0_outbuf__A)
                  2000aa68    00000014     buttons.obj (.bss:state$1)
                  2000aa7c    00000004     (.common:cfg)
                  2000aa80    00000010     (.common:ti_sysbios_knl_Mailbox_Instance_State_0_allocBuf__A)
                  2000aa90    00000008     (.common:parmbuf)
                  2000aa98    00000004     (.common:fScale)
                  2000aa9c    00000004     (.common:gADCSamplingRate)
                  2000aaa0    00000004     (.common:g_psGrLibDefaults)
                  2000aaa4    00000002     (.common:Lcd_ScreenHeigth)
                  2000aaa6    00000002     (.common:Lcd_ScreenWidth)
                  2000aaa8    00000002     (.common:Lcd_TouchTrim)
                  2000aaaa    00000001     (.common:Lcd_FlagRead)
                  2000aaab    00000001     (.common:Lcd_FontSolid)
                  2000aaac    00000001     (.common:Lcd_Orientation)
                  2000aaad    00000001     (.common:Lcd_PenSolid)

.data      0    2000aab0    000086bc     UNINITIALIZED
                  2000aab0    00008000     Crystalfontz128x128_ST7735.obj (.data:Lcd_buffer)
                  20012ab0    000001c8     rtos_pem4f.oem4f (.data:ti_sysbios_knl_Task_Object__table__V)
                  20012c78    00000080     rtos_pem4f.oem4f (.data:ti_sysbios_knl_Swi_Module_State_0_readyQ__A)
                  20012cf8    00000080     rtos_pem4f.oem4f (.data:ti_sysbios_knl_Task_Module_State_0_readyQ__A)
                  20012d78    00000050     rtos_pem4f.oem4f (.data:ti_sysbios_knl_Mailbox_Object__table__V)
                  20012dc8    00000050     rtos_pem4f.oem4f (.data:ti_sysbios_knl_Semaphore_Object__table__V)
                  20012e18    00000044     rtos_pem4f.oem4f (.data:ti_sysbios_knl_Task_Module__state__V)
                  20012e5c    00000040     rtos_pem4f.oem4f (.data:ti_sysbios_family_arm_lm4_Timer_Module_State_0_device__A)
                  20012e9c    00000040     rtos_pem4f.oem4f (.data:ti_sysbios_family_arm_lm4_Timer_Object__table__V)
                  20012edc    00000038     rtos_pem4f.oem4f (.data:ti_sysbios_gates_GateMutex_Object__table__V)
                  20012f14    00000034     rtos_pem4f.oem4f (.data:ti_sysbios_family_arm_m3_Hwi_Module__state__V)
                  20012f48    00000030     rtos_pem4f.oem4f (.data:ti_sysbios_family_arm_m3_Hwi_Object__table__V)
                  20012f78    00000030     rtos_pem4f.oem4f (.data:ti_sysbios_knl_Swi_Object__table__V)
                  20012fa8    0000002c     rtos_pem4f.oem4f (.data:ti_sysbios_knl_Clock_Module__state__V)
                  20012fd4    00000024     buttons.obj (.data:count$2)
                  20012ff8    00000024     rtos_pem4f.oem4f (.data:ti_sysbios_BIOS_Module__state__V)
                  2001301c    00000020     rtos_pem4f.oem4f (.data:ti_sysbios_family_arm_lm4_Timer_Module_State_0_handles__A)
                  2001303c    00000020     rtos_pem4f.oem4f (.data:ti_sysbios_knl_Clock_Object__table__V)
                  2001305c    0000001c     main.obj (.data)
                  20013078    0000001c     rtos_pem4f.oem4f (.data:ti_sysbios_knl_Swi_Module__state__V)
                  20013094    00000018     rtos_pem4f.oem4f (.data:ti_sysbios_heaps_HeapMem_Object__table__V)
                  200130ac    00000014     main.obj (.data:fVoltsPerDiv)
                  200130c0    0000000c     buttons.obj (.data)
                  200130cc    0000000c     rtos_pem4f.oem4f (.data:ti_sysbios_family_arm_lm4_Timer_Module__state__V)
                  200130d8    0000000c     rtos_pem4f.oem4f (.data:xdc_runtime_SysMin_Module__state__V)
                  200130e4    00000008     rtsv7M4_T_le_v4SPD16_eabi.lib : _lock.c.obj (.data:$O1$$)
                  200130ec    00000008     buttons.obj (.data:gJoystick)
                  200130f4    00000008     sampling.obj (.data)
                  200130fc    00000008     rtos_pem4f.oem4f (.data:ti_sysbios_family_arm_lm4_TimestampProvider_Module__state__V)
                  20013104    00000008     rtos_pem4f.oem4f (.data:ti_sysbios_gates_GateHwi_Module__root__V)
                  2001310c    00000008     rtos_pem4f.oem4f (.data:ti_sysbios_gates_GateMutex_Module__root__V)
                  20013114    00000008     rtos_pem4f.oem4f (.data:ti_sysbios_heaps_HeapMem_Module__root__V)
                  2001311c    00000008     rtos_pem4f.oem4f (.data:ti_sysbios_knl_Queue_Module__root__V)
                  20013124    00000008     rtos_pem4f.oem4f (.data:ti_sysbios_knl_Semaphore_Module__root__V)
                  2001312c    00000008     rtos_pem4f.oem4f (.data:xdc_runtime_Registry_Module__state__V)
                  20013134    00000008     rtos_pem4f.oem4f (.data:xdc_runtime_Startup_Module__state__V)
                  2001313c    00000008     rtos_pem4f.oem4f (.data:xdc_runtime_System_Module_State_0_atexitHandlers__A)
                  20013144    00000008     rtos_pem4f.oem4f (.data:xdc_runtime_System_Module__state__V)
                  2001314c    00000004     rtsv7M4_T_le_v4SPD16_eabi.lib : errno.c.obj (.data)
                  20013150    00000004                                   : stkdepth_vars.c.obj (.data)
                  20013154    00000004     rtos_pem4f.oem4f (.data:ti_sysbios_family_arm_m3_Hwi_Module_State_0_excContext__A)
                  20013158    00000004     rtos_pem4f.oem4f (.data:ti_sysbios_family_arm_m3_Hwi_Module_State_0_excStack__A)
                  2001315c    00000004     rtos_pem4f.oem4f (.data:ti_sysbios_gates_GateHwi_Object__table__V)
                  20013160    00000004     rtos_pem4f.oem4f (.data:ti_sysbios_knl_Task_Module_State_0_idleTask__A)
                  20013164    00000004     rtos_pem4f.oem4f (.data:xdc_runtime_Memory_Module__state__V)
                  20013168    00000002     rtos_pem4f.oem4f (.data:ti_sysbios_family_arm_m3_Hwi_Module_State_0_excActive__A)
                  2001316a    00000002     rtos_pem4f.oem4f (.data:xdc_runtime_Error_Module__state__V)

.stack     0    20013170    00000300     UNINITIALIZED
                  20013170    00000300     --HOLE--

.bootVecs 
*          0    00000000    00000008     DSECT
                  00000000    00000008     boot.aem4f : boot.oem4f (.bootVecs)

.vecs      0    20000000    00000360     UNINITIALIZED
                  20000000    00000360     rtos_pem4f.oem4f (.vecs)

xdc.meta   0    00000000    00000105     COPY SECTION
                  00000000    00000105     rtos_pem4f.oem4f (xdc.meta)

MODULE SUMMARY

       Module                                             code    ro data   rw data
       ------                                             ----    -------   -------
    .\
       main.obj                                           2024    52        31808  
       Crystalfontz128x128_ST7735.obj                     958     40        32778  
       sampling.obj                                       368     0         4104   
       kiss_fft.obj                                       2602    0         0      
       buttons.obj                                        708     0         80     
       HAL_EK_TM4C1294XL_Crystalfontz128x128_ST7735.obj   324     0         0      
       sysctl_pll.obj                                     72      0         0      
    +--+--------------------------------------------------+-------+---------+---------+
       Total:                                             7056    92        68770  
                                                                                   
    C:\Users\Adam Yang\OneDrive\Desktop\3849_workspace\ece3849d20_lab2_ayang_plam\Debug\configPkg\package\cfg\
       rtos_pem4f.oem4f                                   1546    7920      9100   
    +--+--------------------------------------------------+-------+---------+---------+
       Total:                                             1546    7920      9100   
                                                                                   
    C:/ti/tirtos_tivac_2_16_01_14/products/TivaWare_C_Series-2.1.1.71b/driverlib/ccs/Debug/driverlib.lib
       gpio.obj                                           526     144       0      
       adc.obj                                            362     0         0      
       timer.obj                                          134     0         0      
       pwm.obj                                            130     0         0      
       ssi.obj                                            88      0         0      
       sysctl.obj                                         58      0         0      
       interrupt.obj                                      32      0         0      
       cpu.obj                                            24      0         0      
    +--+--------------------------------------------------+-------+---------+---------+
       Total:                                             1354    144       0      
                                                                                   
    C:/ti/tirtos_tivac_2_16_01_14/products/TivaWare_C_Series-2.1.1.71b/grlib/ccs/Debug/grlib.lib
       string.obj                                         1192    0         0      
       fontfixed6x8.obj                                   0       960       0      
       line.obj                                           648     0         0      
       rectangle.obj                                      134     0         0      
       context.obj                                        104     16        4      
       charmap.obj                                        8       0         0      
    +--+--------------------------------------------------+-------+---------+---------+
       Total:                                             2086    976       4      
                                                                                   
    C:\Users\Adam Yang\OneDrive\Desktop\3849_workspace\ece3849d20_lab2_ayang_plam\src\sysbios\sysbios.aem4f
       BIOS.obj                                           10604   0         0      
       m3_Hwi_asm.obj                                     314     0         0      
       m3_TaskSupport_asm.obj                             180     0         0      
       m3_Hwi_asm_switch.obj                              118     0         0      
    +--+--------------------------------------------------+-------+---------+---------+
       Total:                                             11216   0         0      
                                                                                   
    C:\ti\ccs930\ccs\tools\compiler\ti-cgt-arm_18.12.4.LTS\lib\rtsv7M4_T_le_v4SPD16_eabi.lib
       k_rem_pio2.c.obj                                   1848    344       0      
       s_cos.c.obj                                        1500    0         0      
       s_sin.c.obj                                        1476    0         0      
       fd_add_t2.asm.obj                                  438     0         0      
       trgmsg.c.obj                                       108     0         288    
       k_sin.c.obj                                        372     0         0      
       k_cos.c.obj                                        364     0         0      
       e_log10f.c.obj                                     348     0         0      
       e_sqrt.c.obj                                       344     0         0      
       fd_div_t2.asm.obj                                  310     0         0      
       s_scalbn.c.obj                                     272     0         0      
       fd_cmp_t2.asm.obj                                  268     0         0      
       fd_mul_t2.asm.obj                                  252     0         0      
       s_floor.c.obj                                      248     0         0      
       memcpy_t2.asm.obj                                  156     0         0      
       s_floorf.c.obj                                     128     0         0      
       memset_t2.asm.obj                                  122     0         0      
       fd_tos_t2.asm.obj                                  110     0         0      
       s_roundf.c.obj                                     110     0         0      
       copy_decompress_lzss.c.obj                         104     0         0      
       hostwrite.c.obj                                    88      0         0      
       cpy_tbl.c.obj                                      76      0         0      
       fd_toi_t2.asm.obj                                  72      0         0      
       u_divt2.asm.obj                                    64      0         0      
       fs_tod_t2.asm.obj                                  56      0         0      
       i_tofd_t2.asm.obj                                  46      0         0      
       _lock.c.obj                                        26      0         8      
       s_copysign.c.obj                                   26      0         0      
       args_main.c.obj                                    24      0         0      
       strlen.c.obj                                       20      0         0      
[...]
0000b7c4  ADCISR                                                               
0000b7c8  semaphoreButton                                                      
0000b7cc  clock0                                                               
0000b7d0  ButtonTask                                                           
0000b7d4  mailbox0                                                             
0000b7d8  UserInputTask                                                        
0000b7dc  g_sCrystalfontz128x128                                               
0000b804  ti_sysbios_heaps_HeapMem_Module__FXNS__C                             
0000b82c  xdc_runtime_Startup_sfxnTab__A                                       
0000b854  ti_sysbios_gates_GateHwi_Module__FXNS__C                             
0000b878  ti_sysbios_gates_GateMutex_Module__FXNS__C                           
0000b89c  ti_sysbios_heaps_HeapMem_Object__PARAMS__C                           
0000b8c0  ti_sysbios_knl_Semaphore_Object__PARAMS__C                           
0000b904  ti_sysbios_gates_GateHwi_Object__DESC__C                             
0000b924  ti_sysbios_gates_GateMutex_Object__DESC__C                           
0000b944  ti_sysbios_heaps_HeapMem_Object__DESC__C                             
0000b964  ti_sysbios_knl_Queue_Object__DESC__C                                 
0000b984  ti_sysbios_knl_Semaphore_Object__DESC__C                             
0000b9a4  ti_sysbios_gates_GateHwi_Object__PARAMS__C                           
0000b9bc  ti_sysbios_gates_GateMutex_Object__PARAMS__C                         
0000b9d4  ti_sysbios_knl_Queue_Object__PARAMS__C                               
0000b9ec  xdc_runtime_Startup_firstFxns__A                                     
0000ba04  gVoltageScaleStr                                                     
0000ba18  xdc_runtime_Startup_sfxnRts__A                                       
0000ba2c  g_psDefaultCodePointMapTable                                         
0000ba44  ti_sysbios_family_arm_m3_Hwi_excHookFuncs__A                         
0000ba4c  ti_sysbios_knl_Idle_funcList__C                                      
0000ba54  xdc_runtime_Startup_firstFxns__C                                     
0000ba5c  xdc_runtime_Startup_lastFxns__C                                      
0000ba64  ti_catalog_arm_cortexm4_tiva_ce_Boot_A_mustNotUseEnhancedClockMode__C
0000ba68  ti_catalog_arm_cortexm4_tiva_ce_Boot_Module__diagsEnabled__C         
0000ba6c  ti_catalog_arm_cortexm4_tiva_ce_Boot_Module__diagsIncluded__C        
0000ba70  ti_catalog_arm_cortexm4_tiva_ce_Boot_Module__diagsMask__C            
0000ba74  ti_sysbios_family_arm_lm4_Timer_enableFunc__C                        
0000ba78  ti_sysbios_family_arm_lm4_Timer_numTimerDevices__C                   
0000ba7c  ti_sysbios_family_arm_lm4_Timer_startupNeeded__C                     
0000ba80  ti_sysbios_family_arm_lm4_TimestampProvider_Module__diagsEnabled__C  
0000ba84  ti_sysbios_family_arm_lm4_TimestampProvider_Module__diagsIncluded__C 
0000ba88  ti_sysbios_family_arm_lm4_TimestampProvider_Module__diagsMask__C     
0000ba8c  ti_sysbios_family_arm_m3_Hwi_E_NMI__C                                
0000ba90  ti_sysbios_family_arm_m3_Hwi_E_busFault__C                           
0000ba94  ti_sysbios_family_arm_m3_Hwi_E_debugMon__C                           
0000ba98  ti_sysbios_family_arm_m3_Hwi_E_hardFault__C                          
0000ba9c  ti_sysbios_family_arm_m3_Hwi_E_memFault__C                           
0000baa0  ti_sysbios_family_arm_m3_Hwi_E_noIsr__C                              
0000baa4  ti_sysbios_family_arm_m3_Hwi_E_reserved__C                           
0000baa8  ti_sysbios_family_arm_m3_Hwi_E_svCall__C                             
0000baac  ti_sysbios_family_arm_m3_Hwi_E_usageFault__C                         
0000bab0  ti_sysbios_family_arm_m3_Hwi_NUM_INTERRUPTS__C                       
0000bab4  ti_sysbios_family_arm_m3_Hwi_Object__count__C                        
0000bab8  ti_sysbios_family_arm_m3_Hwi_ccr__C                                  
0000babc  ti_sysbios_family_arm_m3_Hwi_excHandlerFunc__C                       
0000bac0  ti_sysbios_family_arm_m3_Hwi_excHookFuncs__C                         
0000bac4  ti_sysbios_family_arm_m3_Hwi_nullIsrFunc__C                          
0000bac8  ti_sysbios_family_arm_m3_Hwi_priGroup__C                             
0000bacc  ti_sysbios_gates_GateMutex_A_badContext__C                           
0000bad0  ti_sysbios_gates_GateMutex_Instance_State_sem__O                     
0000bad4  ti_sysbios_gates_GateMutex_Module__diagsEnabled__C                   
0000bad8  ti_sysbios_gates_GateMutex_Module__diagsIncluded__C                  
0000badc  ti_sysbios_gates_GateMutex_Module__diagsMask__C                      
0000bae0  ti_sysbios_hal_Hwi_E_stackOverflow__C                                
0000bae4  ti_sysbios_heaps_HeapMem_A_align__C                                  
0000bae8  ti_sysbios_heaps_HeapMem_A_heapSize__C                               
0000baec  ti_sysbios_heaps_HeapMem_A_invalidFree__C                            
0000baf0  ti_sysbios_heaps_HeapMem_A_zeroBlock__C                              
0000baf4  ti_sysbios_heaps_HeapMem_E_memory__C                                 
0000baf8  ti_sysbios_heaps_HeapMem_Module__diagsEnabled__C                     
0000bafc  ti_sysbios_heaps_HeapMem_Module__diagsIncluded__C                    
0000bb00  ti_sysbios_heaps_HeapMem_Module__diagsMask__C                        
0000bb04  ti_sysbios_heaps_HeapMem_Module__gateObj__C                          
0000bb08  ti_sysbios_heaps_HeapMem_Object__count__C                            
0000bb0c  ti_sysbios_heaps_HeapMem_reqAlign__C                                 
0000bb10  ti_sysbios_knl_Clock_Module_State_clockQ__O                          
0000bb14  ti_sysbios_knl_Idle_funcList__A                                      
0000bb18  ti_sysbios_knl_Mailbox_Instance_State_dataQue__O                     
0000bb1c  ti_sysbios_knl_Mailbox_Instance_State_dataSem__O                     
0000bb20  ti_sysbios_knl_Mailbox_Instance_State_freeQue__O                     
0000bb24  ti_sysbios_knl_Mailbox_Instance_State_freeSem__O                     
0000bb28  ti_sysbios_knl_Mailbox_Object__count__C                              
0000bb2c  ti_sysbios_knl_Mailbox_maxTypeAlign__C                               
0000bb30  ti_sysbios_knl_Semaphore_A_badContext__C                             
0000bb34  ti_sysbios_knl_Semaphore_A_noEvents__C                               
0000bb38  ti_sysbios_knl_Semaphore_A_overflow__C                               
0000bb3c  ti_sysbios_knl_Semaphore_A_pendTaskDisabled__C                       
0000bb40  ti_sysbios_knl_Semaphore_Instance_State_pendQ__O                     
0000bb44  ti_sysbios_knl_Semaphore_Module__diagsEnabled__C                     
0000bb48  ti_sysbios_knl_Semaphore_Module__diagsIncluded__C                    
0000bb4c  ti_sysbios_knl_Semaphore_Module__diagsMask__C                        
0000bb50  ti_sysbios_knl_Swi_Object__count__C                                  
0000bb54  ti_sysbios_knl_Task_E_spOutOfBounds__C                               
0000bb58  ti_sysbios_knl_Task_E_stackOverflow__C                               
0000bb5c  ti_sysbios_knl_Task_Module_State_inactiveQ__O                        
0000bb60  ti_sysbios_knl_Task_Object__count__C                                 
0000bb64  ti_sysbios_knl_Task_allBlockedFunc__C                                
0000bb68  ti_sysbios_knl_Task_numConstructedTasks__C                           
0000bb6c  xdc_runtime_Assert_E_assertFailed__C                                 
0000bb70  xdc_runtime_Core_A_initializedParams__C                              
0000bb74  xdc_runtime_Core_Module__diagsEnabled__C                             
0000bb78  xdc_runtime_Core_Module__diagsIncluded__C                            
0000bb7c  xdc_runtime_Core_Module__diagsMask__C                                
0000bb80  xdc_runtime_Error_E_memory__C                                        
0000bb84  xdc_runtime_Error_Module__diagsEnabled__C                            
0000bb88  xdc_runtime_Error_Module__diagsIncluded__C                           
0000bb8c  xdc_runtime_Error_Module__diagsMask__C                               
0000bb90  xdc_runtime_Error_Module__loggerFxn8__C                              
0000bb94  xdc_runtime_Error_Module__loggerObj__C                               
0000bb98  xdc_runtime_Error_policyFxn__C                                       
0000bb9c  xdc_runtime_Error_raiseHook__C                                       
0000bba0  xdc_runtime_IGateProvider_Interface__BASE__C                         
0000bba4  xdc_runtime_IHeap_Interface__BASE__C                                 
0000bba8  xdc_runtime_IModule_Interface__BASE__C                               
0000bbac  xdc_runtime_Log_L_error__C                                           
0000bbb0  xdc_runtime_Memory_defaultHeapInstance__C                            
0000bbb4  xdc_runtime_Startup_execImpl__C                                      
0000bbb8  xdc_runtime_Startup_maxPasses__C                                     
0000bbbc  xdc_runtime_Startup_sfxnRts__C                                       
0000bbc0  xdc_runtime_Startup_sfxnTab__C                                       
0000bbc4  xdc_runtime_SysMin_bufSize__C                                        
0000bbc8  xdc_runtime_SysMin_outputFunc__C                                     
0000bbcc  xdc_runtime_System_Module__gateObj__C                                
0000bbd0  xdc_runtime_System_abortFxn__C                                       
0000bbd4  xdc_runtime_System_exitFxn__C                                        
0000bbd8  xdc_runtime_System_extendFxn__C                                      
0000bbdc  xdc_runtime_System_maxAtexitHandlers__C                              
0000bbe0  xdc_runtime_Text_charTab__C                                          
0000bbe4  xdc_runtime_Text_nameEmpty__C                                        
0000bbe8  xdc_runtime_Text_nameStatic__C                                       
0000bbec  xdc_runtime_Text_nameUnknown__C                                      
0000bbf0  xdc_runtime_Text_nodeTab__C                                          
0000bbf4  xdc_runtime_Text_visitRopeFxn__C                                     
0000bbf8  ti_catalog_arm_cortexm4_tiva_ce_Boot_Module__id__C                   
0000bbfa  ti_sysbios_family_arm_lm4_TimestampProvider_Module__id__C            
0000bbfc  ti_sysbios_family_arm_lm4_TimestampProvider_useClockTimer__C         
0000bbfe  ti_sysbios_family_arm_m3_Hwi_Module__id__C                           
0000bc00  ti_sysbios_gates_GateMutex_Module__id__C                             
0000bc02  ti_sysbios_hal_Hwi_Module__id__C                                     
0000bc04  ti_sysbios_heaps_HeapMem_Module__id__C                               
0000bc06  ti_sysbios_knl_Semaphore_Module__id__C                               
0000bc08  ti_sysbios_knl_Task_Module__id__C                                    
0000bc0a  xdc_runtime_Core_Module__id__C                                       
0000bc0c  xdc_runtime_Error_Module__loggerDefined__C                           
0000bc0e  xdc_runtime_Error_maxDepth__C                                        
0000bc10  xdc_runtime_Memory_Module__id__C                                     
0000bc12  xdc_runtime_SysMin_flushAtExit__C                                    
0000bc14  xdc_runtime_Text_charCnt__C                                          
0000bc16  xdc_runtime_Text_isLoaded__C                                         
0000bc18  xdc_runtime_Text_registryModsLastId__C                               
0000bc1a  xdc_runtime_Text_unnamedModsLastId__C                                
0000bc20  __TI_static_base__                                                   
0000bec8  __TI_Handler_Table_Base                                              
0000bed4  __TI_Handler_Table_Limit                                             
0000bee8  __TI_CINIT_Base                                                      
0000bf00  __TI_CINIT_Limit                                                     
20000000  ti_sysbios_family_arm_m3_Hwi_ramVectors                              
20006468  ti_sysbios_knl_Task_Instance_State_0_stack__A                        
20006868  ti_sysbios_knl_Task_Instance_State_1_stack__A                        
20006c68  ti_sysbios_knl_Task_Instance_State_2_stack__A                        
20007068  ti_sysbios_knl_Task_Instance_State_3_stack__A                        
20007268  ti_sysbios_knl_Task_Instance_State_4_stack__A                        
20007468  ti_sysbios_knl_Task_Instance_State_5_stack__A                        
20007668  gADCBuffer                                                           
20008668  out_db                                                               
20009668  fft_sample                                                           
20009e68  ti_sysbios_heaps_HeapMem_Instance_State_0_buf__A                     
2000a268  ti_sysbios_family_arm_m3_Hwi_dispatchTable                           
2000a5c8  displayBuffer                                                        
2000a7c8  __CIOBUF_                                                            
2000a8e8  sample                                                               
2000a9e8  xdc_runtime_SysMin_Module_State_0_outbuf__A                          
2000aa7c  cfg                                                                  
2000aa80  ti_sysbios_knl_Mailbox_Instance_State_0_allocBuf__A                  
2000aa90  parmbuf                                                              
2000aa98  fScale                                                               
2000aa9c  gADCSamplingRate                                                     
2000aaa4  Lcd_ScreenHeigth                                                     
2000aaa6  Lcd_ScreenWidth                                                      
2000aaa8  Lcd_TouchTrim                                                        
2000aaaa  Lcd_FlagRead                                                         
2000aaab  Lcd_FontSolid                                                        
2000aaac  Lcd_Orientation                                                      
2000aaad  Lcd_PenSolid                                                         
2000aab0  Lcd_buffer                                                           
20012ab0  ti_sysbios_knl_Task_Object__table__V                                 
20012c78  ti_sysbios_knl_Swi_Module_State_0_readyQ__A                          
20012cf8  ti_sysbios_knl_Task_Module_State_0_readyQ__A                         
20012d78  ti_sysbios_knl_Mailbox_Object__table__V                              
20012dc8  ti_sysbios_knl_Semaphore_Object__table__V                            
20012e18  ti_sysbios_knl_Task_Module__state__V                                 
20012e5c  ti_sysbios_family_arm_lm4_Timer_Module_State_0_device__A             
20012e9c  ti_sysbios_family_arm_lm4_Timer_Object__table__V                     
20012edc  ti_sysbios_gates_GateMutex_Object__table__V                          
20012f14  ti_sysbios_family_arm_m3_Hwi_Module__state__V                        
20012f48  ti_sysbios_family_arm_m3_Hwi_Object__table__V                        
20012f78  ti_sysbios_knl_Swi_Object__table__V                                  
20012fa8  ti_sysbios_knl_Clock_Module__state__V                                
20012ff8  ti_sysbios_BIOS_Module__state__V                                     
2001301c  ti_sysbios_family_arm_lm4_Timer_Module_State_0_handles__A            
2001303c  ti_sysbios_knl_Clock_Object__table__V                                
2001305c  gSystemClock                                                         
20013060  cpu_load                                                             
20013064  gTime                                                                
20013068  mbValue                                                              
20013069  oscillo_mode                                                         
2001306c  buffer_size                                                          
20013070  vpd                                                                  
20013074  trig_slope                                                           
20013078  ti_sysbios_knl_Swi_Module__state__V                                  
20013094  ti_sysbios_heaps_HeapMem_Object__table__V                            
200130ac  fVoltsPerDiv                                                         
200130c0  gButtons                                                             
200130c4  fifo_head                                                            
200130c8  fifo_tail                                                            
200130cc  ti_sysbios_family_arm_lm4_Timer_Module__state__V                     
200130d8  xdc_runtime_SysMin_Module__state__V                                  
200130e4  _lock                                                                
200130e8  _unlock                                                              
200130ec  gJoystick                                                            
200130f4  gADCBufferIndex                                                      
200130f8  gADCErrors                                                           
200130fc  ti_sysbios_family_arm_lm4_TimestampProvider_Module__state__V         
20013104  ti_sysbios_gates_GateHwi_Module__root__V                             
2001310c  ti_sysbios_gates_GateMutex_Module__root__V                           
20013114  ti_sysbios_heaps_HeapMem_Module__root__V                             
2001311c  ti_sysbios_knl_Queue_Module__root__V                                 
20013124  ti_sysbios_knl_Semaphore_Module__root__V                             
2001312c  xdc_runtime_Registry_Module__state__V                                
20013134  xdc_runtime_Startup_Module__state__V                                 
2001313c  xdc_runtime_System_Module_State_0_atexitHandlers__A                  
20013144  xdc_runtime_System_Module__state__V                                  
2001314c  errno                                                                
20013150  main_func_sp                                                         
20013154  ti_sysbios_family_arm_m3_Hwi_Module_State_0_excContext__A            
20013158  ti_sysbios_family_arm_m3_Hwi_Module_State_0_excStack__A              
2001315c  ti_sysbios_gates_GateHwi_Object__table__V                            
20013160  ti_sysbios_knl_Task_Module_State_0_idleTask__A                       
20013164  xdc_runtime_Memory_Module__state__V                                  
20013168  ti_sysbios_family_arm_m3_Hwi_Module_State_0_excActive__A             
2001316a  xdc_runtime_Error_Module__state__V                                   
20013170  __stack                                                              
20013470  __STACK_END                                                          
e000e000  ti_sysbios_family_arm_m3_Hwi_nvic                                    
ffffffff  __TI_pprof_out_hndl                                                  
ffffffff  __TI_prof_data_size                                                  
ffffffff  __TI_prof_data_start                                                 
ffffffff  __binit__                                                            
ffffffff  __c_args__                                                           
ffffffff  binit                                                                
UNDEFED   SHT$$INIT_ARRAY$$Base                                                
UNDEFED   SHT$$INIT_ARRAY$$Limit                                               

[674 symbols]
