******************************************************************************
                  TI ARM Linker PC v18.12.7                    
******************************************************************************
>> Linked Mon Dec  7 13:37:30 2020

OUTPUT FILE NAME:   <ece3849d20_lab3_ayang.out>
ENTRY POINT SYMBOL: "_c_int00"  address: 00016409


MEMORY CONFIGURATION

         name            origin    length      used     unused   attr    fill
----------------------  --------  ---------  --------  --------  ----  --------
  FLASH                 00000000   00100000  00018d82  000e727e  R  X
  SRAM                  20000000   00040000  00013cee  0002c312  RW X


SEGMENT ALLOCATION MAP

run origin  load origin   length   init length attrs members
----------  ----------- ---------- ----------- ----- -------
00000000    00000000    00018d90   00018d90    r-x
  00000000    00000000    0000003c   0000003c    r-- .resetVecs
  00000040    00000040    0000d7bc   0000d7bc    r-- .const
  0000d800    0000d800    0000b28a   0000b28a    r-x .text
  00018a90    00018a90    00000300   00000300    r-- .cinit
20000000    20000000    00000360   00000000    rw-
  20000000    20000000    00000360   00000000    rw- .vecs
20000400    20000400    00013990   00000000    rw-
  20000400    20000400    0000af80   00000000    rw- .bss
  2000b380    2000b380    0000870e   00000000    rw- .data
  20013a90    20013a90    00000300   00000000    rw- .stack


SECTION ALLOCATION MAP

 output                                  attributes/
section   page    origin      length       input sections
--------  ----  ----------  ----------   ----------------
.const     0    00000040    0000d7bc     
                  00000040    0000af82     audio_waveform.obj (.const:.string:gWaveform)
                  0000afc2    000019d1     rtos_pem4f.oem4f (.const:xdc_runtime_Text_charTab__A)
                  0000c993    000002f8     grlib.lib : fontfixed6x8.obj (.const:.string:g_pui8FontFixed6x8Data)
                  0000cc8b    00000001     rtos_pem4f.oem4f (.const:xdc_runtime_Error_policy__C)
                  0000cc8c    00000004     audio_waveform.obj (.const)
                  0000cc90    00000158     rtsv7M4_T_le_v4SPD16_eabi.lib : k_rem_pio2.c.obj (.const:$O1$$)
                  0000cde8    00000120     Boot.aem4f : Boot_sysctl.oem4f (.const:g_pppui32XTALtoVCO)
                  0000cf08    00000101     rtsv7M4_T_le_v4SPD16_eabi.lib : ctype.c.obj (.const:.string:_ctypes_)
                  0000d009    00000001     --HOLE-- [fill = 0]
                  0000d00a    000000cc     rtos_pem4f.oem4f (.const:xdc_runtime_Text_nodeTab__A)
                  0000d0d6    00000002     rtos_pem4f.oem4f (.const:ti_catalog_arm_cortexm4_tiva_ce_Boot_Module__id__C)
                  0000d0d8    000000c8     grlib.lib : fontfixed6x8.obj (.const:g_sFontFixed6x8)
                  0000d1a0    00000090     driverlib.lib : gpio.obj (.const:g_pui32GPIOBaseAddrs)
                  0000d230    0000006c     Boot.aem4f : Boot_sysctl.oem4f (.const:g_pui32Xtals)
                  0000d29c    00000048     rtos_pem4f.oem4f (.const:.string)
                  0000d2e4    0000003c     rtos_pem4f.oem4f (.const)
                  0000d320    00000030     Boot.aem4f : Boot_sysctl.oem4f (.const:g_sXTALtoMEMTIM)
                  0000d350    00000028     Crystalfontz128x128_ST7735.obj (.const:g_sCrystalfontz128x128)
                  0000d378    00000028     rtos_pem4f.oem4f (.const:ti_sysbios_heaps_HeapMem_Module__FXNS__C)
                  0000d3a0    00000028     rtos_pem4f.oem4f (.const:xdc_runtime_Startup_sfxnTab__A)
                  0000d3c8    00000024     rtos_pem4f.oem4f (.const:ti_sysbios_gates_GateHwi_Module__FXNS__C)
                  0000d3ec    00000024     rtos_pem4f.oem4f (.const:ti_sysbios_gates_GateMutex_Module__FXNS__C)
                  0000d410    00000024     rtos_pem4f.oem4f (.const:ti_sysbios_gates_GateTask_Module__FXNS__C)
                  0000d434    00000024     rtos_pem4f.oem4f (.const:ti_sysbios_heaps_HeapMem_Object__PARAMS__C)
                  0000d458    00000024     rtos_pem4f.oem4f (.const:ti_sysbios_knl_Semaphore_Object__PARAMS__C)
                  0000d47c    00000020     main.obj (.const:.string)
                  0000d49c    00000020     rtos_pem4f.oem4f (.const:ti_sysbios_gates_GateHwi_Object__DESC__C)
                  0000d4bc    00000020     rtos_pem4f.oem4f (.const:ti_sysbios_gates_GateMutex_Object__DESC__C)
                  0000d4dc    00000020     rtos_pem4f.oem4f (.const:ti_sysbios_gates_GateTask_Object__DESC__C)
                  0000d4fc    00000020     rtos_pem4f.oem4f (.const:ti_sysbios_heaps_HeapMem_Object__DESC__C)
                  0000d51c    00000020     rtos_pem4f.oem4f (.const:ti_sysbios_knl_Queue_Object__DESC__C)
                  0000d53c    00000020     rtos_pem4f.oem4f (.const:ti_sysbios_knl_Semaphore_Object__DESC__C)
                  0000d55c    00000018     rtos_pem4f.oem4f (.const:ti_sysbios_gates_GateHwi_Object__PARAMS__C)
                  0000d574    00000018     rtos_pem4f.oem4f (.const:ti_sysbios_gates_GateMutex_Object__PARAMS__C)
                  0000d58c    00000018     rtos_pem4f.oem4f (.const:ti_sysbios_gates_GateTask_Object__PARAMS__C)
                  0000d5a4    00000018     rtos_pem4f.oem4f (.const:ti_sysbios_knl_Queue_Object__PARAMS__C)
                  0000d5bc    00000018     rtos_pem4f.oem4f (.const:xdc_runtime_Startup_firstFxns__A)
                  0000d5d4    00000014     main.obj (.const:gVoltageScaleStr)
                  0000d5e8    00000014     rtos_pem4f.oem4f (.const:xdc_runtime_Startup_sfxnRts__A)
                  0000d5fc    00000010     grlib.lib : context.obj (.const)
                  0000d60c    00000008     Boot.aem4f : Boot_sysctl.oem4f (.const)
                  0000d614    00000008     rtos_pem4f.oem4f (.const:ti_sysbios_family_arm_m3_Hwi_excHookFuncs__A)
                  0000d61c    00000008     rtos_pem4f.oem4f (.const:ti_sysbios_knl_Idle_funcList__C)
                  0000d624    00000008     rtos_pem4f.oem4f (.const:xdc_runtime_Startup_firstFxns__C)
                  0000d62c    00000008     rtos_pem4f.oem4f (.const:xdc_runtime_Startup_lastFxns__C)
                  0000d634    00000004     rtos_pem4f.oem4f (.const:ti_catalog_arm_cortexm4_tiva_ce_Boot_A_mustNotUseEnhancedClockMode__C)
                  0000d638    00000004     rtos_pem4f.oem4f (.const:ti_catalog_arm_cortexm4_tiva_ce_Boot_Module__diagsEnabled__C)
                  0000d63c    00000004     rtos_pem4f.oem4f (.const:ti_catalog_arm_cortexm4_tiva_ce_Boot_Module__diagsIncluded__C)
                  0000d640    00000004     rtos_pem4f.oem4f (.const:ti_catalog_arm_cortexm4_tiva_ce_Boot_Module__diagsMask__C)
                  0000d644    00000004     rtos_pem4f.oem4f (.const:ti_sysbios_family_arm_lm4_Timer_enableFunc__C)
                  0000d648    00000004     rtos_pem4f.oem4f (.const:ti_sysbios_family_arm_lm4_Timer_numTimerDevices__C)
                  0000d64c    00000004     rtos_pem4f.oem4f (.const:ti_sysbios_family_arm_lm4_Timer_startupNeeded__C)
                  0000d650    00000004     rtos_pem4f.oem4f (.const:ti_sysbios_family_arm_lm4_TimestampProvider_Module__diagsEnabled__C)
                  0000d654    00000004     rtos_pem4f.oem4f (.const:ti_sysbios_family_arm_lm4_TimestampProvider_Module__diagsIncluded__C)
                  0000d658    00000004     rtos_pem4f.oem4f (.const:ti_sysbios_family_arm_lm4_TimestampProvider_Module__diagsMask__C)
                  0000d65c    00000004     rtos_pem4f.oem4f (.const:ti_sysbios_family_arm_m3_Hwi_E_NMI__C)
                  0000d660    00000004     rtos_pem4f.oem4f (.const:ti_sysbios_family_arm_m3_Hwi_E_busFault__C)
                  0000d664    00000004     rtos_pem4f.oem4f (.const:ti_sysbios_family_arm_m3_Hwi_E_debugMon__C)
                  0000d668    00000004     rtos_pem4f.oem4f (.const:ti_sysbios_family_arm_m3_Hwi_E_hardFault__C)
                  0000d66c    00000004     rtos_pem4f.oem4f (.const:ti_sysbios_family_arm_m3_Hwi_E_memFault__C)
                  0000d670    00000004     rtos_pem4f.oem4f (.const:ti_sysbios_family_arm_m3_Hwi_E_noIsr__C)
                  0000d674    00000004     rtos_pem4f.oem4f (.const:ti_sysbios_family_arm_m3_Hwi_E_reserved__C)
                  0000d678    00000004     rtos_pem4f.oem4f (.const:ti_sysbios_family_arm_m3_Hwi_E_svCall__C)
                  0000d67c    00000004     rtos_pem4f.oem4f (.const:ti_sysbios_family_arm_m3_Hwi_E_usageFault__C)
                  0000d680    00000004     rtos_pem4f.oem4f (.const:ti_sysbios_family_arm_m3_Hwi_NUM_INTERRUPTS__C)
                  0000d684    00000004     rtos_pem4f.oem4f (.const:ti_sysbios_family_arm_m3_Hwi_Object__count__C)
                  0000d688    00000004     rtos_pem4f.oem4f (.const:ti_sysbios_family_arm_m3_Hwi_ccr__C)
                  0000d68c    00000004     rtos_pem4f.oem4f (.const:ti_sysbios_family_arm_m3_Hwi_excHandlerFunc__C)
                  0000d690    00000004     rtos_pem4f.oem4f (.const:ti_sysbios_family_arm_m3_Hwi_excHookFuncs__C)
                  0000d694    00000004     rtos_pem4f.oem4f (.const:ti_sysbios_family_arm_m3_Hwi_nullIsrFunc__C)
                  0000d698    00000004     rtos_pem4f.oem4f (.const:ti_sysbios_family_arm_m3_Hwi_priGroup__C)
                  0000d69c    00000004     rtos_pem4f.oem4f (.const:ti_sysbios_gates_GateMutex_A_badContext__C)
                  0000d6a0    00000004     rtos_pem4f.oem4f (.const:ti_sysbios_gates_GateMutex_Instance_State_sem__O)
                  0000d6a4    00000004     rtos_pem4f.oem4f (.const:ti_sysbios_gates_GateMutex_Module__diagsEnabled__C)
                  0000d6a8    00000004     rtos_pem4f.oem4f (.const:ti_sysbios_gates_GateMutex_Module__diagsIncluded__C)
                  0000d6ac    00000004     rtos_pem4f.oem4f (.const:ti_sysbios_gates_GateMutex_Module__diagsMask__C)
                  0000d6b0    00000004     rtos_pem4f.oem4f (.const:ti_sysbios_gates_GateTask_A_badContext__C)
                  0000d6b4    00000004     rtos_pem4f.oem4f (.const:ti_sysbios_gates_GateTask_Module__diagsEnabled__C)
                  0000d6b8    00000004     rtos_pem4f.oem4f (.const:ti_sysbios_gates_GateTask_Module__diagsIncluded__C)
                  0000d6bc    00000004     rtos_pem4f.oem4f (.const:ti_sysbios_gates_GateTask_Module__diagsMask__C)
                  0000d6c0    00000004     rtos_pem4f.oem4f (.const:ti_sysbios_hal_Hwi_E_stackOverflow__C)
                  0000d6c4    00000004     rtos_pem4f.oem4f (.const:ti_sysbios_heaps_HeapMem_A_align__C)
                  0000d6c8    00000004     rtos_pem4f.oem4f (.const:ti_sysbios_heaps_HeapMem_A_heapSize__C)
                  0000d6cc    00000004     rtos_pem4f.oem4f (.const:ti_sysbios_heaps_HeapMem_A_invalidFree__C)
                  0000d6d0    00000004     rtos_pem4f.oem4f (.const:ti_sysbios_heaps_HeapMem_A_zeroBlock__C)
                  0000d6d4    00000004     rtos_pem4f.oem4f (.const:ti_sysbios_heaps_HeapMem_E_memory__C)
                  0000d6d8    00000004     rtos_pem4f.oem4f (.const:ti_sysbios_heaps_HeapMem_Module__diagsEnabled__C)
                  0000d6dc    00000004     rtos_pem4f.oem4f (.const:ti_sysbios_heaps_HeapMem_Module__diagsIncluded__C)
                  0000d6e0    00000004     rtos_pem4f.oem4f (.const:ti_sysbios_heaps_HeapMem_Module__diagsMask__C)
                  0000d6e4    00000004     rtos_pem4f.oem4f (.const:ti_sysbios_heaps_HeapMem_Module__gateObj__C)
                  0000d6e8    00000004     rtos_pem4f.oem4f (.const:ti_sysbios_heaps_HeapMem_Object__count__C)
                  0000d6ec    00000004     rtos_pem4f.oem4f (.const:ti_sysbios_heaps_HeapMem_reqAlign__C)
                  0000d6f0    00000004     rtos_pem4f.oem4f (.const:ti_sysbios_knl_Clock_Module_State_clockQ__O)
                  0000d6f4    00000004     rtos_pem4f.oem4f (.const:ti_sysbios_knl_Idle_funcList__A)
                  0000d6f8    00000004     rtos_pem4f.oem4f (.const:ti_sysbios_knl_Mailbox_Instance_State_dataQue__O)
                  0000d6fc    00000004     rtos_pem4f.oem4f (.const:ti_sysbios_knl_Mailbox_Instance_State_dataSem__O)
                  0000d700    00000004     rtos_pem4f.oem4f (.const:ti_sysbios_knl_Mailbox_Instance_State_freeQue__O)
                  0000d704    00000004     rtos_pem4f.oem4f (.const:ti_sysbios_knl_Mailbox_Instance_State_freeSem__O)
                  0000d708    00000004     rtos_pem4f.oem4f (.const:ti_sysbios_knl_Mailbox_Object__count__C)
                  0000d70c    00000004     rtos_pem4f.oem4f (.const:ti_sysbios_knl_Mailbox_maxTypeAlign__C)
                  0000d710    00000004     rtos_pem4f.oem4f (.const:ti_sysbios_knl_Semaphore_A_badContext__C)
                  0000d714    00000004     rtos_pem4f.oem4f (.const:ti_sysbios_knl_Semaphore_A_noEvents__C)
                  0000d718    00000004     rtos_pem4f.oem4f (.const:ti_sysbios_knl_Semaphore_A_overflow__C)
                  0000d71c    00000004     rtos_pem4f.oem4f (.const:ti_sysbios_knl_Semaphore_A_pendTaskDisabled__C)
                  0000d720    00000004     rtos_pem4f.oem4f (.const:ti_sysbios_knl_Semaphore_Instance_State_pendQ__O)
                  0000d724    00000004     rtos_pem4f.oem4f (.const:ti_sysbios_knl_Semaphore_Module__diagsEnabled__C)
                  0000d728    00000004     rtos_pem4f.oem4f (.const:ti_sysbios_knl_Semaphore_Module__diagsIncluded__C)
                  0000d72c    00000004     rtos_pem4f.oem4f (.const:ti_sysbios_knl_Semaphore_Module__diagsMask__C)
                  0000d730    00000004     rtos_pem4f.oem4f (.const:ti_sysbios_knl_Swi_Object__count__C)
                  0000d734    00000004     rtos_pem4f.oem4f (.const:ti_sysbios_knl_Task_E_spOutOfBounds__C)
                  0000d738    00000004     rtos_pem4f.oem4f (.const:ti_sysbios_knl_Task_E_stackOverflow__C)
                  0000d73c    00000004     rtos_pem4f.oem4f (.const:ti_sysbios_knl_Task_Module_State_inactiveQ__O)
                  0000d740    00000004     rtos_pem4f.oem4f (.const:ti_sysbios_knl_Task_Object__count__C)
                  0000d744    00000004     rtos_pem4f.oem4f (.const:ti_sysbios_knl_Task_allBlockedFunc__C)
                  0000d748    00000004     rtos_pem4f.oem4f (.const:ti_sysbios_knl_Task_numConstructedTasks__C)
                  0000d74c    00000004     rtos_pem4f.oem4f (.const:xdc_runtime_Assert_E_assertFailed__C)
                  0000d750    00000004     rtos_pem4f.oem4f (.const:xdc_runtime_Core_A_initializedParams__C)
                  0000d754    00000004     rtos_pem4f.oem4f (.const:xdc_runtime_Core_Module__diagsEnabled__C)
                  0000d758    00000004     rtos_pem4f.oem4f (.const:xdc_runtime_Core_Module__diagsIncluded__C)
                  0000d75c    00000004     rtos_pem4f.oem4f (.const:xdc_runtime_Core_Module__diagsMask__C)
                  0000d760    00000004     rtos_pem4f.oem4f (.const:xdc_runtime_Error_E_memory__C)
                  0000d764    00000004     rtos_pem4f.oem4f (.const:xdc_runtime_Error_Module__diagsEnabled__C)
                  0000d768    00000004     rtos_pem4f.oem4f (.const:xdc_runtime_Error_Module__diagsIncluded__C)
                  0000d76c    00000004     rtos_pem4f.oem4f (.const:xdc_runtime_Error_Module__diagsMask__C)
                  0000d770    00000004     rtos_pem4f.oem4f (.const:xdc_runtime_Error_Module__loggerFxn8__C)
                  0000d774    00000004     rtos_pem4f.oem4f (.const:xdc_runtime_Error_Module__loggerObj__C)
                  0000d778    00000004     rtos_pem4f.oem4f (.const:xdc_runtime_Error_policyFxn__C)
                  0000d77c    00000004     rtos_pem4f.oem4f (.const:xdc_runtime_Error_raiseHook__C)
                  0000d780    00000004     rtos_pem4f.oem4f (.const:xdc_runtime_IGateProvider_Interface__BASE__C)
                  0000d784    00000004     rtos_pem4f.oem4f (.const:xdc_runtime_IHeap_Interface__BASE__C)
                  0000d788    00000004     rtos_pem4f.oem4f (.const:xdc_runtime_IModule_Interface__BASE__C)
                  0000d78c    00000004     rtos_pem4f.oem4f (.const:xdc_runtime_Log_L_error__C)
                  0000d790    00000004     rtos_pem4f.oem4f (.const:xdc_runtime_Memory_defaultHeapInstance__C)
                  0000d794    00000004     rtos_pem4f.oem4f (.const:xdc_runtime_Startup_execImpl__C)
                  0000d798    00000004     rtos_pem4f.oem4f (.const:xdc_runtime_Startup_maxPasses__C)
                  0000d79c    00000004     rtos_pem4f.oem4f (.const:xdc_runtime_Startup_sfxnRts__C)
                  0000d7a0    00000004     rtos_pem4f.oem4f (.const:xdc_runtime_Startup_sfxnTab__C)
                  0000d7a4    00000004     rtos_pem4f.oem4f (.const:xdc_runtime_SysMin_bufSize__C)
                  0000d7a8    00000004     rtos_pem4f.oem4f (.const:xdc_runtime_SysMin_outputFunc__C)
                  0000d7ac    00000004     rtos_pem4f.oem4f (.const:xdc_runtime_System_Module__gateObj__C)
                  0000d7b0    00000004     rtos_pem4f.oem4f (.const:xdc_runtime_System_abortFxn__C)
                  0000d7b4    00000004     rtos_pem4f.oem4f (.const:xdc_runtime_System_exitFxn__C)
                  0000d7b8    00000004     rtos_pem4f.oem4f (.const:xdc_runtime_System_extendFxn__C)
                  0000d7bc    00000004     rtos_pem4f.oem4f (.const:xdc_runtime_System_maxAtexitHandlers__C)
                  0000d7c0    00000004     rtos_pem4f.oem4f (.const:xdc_runtime_Text_charTab__C)
                  0000d7c4    00000004     rtos_pem4f.oem4f (.const:xdc_runtime_Text_nameEmpty__C)
                  0000d7c8    00000004     rtos_pem4f.oem4f (.const:xdc_runtime_Text_nameStatic__C)
                  0000d7cc    00000004     rtos_pem4f.oem4f (.const:xdc_runtime_Text_nameUnknown__C)
                  0000d7d0    00000004     rtos_pem4f.oem4f (.const:xdc_runtime_Text_nodeTab__C)
                  0000d7d4    00000004     rtos_pem4f.oem4f (.const:xdc_runtime_Text_visitRopeFxn__C)
                  0000d7d8    00000002     rtos_pem4f.oem4f (.const:ti_sysbios_family_arm_lm4_TimestampProvider_Module__id__C)
                  0000d7da    00000002     rtos_pem4f.oem4f (.const:ti_sysbios_family_arm_lm4_TimestampProvider_useClockTimer__C)
                  0000d7dc    00000002     rtos_pem4f.oem4f (.const:ti_sysbios_family_arm_m3_Hwi_Module__id__C)
                  0000d7de    00000002     rtos_pem4f.oem4f (.const:ti_sysbios_gates_GateMutex_Module__id__C)
                  0000d7e0    00000002     rtos_pem4f.oem4f (.const:ti_sysbios_gates_GateTask_Module__id__C)
                  0000d7e2    00000002     rtos_pem4f.oem4f (.const:ti_sysbios_hal_Hwi_Module__id__C)
                  0000d7e4    00000002     rtos_pem4f.oem4f (.const:ti_sysbios_heaps_HeapMem_Module__id__C)
                  0000d7e6    00000002     rtos_pem4f.oem4f (.const:ti_sysbios_knl_Semaphore_Module__id__C)
                  0000d7e8    00000002     rtos_pem4f.oem4f (.const:ti_sysbios_knl_Task_Module__id__C)
                  0000d7ea    00000002     rtos_pem4f.oem4f (.const:xdc_runtime_Core_Module__id__C)
                  0000d7ec    00000002     rtos_pem4f.oem4f (.const:xdc_runtime_Error_Module__loggerDefined__C)
                  0000d7ee    00000002     rtos_pem4f.oem4f (.const:xdc_runtime_Error_maxDepth__C)
                  0000d7f0    00000002     rtos_pem4f.oem4f (.const:xdc_runtime_Memory_Module__id__C)
                  0000d7f2    00000002     rtos_pem4f.oem4f (.const:xdc_runtime_SysMin_flushAtExit__C)
                  0000d7f4    00000002     rtos_pem4f.oem4f (.const:xdc_runtime_Text_charCnt__C)
                  0000d7f6    00000002     rtos_pem4f.oem4f (.const:xdc_runtime_Text_isLoaded__C)
                  0000d7f8    00000002     rtos_pem4f.oem4f (.const:xdc_runtime_Text_registryModsLastId__C)
                  0000d7fa    00000002     rtos_pem4f.oem4f (.const:xdc_runtime_Text_unnamedModsLastId__C)

.text      0    0000d800    0000b28a     
                  0000d800    00000a4e     rtsv7M4_T_le_v4SPD16_eabi.lib : _printfi.c.obj (.text:__TI_printfi)
                  0000e24e    00000002                                   : _lock.c.obj (.text:_nop)
                  0000e250    00000738                                   : k_rem_pio2.c.obj (.text:__kernel_rem_pio2)
                  0000e988    000005dc                                   : s_cos.c.obj (.text:cos)
                  0000ef64    000005c4                                   : s_sin.c.obj (.text:sin)
                  0000f528    00000430     sysbios.aem4f : BIOS.obj (.text:ti_sysbios_family_arm_m3_Hwi_excDumpRegs__I)
                  0000f958    0000034c     ti.targets.arm.rtsarm.aem4f : System.oem4f (.text:xdc_runtime_System_doPrint__I)
                  0000fca4    00000004     driverlib.lib : adc.obj (.text:ADCIntClearEx)
                  0000fca8    00000348     main.obj (.text:displayTask)
                  0000fff0    000002a4     sysbios.aem4f : BIOS.obj (.text:ti_sysbios_knl_Semaphore_pend__E)
                  00010294    00000004     driverlib.lib : timer.obj (.text:TimerIntClear)
                  00010298    0000028e     kiss_fft.obj (.text:kf_bfly5)
                  00010526    00000002     rtsv7M4_T_le_v4SPD16_eabi.lib : div0.asm.obj (.text)
                  00010528    00000270                                   : _printfi.c.obj (.text:_pconv_a)
                  00010798    0000026c     sysbios.aem4f : BIOS.obj (.text:ti_sysbios_heaps_HeapMem_free__E)
                  00010a04    00000256     grlib.lib : string.obj (.text:GrFontGlyphRender)
                  00010c5a    00000006     driverlib.lib : gpio.obj (.text:GPIOPinRead)
                  00010c60    00000250     sysbios.aem4f : BIOS.obj (.text:ti_sysbios_heaps_HeapMem_alloc__E)
                  00010eb0    00000204     Boot.aem4f : Boot_sysctl.oem4f (.text:ti_catalog_arm_cortexm4_tiva_ce_Boot_sysCtlClockFreqSetI__I)
                  000110b4    00000004     rtsv7M4_T_le_v4SPD16_eabi.lib : exit.c.obj (.text:abort:abort)
                  000110b8    000001f4     sysbios.aem4f : BIOS.obj (.text:ti_sysbios_family_arm_m3_Hwi_excHandlerMax__I)
                  000112ac    00000004                   : BIOS.obj (.text:ti_sysbios_family_arm_lm4_Timer_masterEnable__I)
                  000112b0    000001f0     kiss_fft.obj (.text:kf_bfly4)
                  000114a0    000001d0     rtsv7M4_T_le_v4SPD16_eabi.lib : _printfi.c.obj (.text:_pconv_g)
                  00011670    000001b6                                   : fd_add_t2.asm.obj (.text)
                  00011826    00000002     --HOLE-- [fill = 0]
                  00011828    000001b4     kiss_fft.obj (.text:kf_bfly3)
                  000119dc    00000004     ti.targets.arm.rtsarm.aem4f : Error.oem4f (.text:xdc_runtime_Error_getSite__E)
                  000119e0    000001a4     buttons.obj (.text:ButtonInit)
                  00011b84    00000174     rtsv7M4_T_le_v4SPD16_eabi.lib : k_sin.c.obj (.text:__kernel_sin)
                  00011cf8    00000174     main.obj (.text:processingTask)
                  00011e6c    00000004     ti.targets.arm.rtsarm.aem4f : System.oem4f (.text:xdc_runtime_System_aprintf_va__F)
                  00011e70    00000174     sysbios.aem4f : BIOS.obj (.text:ti_sysbios_family_arm_m3_Hwi_excBusFault__I)
                  00011fe4    0000016c     rtsv7M4_T_le_v4SPD16_eabi.lib : k_cos.c.obj (.text:__kernel_cos)
                  00012150    00000164     sysbios.aem4f : BIOS.obj (.text:ti_sysbios_family_arm_m3_Hwi_excUsageFault__I)
                  000122b4    0000015c     rtsv7M4_T_le_v4SPD16_eabi.lib : e_log10f.c.obj (.text:log10f)
                  00012410    00000158                                   : e_sqrt.c.obj (.text:sqrt)
                  00012568    00000148     sysbios.aem4f : BIOS.obj (.text:ti_sysbios_family_arm_m3_Hwi_excMemFault__I)
                  000126b0    0000013c     rtsv7M4_T_le_v4SPD16_eabi.lib : _printfi.c.obj (.text:_pconv_e)
                  000127ec    00000004     ti.targets.arm.rtsarm.aem4f : System.oem4f (.text:xdc_runtime_System_printf_va__F)
                  000127f0    0000013c     sysbios.aem4f : BIOS.obj (.text:ti_sysbios_heaps_HeapMem_Instance_init__E)
                  0001292c    00000004     --HOLE-- [fill = 0]
                  00012930    0000013c     main.obj (.text:userInputTask)
                  00012a6c    00000136     rtsv7M4_T_le_v4SPD16_eabi.lib : fd_div_t2.asm.obj (.text)
                  00012ba2    00000130     driverlib.lib : gpio.obj (.text:GPIOPadConfigSet)
                  00012cd2    00000006                   : gpio.obj (.text:GPIOPinWrite)
                  00012cd8    0000012c     main.obj (.text:SignalInit)
                  00012e04    00000004     --HOLE-- [fill = 0]
                  00012e08    00000128     main.obj (.text:buttonTask)
                  00012f30    00000124     rtsv7M4_T_le_v4SPD16_eabi.lib : _printfi.c.obj (.text:fcvt)
                  00013054    00000118     ti.targets.arm.rtsarm.aem4f : Error.oem4f (.text:xdc_runtime_Error_policyDefault__E)
                  0001316c    00000110     rtsv7M4_T_le_v4SPD16_eabi.lib : s_scalbn.c.obj (.text:scalbn)
                  0001327c    00000004     --HOLE-- [fill = 0]
                  00013280    00000108     sysbios.aem4f : BIOS.obj (.text:ti_sysbios_family_arm_lm4_Timer_start__E)
                  00013388    00000106     grlib.lib : line.obj (.text:GrLineDraw)
                  0001348e    00000002     --HOLE-- [fill = 0]
                  00013490    00000100     ti.targets.arm.rtsarm.aem4f : Core-mem.oem4f (.text:xdc_runtime_Core_createObject__I)
                  00013590    000000fc     kiss_fft.obj (.text:kf_bfly_generic)
                  0001368c    000000fc     rtsv7M4_T_le_v4SPD16_eabi.lib : fd_mul_t2.asm.obj (.text)
                  00013788    000000fc     rtos_pem4f.oem4f (.text:xdc_runtime_System_printfExtend__I)
                  00013884    000000f8     rtsv7M4_T_le_v4SPD16_eabi.lib : s_floor.c.obj (.text:floor)
                  0001397c    000000f8     ti.targets.arm.rtsarm.aem4f : Startup.oem4f (.text:xdc_runtime_Startup_startMods__I)
                  00013a74    000000f4     sysbios.aem4f : m3_Hwi_asm.obj (.text:ti_sysbios_family_arm_m3_Hwi_dispatch__I)
                  00013b68    000000ec                   : BIOS.obj (.text:ti_sysbios_knl_Semaphore_post__E)
                  00013c54    00000004     --HOLE-- [fill = 0]
                  00013c58    000000e2     kiss_fft.obj (.text:kf_work)
                  00013d3a    00000006     grlib.lib : string.obj (.text:GrContextFontSet)
                  00013d40    000000dc     Crystalfontz128x128_ST7735.obj (.text:Crystalfontz128x128_PixelDrawMultiple)
                  00013e1c    00000004     --HOLE-- [fill = 0]
                  00013e20    000000d4     buttons.obj (.text:ButtonReadJoystick)
                  00013ef4    00000004     --HOLE-- [fill = 0]
                  00013ef8    000000d4     main.obj (.text:PWMInit)
                  00013fcc    00000004     --HOLE-- [fill = 0]
                  00013fd0    000000cc     kiss_fft.obj (.text:kiss_fft_alloc)
                  0001409c    000000cc     ti.targets.arm.rtsarm.aem4f : Core-smem.oem4f (.text:xdc_runtime_Core_constructObject__I)
                  00014168    000000c4     grlib.lib : string.obj (.text:GrDefaultStringRenderer)
                  0001422c    000000c0               : line.obj (.text:GrLineClip)
                  000142ec    00000004     --HOLE-- [fill = 0]
                  000142f0    000000bc     Crystalfontz128x128_ST7735.obj (.text:Crystalfontz128x128_Init)
                  000143ac    00000004     --HOLE-- [fill = 0]
                  000143b0    000000bc     sysbios.aem4f : BIOS.obj (.text:ti_sysbios_family_arm_m3_Hwi_excDebugMon__I)
                  0001446c    00000004     --HOLE-- [fill = 0]
                  00014470    000000bc                   : BIOS.obj (.text:ti_sysbios_family_arm_m3_Hwi_excHardFault__I)
                  0001452c    00000004     --HOLE-- [fill = 0]
                  00014530    000000b4                   : BIOS.obj (.text:ti_sysbios_gates_GateMutex_enter__E)
                  000145e4    00000004     --HOLE-- [fill = 0]
                  000145e8    000000b4                   : BIOS.obj (.text:ti_sysbios_knl_Task_checkStacks__E)
                  0001469c    000000b1     rtsv7M4_T_le_v4SPD16_eabi.lib : _printfi.c.obj (.text:_ltostr)
                  0001474d    00000003     --HOLE-- [fill = 0]
                  00014750    000000ac     sysbios.aem4f : BIOS.obj (.text:ti_sysbios_family_arm_lm4_Timer_enableTiva__I)
                  000147fc    00000004     --HOLE-- [fill = 0]
                  00014800    000000a8     main.obj (.text:waveformTask)
                  000148a8    000000a0     sampling.obj (.text:ADCInit)
                  00014948    000000a0     auto_init.aem4f : auto_init.oem4f (.text)
                  000149e8    000000a0     ti.targets.arm.rtsarm.aem4f : Text.oem4f (.text:xdc_runtime_Text_putMod__E)
                  00014a88    0000009c     Crystalfontz128x128_ST7735.obj (.text:Crystalfontz128x128_SetDrawFrame)
                  00014b24    0000009c     rtsv7M4_T_le_v4SPD16_eabi.lib : memcpy_t2.asm.obj (.text)
                  00014bc0    0000009c     sysbios.aem4f : BIOS.obj (.text:ti_sysbios_knl_Semaphore_Instance_init__E)
                  00014c5c    0000009a     ti.targets.arm.rtsarm.aem4f : Text.oem4f (.text:xdc_runtime_Text_putSite__E)
                  00014cf6    00000002     --HOLE-- [fill = 0]
                  00014cf8    00000098     Boot.aem4f : Boot.oem4f (.text:ti_catalog_arm_cortexm4_tiva_ce_Boot_sysCtlClockFreqSet__E)
                  00014d90    00000096     rtsv7M4_T_le_v4SPD16_eabi.lib : ull_div_t2.asm.obj (.text)
                  00014e26    00000002     --HOLE-- [fill = 0]
                  00014e28    00000094     sysbios.aem4f : BIOS.obj (.text:ti_sysbios_family_arm_m3_Hwi_initNVIC__E)
                  00014ebc    00000004     --HOLE-- [fill = 0]
                  00014ec0    00000094                   : BIOS.obj (.text:ti_sysbios_gates_GateTask_enter__E)
                  00014f54    00000004     --HOLE-- [fill = 0]
                  00014f58    00000094                   : BIOS.obj (.text:ti_sysbios_knl_Task_postInit__I)
                  00014fec    0000008c                   : m3_TaskSupport_asm.obj (.text:ti_sysbios_family_arm_m3_TaskSupport_buildTaskStack)
                  00015078    00000088                   : BIOS.obj (.text:ti_sysbios_knl_Mailbox_post__E)
                  00015100    00000086     grlib.lib : rectangle.obj (.text:GrRectFill)
                  00015186    00000086     rtsv7M4_T_le_v4SPD16_eabi.lib : fd_cmp_t2.asm.obj (.text:__aeabi_cdcmple)
                  0001520c    00000086                                   : fd_cmp_t2.asm.obj (.text:__aeabi_cdrcmple)
                  00015292    00000006     driverlib.lib : pwm.obj (.text:PWMGenIntClear)
                  00015298    00000084     sysbios.aem4f : BIOS.obj (.text:ti_sysbios_family_arm_m3_Hwi_postInit__I)
                  0001531c    00000084     driverlib.lib : udma.obj (.text:uDMAChannelTransferSet)
                  000153a0    00000080     Crystalfontz128x128_ST7735.obj (.text:Crystalfontz128x128_RectFill)
                  00015420    00000080     rtsv7M4_T_le_v4SPD16_eabi.lib : s_floorf.c.obj (.text:floorf)
                  000154a0    00000080     kiss_fft.obj (.text:kf_bfly2)
                  00015520    0000007a     driverlib.lib : adc.obj (.text:ADCSequenceStepConfigure)
                  0001559a    0000007a     rtsv7M4_T_le_v4SPD16_eabi.lib : memset_t2.asm.obj (.text)
                  00015614    00000004     --HOLE-- [fill = 0]
                  00015618    00000078     main.obj (.text:DMAInit)
                  00015690    00000078     HAL_EK_TM4C1294XL_Crystalfontz128x128_ST7735.obj (.text:HAL_LCD_PortInit)
                  00015708    00000078     HAL_EK_TM4C1294XL_Crystalfontz128x128_ST7735.obj (.text:HAL_LCD_SpiInit)
                  00015780    00000074     sysbios.aem4f : BIOS.obj (.text:ti_sysbios_knl_Mailbox_pend__E)
                  000157f4    00000004     --HOLE-- [fill = 0]
                  000157f8    00000070     sampling.obj (.text:ADC_ISR)
                  00015868    00000070     sysbios.aem4f : BIOS.obj (.text:ti_sysbios_knl_Clock_workFunc__E)
                  000158d8    00000070                   : BIOS.obj (.text:ti_sysbios_knl_Task_exit__E)
                  00015948    0000006e     rtsv7M4_T_le_v4SPD16_eabi.lib : _printfi.c.obj (.text:_mcpy)
                  000159b6    0000006e                                   : s_roundf.c.obj (.text:roundf)
                  00015a24    0000006e                                   : fd_tos_t2.asm.obj (.text)
                  00015a92    00000002     --HOLE-- [fill = 0]
                  00015a94    0000006d     ti.targets.arm.rtsarm.aem4f : System.oem4f (.text:xdc_runtime_System_formatNum__I)
                  00015b01    00000001     --HOLE-- [fill = 0]
                  00015b02    00000006     driverlib.lib : sysctl.obj (.text:SysCtlDelay)
                  00015b08    0000006c     kiss_fft.obj (.text:kf_factor)
                  00015b74    00000004     --HOLE-- [fill = 0]
                  00015b78    0000006c     sysbios.aem4f : BIOS.obj (.text:ti_sysbios_knl_Swi_restoreHwi__E)
                  00015be4    0000006c     ti.targets.arm.rtsarm.aem4f : Error.oem4f (.text:xdc_runtime_Error_print__E)
                  00015c50    0000006c                                 : Memory.oem4f (.text:xdc_runtime_Memory_alloc__E)
                  00015cbc    00000068     grlib.lib : context.obj (.text:GrContextInit)
                  00015d24    00000068     rtsv7M4_T_le_v4SPD16_eabi.lib : copy_decompress_lzss.c.obj (.text:decompress:lzss:__TI_decompress_lzss)
                  00015d8c    00000004     --HOLE-- [fill = 0]
                  00015d90    00000068     sysbios.aem4f : BIOS.obj (.text:ti_sysbios_family_arm_lm4_TimestampProvider_initTimerHandle__I)
                  00015df8    00000066     ti.targets.arm.rtsarm.aem4f : Core-mem.oem4f (.text:xdc_runtime_Core_deleteObject__I)
                  00015e5e    00000002     --HOLE-- [fill = 0]
                  00015e60    00000064     rtsv7M4_T_le_v4SPD16_eabi.lib : s_frexp.c.obj (.text:frexp)
                  00015ec4    00000004     --HOLE-- [fill = 0]
                  00015ec8    00000064     sysbios.aem4f : BIOS.obj (.text:ti_sysbios_family_arm_lm4_Timer_Module_startup__E)
                  00015f2c    00000004     --HOLE-- [fill = 0]
                  00015f30    00000064                   : BIOS.obj (.text:ti_sysbios_family_arm_m3_Hwi_dispatchC__I)
                  00015f94    00000004     --HOLE-- [fill = 0]
                  00015f98    00000060     buttons.obj (.text:ButtonDebounce)
                  00015ff8    00000060     driverlib.lib : timer.obj (.text:TimerConfigure)
                  00016058    00000060     main.obj (.text:main)
                  000160b8    00000060     sysbios.aem4f : BIOS.obj (.text:ti_sysbios_knl_Task_schedule__I)
                  00016118    0000005c     kiss_fft.obj (.text:kiss_fft_stride)
                  00016174    00000004     --HOLE-- [fill = 0]
                  00016178    0000005c     sysbios.aem4f : BIOS.obj (.text:ti_sysbios_knl_Swi_run__I)
                  000161d4    00000004     --HOLE-- [fill = 0]
                  000161d8    0000005c                   : BIOS.obj (.text:ti_sysbios_knl_Swi_schedule__I)
                  00016234    00000004     --HOLE-- [fill = 0]
                  00016238    0000005c                   : BIOS.obj (.text:ti_sysbios_knl_Task_Module_startup__E)
                  00016294    00000004     --HOLE-- [fill = 0]
                  00016298    0000005c                   : BIOS.obj (.text:ti_sysbios_knl_Task_startCore__E)
                  000162f4    0000005b     ti.targets.arm.rtsarm.aem4f : Text.oem4f (.text:xdc_runtime_Text_putLab__E)
                  0001634f    00000001     --HOLE-- [fill = 0]
                  00016350    0000005a     grlib.lib : string.obj (.text:FontWideGlyphDataGet)
                  000163aa    00000006     ti.targets.arm.rtsarm.aem4f : System.oem4f (.text:xdc_runtime_System_Module_startup__E)
                  000163b0    00000058     buttons.obj (.text:ButtonAutoRepeat)
                  00016408    00000058     boot.aem4f : boot.oem4f (.text)
                  00016460    00000058     rtsv7M4_T_le_v4SPD16_eabi.lib : hostwrite.c.obj (.text:HOSTwrite)
                  000164b8    00000058     main.obj (.text:PWM_ISR)
                  00016510    00000058     sysbios.aem4f : m3_Hwi_asm_switch.obj (.text:ti_sysbios_family_arm_m3_Hwi_initStacks__E)
                  00016568    00000056     rtsv7M4_T_le_v4SPD16_eabi.lib : _printfi.c.obj (.text:_pconv_f)
                  000165be    00000054                                   : ltoa.c.obj (.text:ltoa)
                  00016612    00000006     --HOLE-- [fill = 0]
                  00016618    00000054     sysbios.aem4f : BIOS.obj (.text:ti_sysbios_family_arm_lm4_Timer_initDevice__I)
                  0001666c    00000054     ti.targets.arm.rtsarm.aem4f : Assert.oem4f (.text:xdc_runtime_Assert_raise__I)
                  000166c0    00000052     rtsv7M4_T_le_v4SPD16_eabi.lib : _printfi.c.obj (.text:_ecpy)
                  00016712    00000002     --HOLE-- [fill = 0]
                  00016714    00000050     Boot.aem4f : Boot_sysctl.oem4f (.text:_SysCtlFrequencyGet)
                  00016764    00000004     --HOLE-- [fill = 0]
                  00016768    00000050     sampling.obj (.text:getADCBufferIndex)
                  000167b8    00000050     sysbios.aem4f : BIOS.obj (.text:ti_sysbios_family_arm_m3_Hwi_Module_startup__E)
                  00016808    00000050     ti.targets.arm.rtsarm.aem4f : Startup.oem4f (.text:xdc_runtime_Startup_exec__E)
                  00016858    00000050                                 : Text.oem4f (.text:xdc_runtime_Text_visitRope2__I)
                  000168a8    0000004c     sampling.obj (.text:FallingTrigger)
                  000168f4    00000004     --HOLE-- [fill = 0]
                  000168f8    0000004c     sampling.obj (.text:RisingTrigger)
                  00016944    0000004c     rtsv7M4_T_le_v4SPD16_eabi.lib : atoi.c.obj (.text:atoi)
                  00016990    0000004c                                   : cpy_tbl.c.obj (.text:copy_in)
                  000169dc    0000004c                                   : snprintf.c.obj (.text:snprintf)
                  00016a28    0000004c     sysbios.aem4f : BIOS.obj (.text:ti_sysbios_heaps_HeapMem_getStats__E)
                  00016a74    00000004     --HOLE-- [fill = 0]
                  00016a78    0000004c                   : BIOS.obj (.text:ti_sysbios_knl_Swi_runLoop__I)
                  00016ac4    00000004     --HOLE-- [fill = 0]
                  00016ac8    0000004c                   : BIOS.obj (.text:ti_sysbios_knl_Task_allBlockedFunction__I)
                  00016b14    0000004a     grlib.lib : string.obj (.text:UpdateContextCharMapping)
                  00016b5e    00000002     --HOLE-- [fill = 0]
                  00016b60    00000048     driverlib.lib : gpio.obj (.text:GPIOPinConfigure)
                  00016ba8    00000048     HAL_EK_TM4C1294XL_Crystalfontz128x128_ST7735.obj (.text:HAL_LCD_writeCommand)
                  00016bf0    00000048     sysctl_pll.obj (.text:SysCtlFrequencyGet)
                  00016c38    00000048     rtsv7M4_T_le_v4SPD16_eabi.lib : fd_toi_t2.asm.obj (.text)
                  00016c80    00000048     sysbios.aem4f : BIOS.obj (.text:ti_sysbios_family_arm_lm4_Timer_enableTimers__I)
                  00016cc8    00000048                   : BIOS.obj (.text:ti_sysbios_family_arm_m3_Hwi_disableInterrupt__E)
                  00016d10    00000048                   : BIOS.obj (.text:ti_sysbios_family_arm_m3_Hwi_enableInterrupt__E)
                  00016d58    00000048                   : BIOS.obj (.text:ti_sysbios_family_arm_m3_Hwi_excReserved__I)
                  00016da0    00000048                   : BIOS.obj (.text:ti_sysbios_knl_Mailbox_Module_startup__E)
                  00016de8    00000048     driverlib.lib : udma.obj (.text:uDMAChannelAttributeDisable)
                  00016e30    00000046     grlib.lib : line.obj (.text:GrLineDrawH)
                  00016e76    00000046               : line.obj (.text:GrLineDrawV)
                  00016ebc    00000046     ti.targets.arm.rtsarm.aem4f : Core-params.oem4f (.text:xdc_runtime_Core_assignParams__I)
                  00016f02    00000006     --HOLE-- [fill = 0]
                  00016f08    00000044     Crystalfontz128x128_ST7735.obj (.text:Crystalfontz128x128_SetOrientation)
                  00016f4c    00000004     --HOLE-- [fill = 0]
                  00016f50    00000044     sysbios.aem4f : BIOS.obj (.text:ti_sysbios_family_arm_lm4_Timer_isrStub__E)
                  00016f94    00000004     --HOLE-- [fill = 0]
                  00016f98    00000044                   : BIOS.obj (.text:ti_sysbios_family_arm_m3_Hwi_getStackInfo__E)
                  00016fdc    00000004     --HOLE-- [fill = 0]
                  00016fe0    00000044                   : BIOS.obj (.text:ti_sysbios_knl_Swi_post__E)
                  00017024    00000044     ti.targets.arm.rtsarm.aem4f : Error.oem4f (.text:xdc_runtime_Error_setX__E)
                  00017068    00000044                                 : SysMin.oem4f (.text:xdc_runtime_SysMin_flush__E)
                  000170ac    00000044                                 : Text.oem4f (.text:xdc_runtime_Text_xprintf__I)
                  000170f0    00000040     Crystalfontz128x128_ST7735.obj (.text:Crystalfontz128x128_LineDrawH)
                  00017130    00000040     rtsv7M4_T_le_v4SPD16_eabi.lib : u_divt2.asm.obj (.text)
                  00017170    00000040     sysbios.aem4f : BIOS.obj (.text:ti_sysbios_family_arm_lm4_Timer_startup__E)
                  000171b0    0000003e     driverlib.lib : adc.obj (.text:ADCSequenceConfigure)
                  000171ee    0000003e     rtsv7M4_T_le_v4SPD16_eabi.lib : _printfi.c.obj (.text:_fcpy)
                  0001722c    0000003c     driverlib.lib : ssi.obj (.text:SSIConfigSetExpClk)
                  00017268    0000003c     sysbios.aem4f : BIOS.obj (.text:ti_sysbios_family_arm_m3_Hwi_excSvCall__I)
                  000172a4    00000004     --HOLE-- [fill = 0]
                  000172a8    0000003c                   : BIOS.obj (.text:ti_sysbios_heaps_HeapMem_init__I)
                  000172e4    00000004     --HOLE-- [fill = 0]
                  000172e8    0000003c                   : BIOS.obj (.text:ti_sysbios_knl_Swi_restore__E)
                  00017324    00000004     --HOLE-- [fill = 0]
                  00017328    0000003c     main.obj (.text:timerCaptureISR)
                  00017364    0000003a     grlib.lib : string.obj (.text:FontGlyphDataGet)
                  0001739e    00000002     --HOLE-- [fill = 0]
                  000173a0    00000038     Crystalfontz128x128_ST7735.obj (.text:Crystalfontz128x128_Flush)
                  000173d8    00000038     rtsv7M4_T_le_v4SPD16_eabi.lib : trgmsg.c.obj (.text:__TI_writemsg)
                  00017410    00000038                                   : fs_tod_t2.asm.obj (.text)
                  00017448    00000038     sysbios.aem4f : BIOS.obj (.text:ti_sysbios_family_arm_m3_Hwi_excNoIsr__I)
                  00017480    00000038                   : BIOS.obj (.text:ti_sysbios_knl_Task_processVitalTaskFlag__I)
                  000174b8    00000038     ti.targets.arm.rtsarm.aem4f : SysMin.oem4f (.text:xdc_runtime_SysMin_putch__E)
                  000174f0    00000038                                 : System.oem4f (.text:xdc_runtime_System_atexit__E)
                  00017528    00000036     grlib.lib : line.obj (.text:GrClipCodeGet)
                  0001755e    00000002     --HOLE-- [fill = 0]
                  00017560    00000034     driverlib.lib : sysctl.obj (.text:SysCtlPeripheralEnable)
                  00017594    00000034     rtsv7M4_T_le_v4SPD16_eabi.lib : trgmsg.c.obj (.text:__TI_readmsg)
                  000175c8    00000034     sysbios.aem4f : BIOS.obj (.text:ti_sysbios_family_arm_m3_Hwi_excNmi__I)
                  000175fc    00000004     --HOLE-- [fill = 0]
                  00017600    00000034                   : BIOS.obj (.text:ti_sysbios_hal_Hwi_checkStack)
                  00017634    00000034     ti.targets.arm.rtsarm.aem4f : Core-label.oem4f (.text:xdc_runtime_Core_assignLabel__I)
                  00017668    00000033                                 : Text.oem4f (.text:xdc_runtime_Text_printVisFxn__I)
                  0001769b    00000005     --HOLE-- [fill = 0]
                  000176a0    00000032     sysbios.aem4f : BIOS.obj (.text:ti_sysbios_hal_Hwi_initStack)
                  000176d2    00000030     rtsv7M4_T_le_v4SPD16_eabi.lib : snprintf.c.obj (.text:_outs)
                  00017702    00000006     --HOLE-- [fill = 0]
                  00017708    00000030     main.obj (.text:cpu_load_count)
                  00017738    00000030     rtos_pem4f.oem4f (.text:ti_sysbios_BIOS_atExitFunc__I)
                  00017768    00000030     sysbios.aem4f : BIOS.obj (.text:ti_sysbios_family_arm_lm4_Timer_stop__E)
                  00017798    00000030                   : BIOS.obj (.text:ti_sysbios_family_arm_m3_TaskSupport_start__E)
                  000177c8    00000030     rtos_pem4f.oem4f (.text:ti_sysbios_gates_GateHwi_Object__create__S)
                  000177f8    00000030     rtos_pem4f.oem4f (.text:ti_sysbios_gates_GateMutex_Object__create__S)
                  00017828    00000030     rtos_pem4f.oem4f (.text:ti_sysbios_gates_GateTask_Object__create__S)
                  00017858    00000030     rtos_pem4f.oem4f (.text:ti_sysbios_heaps_HeapMem_Object__create__S)
                  00017888    00000030     sysbios.aem4f : BIOS.obj (.text:ti_sysbios_knl_Mailbox_postInit__I)
                  000178b8    00000030     rtos_pem4f.oem4f (.text:ti_sysbios_knl_Semaphore_construct)
                  000178e8    00000030     sysbios.aem4f : BIOS.obj (.text:ti_sysbios_knl_Semaphore_pendTimeout__I)
                  00017918    00000030                   : BIOS.obj (.text:ti_sysbios_knl_Task_unblockI__E)
                  00017948    00000030     ti.targets.arm.rtsarm.aem4f : SysMin.oem4f (.text:xdc_runtime_SysMin_abort__E)
                  00017978    00000030                                 : System.oem4f (.text:xdc_runtime_System_processAtExit__E)
                  000179a8    0000002e     driverlib.lib : adc.obj (.text:ADCIntStatus)
                  000179d6    0000002e     grlib.lib : string.obj (.text:GrStringNextCharGet)
                  00017a04    00000004     --HOLE-- [fill = 0]
                  00017a08    0000002e     rtos_pem4f.oem4f (.text:malloc)
                  00017a36    0000002e     rtsv7M4_T_le_v4SPD16_eabi.lib : i_tofd_t2.asm.obj (.text)
                  00017a64    00000004     --HOLE-- [fill = 0]
                  00017a68    0000002c     rtos_pem4f.oem4f (.text:ti_sysbios_knl_Clock_doTick__I)
                  00017a94    00000004     --HOLE-- [fill = 0]
                  00017a98    0000002c     rtos_pem4f.oem4f (.text:ti_sysbios_knl_Queue_construct)
                  00017ac4    00000004     --HOLE-- [fill = 0]
                  00017ac8    0000002c     sysbios.aem4f : BIOS.obj (.text:ti_sysbios_knl_Task_restore__E)
                  00017af4    0000002c     driverlib.lib : udma.obj (.text:uDMAChannelAssign)
                  00017b20    0000002c     ti.targets.arm.rtsarm.aem4f : Text.oem4f (.text:xdc_runtime_Text_cordText__E)
                  00017b4c    0000002a     driverlib.lib : gpio.obj (.text:GPIODirModeSet)
                  00017b76    0000002a     ti.targets.arm.rtsarm.aem4f : System.oem4f (.text:xdc_runtime_System_putchar__I)
                  00017ba0    00000028     sysbios.aem4f : BIOS.obj (.text:ti_sysbios_knl_Clock_addI__E)
                  00017bc8    00000028                   : BIOS.obj (.text:ti_sysbios_knl_Swi_Module_startup__E)
                  00017bf0    00000028     driverlib.lib : udma.obj (.text:uDMAChannelModeGet)
                  00017c18    00000026     grlib.lib : string.obj (.text:GrFontInfoGet)
                  00017c3e    00000026     sysbios.aem4f : m3_Hwi_asm.obj (.text:ti_sysbios_family_arm_m3_Hwi_pendSV__I)
                  00017c64    00000026     ti.targets.arm.rtsarm.aem4f : System.oem4f (.text:xdc_runtime_System_avprintf__E)
                  00017c8a    00000006     --HOLE-- [fill = 0]
                  00017c90    00000024     rtos_pem4f.oem4f (.text:ti_sysbios_BIOS_errorRaiseHook__I)
                  00017cb4    00000004     --HOLE-- [fill = 0]
                  00017cb8    00000024     rtos_pem4f.oem4f (.text:ti_sysbios_BIOS_registerRTSLock__I)
                  00017cdc    00000004     --HOLE-- [fill = 0]
                  00017ce0    00000024     rtos_pem4f.oem4f (.text:ti_sysbios_BIOS_removeRTSLock__I)
                  00017d04    00000004     --HOLE-- [fill = 0]
                  00017d08    00000024     rtos_pem4f.oem4f (.text:ti_sysbios_BIOS_startFunc__I)
                  00017d2c    00000004     --HOLE-- [fill = 0]
                  00017d30    00000024     rtos_pem4f.oem4f (.text:ti_sysbios_gates_GateMutex_Object__delete__S)
                  00017d54    00000004     --HOLE-- [fill = 0]
                  00017d58    00000024     sysbios.aem4f : BIOS.obj (.text:ti_sysbios_knl_Clock_Module_startup__E)
                  00017d7c    00000004     --HOLE-- [fill = 0]
                  00017d80    00000024                   : BIOS.obj (.text:ti_sysbios_knl_Task_restoreHwi__E)
                  00017da4    00000024     driverlib.lib : udma.obj (.text:uDMAChannelControlSet)
                  00017dc8    00000024                   : udma.obj (.text:uDMAChannelSizeGet)
                  00017dec    00000024     ti.targets.arm.rtsarm.aem4f : System.oem4f (.text:xdc_runtime_System_vprintf__E)
                  00017e10    00000022     grlib.lib : string.obj (.text:GrFontGlyphDataGet)
                  00017e32    00000022     driverlib.lib : pwm.obj (.text:PWMGenConfigure)
                  00017e54    00000004     --HOLE-- [fill = 0]
                  00017e58    00000022     sysbios.aem4f : BIOS.obj (.text:ti_sysbios_family_arm_lm4_Timer_write__I)
                  00017e7a    00000006     --HOLE-- [fill = 0]
                  00017e80    00000022     rtos_pem4f.oem4f (.text:xdc_runtime_SysMin_output__I)
                  00017ea2    00000002     --HOLE-- [fill = 0]
                  00017ea4    00000020     Boot.aem4f : Boot_sysctl.oem4f (.text:_SysCtlMemTimingGet)
                  00017ec4    00000004     --HOLE-- [fill = 0]
                  00017ec8    00000020     rtos_pem4f.oem4f (.text:ti_sysbios_BIOS_rtsLock__I)
                  00017ee8    00000020     sysbios.aem4f : m3_Hwi_asm.obj (.text:ti_sysbios_family_arm_m3_Hwi_excHandlerAsm__I)
                  00017f08    00000020                   : BIOS.obj (.text:ti_sysbios_family_arm_m3_Hwi_excHandler__I)
                  00017f28    00000020     rtos_pem4f.oem4f (.text:ti_sysbios_gates_GateHwi_Object__delete__S)
                  00017f48    00000020     rtos_pem4f.oem4f (.text:ti_sysbios_gates_GateTask_Object__delete__S)
                  00017f68    00000020     rtos_pem4f.oem4f (.text:ti_sysbios_heaps_HeapMem_Object__delete__S)
                  00017f88    00000020     sysbios.aem4f : BIOS.obj (.text:ti_sysbios_knl_Idle_run__E)
                  00017fa8    00000020     rtos_pem4f.oem4f (.text:ti_sysbios_knl_Semaphore_Object__destruct__S)
                  00017fc8    00000020     ti.targets.arm.rtsarm.aem4f : Registry.oem4f (.text:xdc_runtime_Registry_findById__E)
                  00017fe8    00000020                                 : SysMin.oem4f (.text:xdc_runtime_SysMin_Module_startup__E)
                  00018008    0000001e     driverlib.lib : adc.obj (.text:ADCSequenceDataGet)
                  00018026    00000002     --HOLE-- [fill = 0]
                  00018028    0000001e     Crystalfontz128x128_ST7735.obj (.text:Crystalfontz128x128_ColorTranslate)
                  00018046    0000001e     grlib.lib : string.obj (.text:GrFontCodepageGet)
                  00018064    0000001e     driverlib.lib : pwm.obj (.text:PWMPulseWidthSet)
                  00018082    0000001e     sysbios.aem4f : m3_Hwi_asm_switch.obj (.text:ti_sysbios_family_xxx_Hwi_switchAndRunFunc)
                  000180a0    0000001c     Crystalfontz128x128_ST7735.obj (.text:Crystalfontz128x128_LineDrawV)
                  000180bc    0000001c     rtsv7M4_T_le_v4SPD16_eabi.lib : memccpy.c.obj (.text:memccpy)
                  000180d8    0000001c     sysbios.aem4f : BIOS.obj (.text:ti_sysbios_gates_GateMutex_Instance_init__E)
                  000180f4    00000004     --HOLE-- [fill = 0]
                  000180f8    0000001c     rtos_pem4f.oem4f (.text:ti_sysbios_knl_Queue_Object__destruct__S)
                  00018114    00000004     --HOLE-- [fill = 0]
                  00018118    0000001c     sysbios.aem4f : BIOS.obj (.text:ti_sysbios_knl_Queue_get__E)
                  00018134    00000004     --HOLE-- [fill = 0]
                  00018138    0000001c                   : BIOS.obj (.text:ti_sysbios_knl_Queue_put__E)
                  00018154    00000004     --HOLE-- [fill = 0]
                  00018158    0000001c                   : BIOS.obj (.text:ti_sysbios_knl_Task_enter__I)
                  00018174    0000001c     ti.targets.arm.rtsarm.aem4f : Error.oem4f (.text:xdc_runtime_Error_raiseX__E)
                  00018190    0000001c                                 : Memory.oem4f (.text:xdc_runtime_Memory_valloc__E)
                  000181ac    0000001c                                 : SysMin.oem4f (.text:xdc_runtime_SysMin_exit__E)
                  000181c8    0000001c                                 : System.oem4f (.text:xdc_runtime_System_abort__E)
                  000181e4    0000001a     rtsv7M4_T_le_v4SPD16_eabi.lib : s_copysign.c.obj (.text:copysign)
                  000181fe    00000002     --HOLE-- [fill = 0]
                  00018200    0000001a     rtos_pem4f.oem4f (.text:free)
                  0001821a    00000006     --HOLE-- [fill = 0]
                  00018220    0000001a     rtos_pem4f.oem4f (.text:ti_sysbios_family_arm_m3_Hwi_Handle__label__S)
                  0001823a    00000006     --HOLE-- [fill = 0]
                  00018240    0000001a     rtos_pem4f.oem4f (.text:ti_sysbios_gates_GateHwi_Handle__label__S)
                  0001825a    00000006     --HOLE-- [fill = 0]
                  00018260    0000001a     rtos_pem4f.oem4f (.text:ti_sysbios_gates_GateMutex_Handle__label__S)
                  0001827a    00000006     --HOLE-- [fill = 0]
                  00018280    0000001a     rtos_pem4f.oem4f (.text:ti_sysbios_gates_GateTask_Handle__label__S)
                  0001829a    00000006     --HOLE-- [fill = 0]
                  000182a0    0000001a     rtos_pem4f.oem4f (.text:ti_sysbios_heaps_HeapMem_Handle__label__S)
                  000182ba    00000006     --HOLE-- [fill = 0]
                  000182c0    0000001a     rtos_pem4f.oem4f (.text:ti_sysbios_knl_Swi_Handle__label__S)
                  000182da    00000006     --HOLE-- [fill = 0]
                  000182e0    0000001a     rtos_pem4f.oem4f (.text:ti_sysbios_knl_Task_Handle__label__S)
                  000182fa    00000006     --HOLE-- [fill = 0]
                  00018300    0000001a     rtos_pem4f.oem4f (.text:xdc_runtime_System_aprintf__E)
                  0001831a    00000006     --HOLE-- [fill = 0]
                  00018320    0000001a     rtos_pem4f.oem4f (.text:xdc_runtime_System_printf__E)
                  0001833a    00000018     driverlib.lib : adc.obj (.text:ADCClockConfigSet)
                  00018352    00000018                   : adc.obj (.text:ADCProcessorTrigger)
                  0001836a    00000018                   : gpio.obj (.text:GPIOPinTypeGPIOOutput)
                  00018382    00000002     --HOLE-- [fill = 0]
                  00018384    00000018     rtsv7M4_T_le_v4SPD16_eabi.lib : args_main.c.obj (.text:_args_main)
                  0001839c    00000018                                   : snprintf.c.obj (.text:_outc)
                  000183b4    00000004     --HOLE-- [fill = 0]
                  000183b8    00000018     rtos_pem4f.oem4f (.text:ti_sysbios_BIOS_rtsUnlock__I)
                  000183d0    00000018     rtos_pem4f.oem4f (.text:ti_sysbios_family_arm_lm4_Timer_Module__startupDone__F)
                  000183e8    00000018     rtos_pem4f.oem4f (.text:ti_sysbios_family_arm_m3_Hwi_Module__startupDone__F)
                  00018400    00000018     sysbios.aem4f : m3_TaskSupport_asm.obj (.text:ti_sysbios_family_arm_m3_TaskSupport_swap__E)
                  00018418    00000018                   : BIOS.obj (.text:ti_sysbios_gates_GateMutex_leave__E)
                  00018430    00000018     driverlib.lib : udma.obj (.text:uDMAChannelEnable)
                  00018448    00000018                   : udma.obj (.text:uDMAChannelIsEnabled)
                  00018460    00000018     ti.targets.arm.rtsarm.aem4f : Error.oem4f (.text:xdc_runtime_Error_check__E)
                  00018478    00000018                                 : System.oem4f (.text:xdc_runtime_System_exit__E)
                  00018490    00000018                                 : Text.oem4f (.text:xdc_runtime_Text_ropeText__E)
                  000184a8    00000016     grlib.lib : string.obj (.text:GrStringDraw)
                  000184be    00000016     driverlib.lib : timer.obj (.text:TimerControlEvent)
                  000184d4    00000016     rtsv7M4_T_le_v4SPD16_eabi.lib : strchr.c.obj (.text:strchr)
                  000184ea    00000006     --HOLE-- [fill = 0]
                  000184f0    00000016     rtos_pem4f.oem4f (.text:ti_sysbios_BIOS_exitFunc__I)
                  00018506    00000002     --HOLE-- [fill = 0]
                  00018508    00000014     Crystalfontz128x128_ST7735.obj (.text:Crystalfontz128x128_PixelDraw)
                  0001851c    00000014     driverlib.lib : pwm.obj (.text:PWMClockSet)
                  00018530    00000014                   : timer.obj (.text:TimerDisable)
                  00018544    00000014     rtsv7M4_T_le_v4SPD16_eabi.lib : strlen.c.obj (.text:strlen)
                  00018558    00000014     rtos_pem4f.oem4f (.text:ti_sysbios_family_arm_m3_Hwi_Object__get__S)
                  0001856c    00000004     --HOLE-- [fill = 0]
                  00018570    00000014     sysbios.aem4f : BIOS.obj (.text:ti_sysbios_family_arm_m3_Hwi_switchFromBootStack__E)
                  00018584    00000004     --HOLE-- [fill = 0]
                  00018588    00000014     rtos_pem4f.oem4f (.text:ti_sysbios_heaps_HeapMem_Object__get__S)
                  0001859c    00000004     --HOLE-- [fill = 0]
                  000185a0    00000014     rtos_pem4f.oem4f (.text:ti_sysbios_knl_Mailbox_Object__get__S)
                  000185b4    00000004     --HOLE-- [fill = 0]
                  000185b8    00000014     rtos_pem4f.oem4f (.text:ti_sysbios_knl_Swi_Object__get__S)
                  000185cc    00000012     driverlib.lib : gpio.obj (.text:GPIOPinTypeADC)
                  000185de    00000012                   : gpio.obj (.text:GPIOPinTypeGPIOInput)
                  000185f0    00000012                   : gpio.obj (.text:GPIOPinTypePWM)
                  00018602    00000012                   : gpio.obj (.text:GPIOPinTypeSSI)
                  00018614    00000012                   : gpio.obj (.text:GPIOPinTypeTimer)
                  00018626    00000012                   : pwm.obj (.text:PWMOutputState)
                  00018638    00000012                   : timer.obj (.text:TimerLoadSet)
                  0001864a    00000012                   : timer.obj (.text:TimerPrescaleSet)
                  0001865c    00000004     --HOLE-- [fill = 0]
                  00018660    00000012     sysbios.aem4f : BIOS.obj (.text:ti_sysbios_hal_Hwi_Module_startup__E)
                  00018672    00000012     rtsv7M4_T_le_v4SPD16_eabi.lib : wcslen.c.obj (.text:wcslen)
                  00018684    00000004     --HOLE-- [fill = 0]
                  00018688    00000012     rtos_pem4f.oem4f (.text:xdc_runtime_Startup_exec__I)
                  0001869a    00000006     --HOLE-- [fill = 0]
                  000186a0    00000010     rtos_pem4f.oem4f (.text:.bootCodeSection:ti_catalog_arm_cortexm4_tiva_ce_Boot_init__I)
                  000186b0    00000010     driverlib.lib : adc.obj (.text:ADCSequenceDMAEnable)
                  000186c0    00000010                   : interrupt.obj (.text:IntMasterDisable)
                  000186d0    00000010                   : interrupt.obj (.text:IntMasterEnable)
                  000186e0    00000010                   : pwm.obj (.text:PWMGenPeriodSet)
                  000186f0    00000010     sysbios.aem4f : BIOS.obj (.text:ti_sysbios_BIOS_setThreadType__E)
                  00018700    00000010                   : BIOS.obj (.text:ti_sysbios_BIOS_start__E)
                  00018710    00000010                   : m3_TaskSupport_asm.obj (.text:ti_sysbios_family_arm_m3_TaskSupport_glue)
                  00018720    00000010                   : BIOS.obj (.text:ti_sysbios_gates_GateMutex_Instance_finalize__E)
                  00018730    00000010                   : BIOS.obj (.text:ti_sysbios_knl_Semaphore_Instance_finalize__E)
                  00018740    00000010                   : BIOS.obj (.text:ti_sysbios_knl_Swi_disable__E)
                  00018750    00000010     rtos_pem4f.oem4f (.text:ti_sysbios_knl_Task_Object__get__S)
                  00018760    00000010     sysbios.aem4f : BIOS.obj (.text:ti_sysbios_knl_Task_disable__E)
                  00018770    00000010     driverlib.lib : udma.obj (.text:uDMAEnable)
                  00018780    00000010     ti.targets.arm.rtsarm.aem4f : Gate.oem4f (.text:xdc_runtime_Gate_leaveSystem__E)
                  00018790    00000010                                 : Memory.oem4f (.text:xdc_runtime_Memory_free__E)
                  000187a0    00000010                                 : SysMin.oem4f (.text:xdc_runtime_SysMin_ready__E)
                  000187b0    00000010                                 : System.oem4f (.text:xdc_runtime_System_vsnprintf__E)
                  000187c0    00000010     rtos_pem4f.oem4f (.text:xdc_runtime_Text_visitRope__I)
                  000187d0    0000000e     driverlib.lib : adc.obj (.text:ADCSequenceDisable)
                  000187de    0000000e                   : adc.obj (.text:ADCSequenceEnable)
                  000187ec    0000000e                   : timer.obj (.text:TimerEnable)
                  000187fa    0000000e     rtsv7M4_T_le_v4SPD16_eabi.lib : copy_decompress_none.c.obj (.text:decompress:none:__TI_decompress_none)
                  00018808    0000000e     sysbios.aem4f : BIOS.obj (.text:ti_sysbios_knl_Idle_loop__E)
                  00018816    00000002     --HOLE-- [fill = 0]
                  00018818    0000000e                   : BIOS.obj (.text:ti_sysbios_knl_Queue_empty__E)
                  00018826    0000000c     driverlib.lib : cpu.obj (.text:CPUcpsid)
                  00018832    0000000c                   : cpu.obj (.text:CPUcpsie)
                  0001883e    00000002     --HOLE-- [fill = 0]
                  00018840    0000000c     HAL_EK_TM4C1294XL_Crystalfontz128x128_ST7735.obj (.text:HAL_LCD_writeData)
                  0001884c    0000000c     driverlib.lib : pwm.obj (.text:PWMGenEnable)
                  00018858    0000000c     rtsv7M4_T_le_v4SPD16_eabi.lib : _lock.c.obj (.text:_register_lock)
                  00018864    0000000c                                   : _lock.c.obj (.text:_register_unlock)
                  00018870    0000000c     main.obj (.text:clock0Task)
                  0001887c    0000000c     rtsv7M4_T_le_v4SPD16_eabi.lib : copy_zero_init.c.obj (.text:decompress:ZI:__TI_zero_init)
                  00018888    0000000c     sysbios.aem4f : BIOS.obj (.text:ti_sysbios_family_arm_lm4_Timer_getMaxTicks__E)
                  00018894    00000004     --HOLE-- [fill = 0]
                  00018898    0000000c                   : BIOS.obj (.text:ti_sysbios_family_arm_m3_TaskSupport_checkStack__E)
                  000188a4    00000004     --HOLE-- [fill = 0]
                  000188a8    0000000c                   : BIOS.obj (.text:ti_sysbios_gates_GateHwi_enter__E)
                  000188b4    00000004     --HOLE-- [fill = 0]
                  000188b8    0000000c                   : BIOS.obj (.text:ti_sysbios_gates_GateTask_query__E)
                  000188c4    00000004     --HOLE-- [fill = 0]
                  000188c8    0000000c     rtos_pem4f.oem4f (.text:ti_sysbios_knl_Queue_Object__get__S)
                  000188d4    0000000c     driverlib.lib : udma.obj (.text:uDMAControlBaseSet)
                  000188e0    0000000c     ti.targets.arm.rtsarm.aem4f : Error.oem4f (.text:xdc_runtime_Error_init__E)
                  000188ec    0000000c                                 : Gate.oem4f (.text:xdc_runtime_Gate_enterSystem__E)
                  000188f8    0000000c                                 : Memory.oem4f (.text:xdc_runtime_Memory_calloc__E)
                  00018904    0000000c                                 : Memory.oem4f (.text:xdc_runtime_Memory_getMaxDefaultTypeAlign__E)
                  00018910    0000000a     driverlib.lib : adc.obj (.text:ADCIntClear)
                  0001891a    0000000a                   : pwm.obj (.text:PWMGenIntTrigEnable)
                  00018924    0000000a                   : pwm.obj (.text:PWMIntDisable)
                  0001892e    0000000a                   : ssi.obj (.text:SSIDataPut)
                  00018938    0000000a                   : ssi.obj (.text:SSIEnable)
                  00018942    0000000a                   : timer.obj (.text:TimerIntStatus)
                  0001894c    0000000a                   : timer.obj (.text:TimerValueGet)
                  00018956    00000002     --HOLE-- [fill = 0]
                  00018958    0000000a     rtos_pem4f.oem4f (.text:xdc_runtime_IHeap_alloc)
                  00018962    00000006     --HOLE-- [fill = 0]
                  00018968    0000000a     rtos_pem4f.oem4f (.text:xdc_runtime_IHeap_free)
                  00018972    00000008     driverlib.lib : adc.obj (.text:ADCIntEnableEx)
                  0001897a    00000008     grlib.lib : charmap.obj (.text:GrMapISO8859_1_Unicode)
                  00018982    00000008     driverlib.lib : pwm.obj (.text:PWMIntEnable)
                  0001898a    00000008                   : ssi.obj (.text:SSIBusy)
                  00018992    00000008                   : timer.obj (.text:TimerIntEnable)
                  0001899a    00000002     --HOLE-- [fill = 0]
                  0001899c    00000008     rtsv7M4_T_le_v4SPD16_eabi.lib : errno.c.obj (.text:__aeabi_errno_addr)
                  000189a4    00000008     sysbios.aem4f : BIOS.obj (.text:ti_sysbios_family_arm_lm4_Timer_masterDisable__I)
                  000189ac    00000004     --HOLE-- [fill = 0]
                  000189b0    00000008                   : BIOS.obj (.text:ti_sysbios_family_arm_m3_Hwi_doSwiRestore__I)
                  000189b8    00000008                   : BIOS.obj (.text:ti_sysbios_family_arm_m3_Hwi_startup__E)
                  000189c0    00000006     kiss_fft.obj (.text:kiss_fft)
                  000189c6    00000002     --HOLE-- [fill = 0]
                  000189c8    00000006     sysbios.aem4f : BIOS.obj (.text:ti_sysbios_family_arm_lm4_TimestampProvider_Module_startup__E)
                  000189ce    00000002     --HOLE-- [fill = 0]
                  000189d0    00000006                   : BIOS.obj (.text:ti_sysbios_family_arm_m3_Hwi_doTaskRestore__I)
                  000189d6    00000002     --HOLE-- [fill = 0]
                  000189d8    00000006                   : BIOS.obj (.text:ti_sysbios_gates_GateHwi_leave__E)
                  000189de    00000002     --HOLE-- [fill = 0]
                  000189e0    00000006                   : BIOS.obj (.text:ti_sysbios_gates_GateTask_leave__E)
                  000189e6    00000002     --HOLE-- [fill = 0]
                  000189e8    00000006                   : BIOS.obj (.text:ti_sysbios_heaps_HeapMem_isBlocking__E)
                  000189ee    00000002     --HOLE-- [fill = 0]
                  000189f0    00000006                   : BIOS.obj (.text:ti_sysbios_knl_Queue_Instance_init__E)
                  000189f6    00000002     --HOLE-- [fill = 0]
                  000189f8    00000006                   : BIOS.obj (.text:ti_sysbios_knl_Swi_startup__E)
                  000189fe    00000002     --HOLE-- [fill = 0]
                  00018a00    00000004     rtos_pem4f.oem4f (.text:ti_sysbios_BIOS_RtsGateProxy_enter__E)
                  00018a04    00000004     --HOLE-- [fill = 0]
                  00018a08    00000004     rtos_pem4f.oem4f (.text:ti_sysbios_BIOS_RtsGateProxy_leave__E)
                  00018a0c    00000004     --HOLE-- [fill = 0]
                  00018a10    00000004     rtos_pem4f.oem4f (.text:ti_sysbios_family_arm_m3_TaskSupport_Module__startupDone__S)
                  00018a14    00000004     --HOLE-- [fill = 0]
                  00018a18    00000004     sysbios.aem4f : BIOS.obj (.text:ti_sysbios_gates_GateHwi_query__E)
                  00018a1c    00000004     --HOLE-- [fill = 0]
                  00018a20    00000004                   : BIOS.obj (.text:ti_sysbios_gates_GateMutex_query__E)
                  00018a24    00000004     --HOLE-- [fill = 0]
                  00018a28    00000004     rtos_pem4f.oem4f (.text:ti_sysbios_heaps_HeapMem_Module_GateProxy_enter__E)
                  00018a2c    00000004     --HOLE-- [fill = 0]
                  00018a30    00000004     rtos_pem4f.oem4f (.text:ti_sysbios_heaps_HeapMem_Module_GateProxy_leave__E)
                  00018a34    00000004     --HOLE-- [fill = 0]
                  00018a38    00000004     rtos_pem4f.oem4f (.text:ti_sysbios_knl_Clock_TimerProxy_getMaxTicks__E)
                  00018a3c    00000004     --HOLE-- [fill = 0]
                  00018a40    00000004     rtos_pem4f.oem4f (.text:ti_sysbios_knl_Queue_destruct)
                  00018a44    00000004     --HOLE-- [fill = 0]
                  00018a48    00000004     rtos_pem4f.oem4f (.text:ti_sysbios_knl_Semaphore_destruct)
                  00018a4c    00000004     --HOLE-- [fill = 0]
                  00018a50    00000004     sysbios.aem4f : BIOS.obj (.text:ti_sysbios_knl_Task_startup__E)
                  00018a54    00000004     --HOLE-- [fill = 0]
                  00018a58    00000004     rtos_pem4f.oem4f (.text:xdc_runtime_System_Module_GateProxy_enter__E)
                  00018a5c    00000004     --HOLE-- [fill = 0]
                  00018a60    00000004     rtos_pem4f.oem4f (.text:xdc_runtime_System_Module_GateProxy_leave__E)
                  00018a64    00000004     --HOLE-- [fill = 0]
                  00018a68    00000002     rtos_pem4f.oem4f (.text:ti_sysbios_BIOS_nullFunc__I)
                  00018a6a    00000006     --HOLE-- [fill = 0]
                  00018a70    00000002     sysbios.aem4f : BIOS.obj (.text:ti_sysbios_gates_GateHwi_Instance_init__E)
                  00018a72    00000006     --HOLE-- [fill = 0]
                  00018a78    00000002                   : BIOS.obj (.text:ti_sysbios_gates_GateTask_Instance_init__E)
                  00018a7a    00000006     --HOLE-- [fill = 0]
                  00018a80    00000002                   : BIOS.obj (.text:ti_sysbios_knl_Clock_logTick__E)
                  00018a82    00000006     --HOLE-- [fill = 0]
                  00018a88    00000002     rtos_pem4f.oem4f (.text:xdc_runtime_Startup_reset__I)

.cinit     0    00018a90    00000300     
                  00018a90    000002c8     (.cinit..data.load) [load image, compression = lzss]
                  00018d58    0000000c     (__TI_handler_table)
                  00018d64    00000004     --HOLE-- [fill = 0]
                  00018d68    00000008     (.cinit..bss.load) [load image, compression = zero_init]
                  00018d70    00000008     (.cinit..vecs.load) [load image, compression = zero_init]
                  00018d78    00000018     (__TI_cinit_table)

.init_array 
*          0    00000000    00000000     UNINITIALIZED

.resetVecs 
*          0    00000000    0000003c     
                  00000000    0000003c     rtos_pem4f.oem4f (.resetVecs)

.bss       0    20000400    0000af80     UNINITIALIZED
                  20000400    00002108     main.obj (.bss:kiss_fft_cfg_buffer)
                  20002508    00002000     main.obj (.bss:in)
                  20004508    00002000     main.obj (.bss:out)
                  20006508    00001600     rtos_pem4f.oem4f (.bss:taskStackSection)
                  20007b08    00001000     (.common:gADCBuffer)
                  20008b08    00001000     (.common:out_db)
                  20009b08    00000800     (.common:fft_sample)
                  2000a308    00000080     (.common:xdc_runtime_SysMin_Module_State_0_outbuf__A)
                  2000a388    00000014     buttons.obj (.bss:state$1)
                  2000a39c    00000004     (.common:bIndex)
                  2000a3a0    00000010     (.common:ti_sysbios_knl_Mailbox_Instance_State_0_allocBuf__A)
                  2000a3b0    00000008     (.common:parmbuf)
                  2000a3b8    00000004     (.common:cfg)
                  2000a3bc    00000004     (.common:cpu_unload)
                  2000a3c0    00000004     (.common:fScale)
                  2000a3c4    00000004     (.common:gADCSamplingRate)
                  2000a3c8    00000004     (.common:g_psGrLibDefaults)
                  2000a3cc    00000002     (.common:Lcd_ScreenHeigth)
                  2000a3ce    00000002     (.common:Lcd_ScreenWidth)
                  2000a3d0    00000002     (.common:Lcd_TouchTrim)
                  2000a3d2    00000001     (.common:Lcd_FlagRead)
                  2000a3d3    00000001     (.common:Lcd_FontSolid)
                  2000a3d4    00000001     (.common:Lcd_Orientation)
                  2000a3d5    00000001     (.common:Lcd_PenSolid)
                  2000a3d6    0000002a     --HOLE--
                  2000a400    00000400     (.common:gDMAControlTable)
                  2000a800    00000400     (.common:ti_sysbios_heaps_HeapMem_Instance_State_0_buf__A)
                  2000ac00    00000360     (.common:ti_sysbios_family_arm_m3_Hwi_dispatchTable)
                  2000af60    00000200     (.common:displayBuffer)
                  2000b160    00000120     rtsv7M4_T_le_v4SPD16_eabi.lib : trgmsg.c.obj (.bss:_CIOBUF_)
                  2000b280    00000100     (.common:sample)

.data      0    2000b380    0000870e     UNINITIALIZED
                  2000b380    00008000     Crystalfontz128x128_ST7735.obj (.data:Lcd_buffer)
                  20013380    000001c8     rtos_pem4f.oem4f (.data:ti_sysbios_knl_Task_Object__table__V)
                  20013548    00000080     rtos_pem4f.oem4f (.data:ti_sysbios_knl_Swi_Module_State_0_readyQ__A)
                  200135c8    00000080     rtos_pem4f.oem4f (.data:ti_sysbios_knl_Task_Module_State_0_readyQ__A)
                  20013648    00000060     rtos_pem4f.oem4f (.data:ti_sysbios_family_arm_m3_Hwi_Object__table__V)
                  200136a8    00000050     rtos_pem4f.oem4f (.data:ti_sysbios_knl_Mailbox_Object__table__V)
                  200136f8    00000050     rtos_pem4f.oem4f (.data:ti_sysbios_knl_Semaphore_Object__table__V)
                  20013748    00000044     rtos_pem4f.oem4f (.data:ti_sysbios_knl_Task_Module__state__V)
                  2001378c    00000040     rtos_pem4f.oem4f (.data:ti_sysbios_family_arm_lm4_Timer_Module_State_0_device__A)
                  200137cc    00000040     rtos_pem4f.oem4f (.data:ti_sysbios_family_arm_lm4_Timer_Object__table__V)
                  2001380c    00000038     rtos_pem4f.oem4f (.data:ti_sysbios_gates_GateMutex_Object__table__V)
                  20013844    00000034     main.obj (.data)
                  20013878    00000034     rtos_pem4f.oem4f (.data:ti_sysbios_family_arm_m3_Hwi_Module__state__V)
                  200138ac    00000030     rtos_pem4f.oem4f (.data:ti_sysbios_knl_Swi_Object__table__V)
                  200138dc    0000002c     rtos_pem4f.oem4f (.data:ti_sysbios_knl_Clock_Module__state__V)
                  20013908    00000024     buttons.obj (.data:count$2)
                  2001392c    00000024     rtos_pem4f.oem4f (.data:ti_sysbios_BIOS_Module__state__V)
                  20013950    00000020     rtos_pem4f.oem4f (.data:ti_sysbios_family_arm_lm4_Timer_Module_State_0_handles__A)
                  20013970    00000020     rtos_pem4f.oem4f (.data:ti_sysbios_knl_Clock_Object__table__V)
                  20013990    0000001c     rtos_pem4f.oem4f (.data:ti_sysbios_knl_Swi_Module__state__V)
                  200139ac    00000018     rtos_pem4f.oem4f (.data:ti_sysbios_heaps_HeapMem_Object__table__V)
                  200139c4    00000014     main.obj (.data:fVoltsPerDiv)
                  200139d8    0000000c     buttons.obj (.data)
                  200139e4    0000000c     rtos_pem4f.oem4f (.data:ti_sysbios_family_arm_lm4_Timer_Module__state__V)
                  200139f0    0000000c     rtos_pem4f.oem4f (.data:xdc_runtime_SysMin_Module__state__V)
                  200139fc    00000008     rtsv7M4_T_le_v4SPD16_eabi.lib : _lock.c.obj (.data:$O1$$)
                  20013a04    00000008     buttons.obj (.data:gJoystick)
                  20013a0c    00000008     rtos_pem4f.oem4f (.data:ti_sysbios_family_arm_lm4_TimestampProvider_Module__state__V)
                  20013a14    00000008     rtos_pem4f.oem4f (.data:ti_sysbios_gates_GateHwi_Module__root__V)
                  20013a1c    00000008     rtos_pem4f.oem4f (.data:ti_sysbios_gates_GateMutex_Module__root__V)
                  20013a24    00000008     rtos_pem4f.oem4f (.data:ti_sysbios_gates_GateTask_Module__root__V)
                  20013a2c    00000008     rtos_pem4f.oem4f (.data:ti_sysbios_heaps_HeapMem_Module__root__V)
                  20013a34    00000008     rtos_pem4f.oem4f (.data:ti_sysbios_knl_Queue_Module__root__V)
                  20013a3c    00000008     rtos_pem4f.oem4f (.data:ti_sysbios_knl_Semaphore_Module__root__V)
                  20013a44    00000008     rtos_pem4f.oem4f (.data:xdc_runtime_Registry_Module__state__V)
                  20013a4c    00000008     rtos_pem4f.oem4f (.data:xdc_runtime_Startup_Module__state__V)
                  20013a54    00000008     rtos_pem4f.oem4f (.data:xdc_runtime_System_Module_State_0_atexitHandlers__A)
                  20013a5c    00000008     rtos_pem4f.oem4f (.data:xdc_runtime_System_Module__state__V)
                  20013a64    00000005     sampling.obj (.data)
                  20013a69    00000001     --HOLE--
                  20013a6a    00000002     rtos_pem4f.oem4f (.data:ti_sysbios_family_arm_m3_Hwi_Module_State_0_excActive__A)
                  20013a6c    00000004     rtsv7M4_T_le_v4SPD16_eabi.lib : errno.c.obj (.data)
                  20013a70    00000004                                   : stkdepth_vars.c.obj (.data)
                  20013a74    00000004     rtos_pem4f.oem4f (.data:ti_sysbios_family_arm_m3_Hwi_Module_State_0_excContext__A)
                  20013a78    00000004     rtos_pem4f.oem4f (.data:ti_sysbios_family_arm_m3_Hwi_Module_State_0_excStack__A)
                  20013a7c    00000004     rtos_pem4f.oem4f (.data:ti_sysbios_gates_GateHwi_Object__table__V)
                  20013a80    00000004     rtos_pem4f.oem4f (.data:ti_sysbios_gates_GateTask_Object__table__V)
[...]
000183b9  ti_sysbios_BIOS_rtsUnlock__I                                         
000183d1  ti_sysbios_family_arm_lm4_Timer_Module__startupDone__F               
000183d1  ti_sysbios_family_arm_lm4_Timer_Module__startupDone__S               
000183d1  ti_sysbios_knl_Clock_TimerProxy_Module__startupDone__S               
000183e9  ti_sysbios_family_arm_m3_Hwi_Module__startupDone__F                  
000183e9  ti_sysbios_family_arm_m3_Hwi_Module__startupDone__S                  
000183e9  ti_sysbios_hal_Hwi_HwiProxy_Module__startupDone__S                   
00018401  ti_sysbios_family_arm_m3_TaskSupport_swap__E                         
00018401  ti_sysbios_knl_Task_SupportProxy_swap__E                             
0001840d  ti_sysbios_knl_Task_swapReturn                                       
00018419  ti_sysbios_gates_GateMutex_leave__E                                  
00018431  uDMAChannelEnable                                                    
00018449  uDMAChannelIsEnabled                                                 
00018461  xdc_runtime_Error_check__E                                           
00018479  xdc_runtime_System_exit__E                                           
00018491  xdc_runtime_Text_ropeText__E                                         
000184a9  GrStringDraw                                                         
000184bf  TimerControlEvent                                                    
000184d5  strchr                                                               
000184f1  ti_sysbios_BIOS_exitFunc__I                                          
0001851d  PWMClockSet                                                          
00018531  TimerDisable                                                         
00018545  strlen                                                               
00018559  ti_sysbios_family_arm_m3_Hwi_Object__get__S                          
00018571  ti_sysbios_family_arm_m3_Hwi_switchFromBootStack__E                  
00018571  ti_sysbios_hal_Hwi_HwiProxy_switchFromBootStack__E                   
00018571  ti_sysbios_hal_Hwi_switchFromBootStack__E                            
00018589  ti_sysbios_heaps_HeapMem_Object__get__S                              
000185a1  ti_sysbios_knl_Mailbox_Object__get__S                                
000185b9  ti_sysbios_knl_Swi_Object__get__S                                    
000185cd  GPIOPinTypeADC                                                       
000185df  GPIOPinTypeGPIOInput                                                 
000185f1  GPIOPinTypePWM                                                       
00018603  GPIOPinTypeSSI                                                       
00018615  GPIOPinTypeTimer                                                     
00018627  PWMOutputState                                                       
00018639  TimerLoadSet                                                         
0001864b  TimerPrescaleSet                                                     
00018661  ti_sysbios_hal_Hwi_Module_startup__E                                 
00018673  wcslen                                                               
00018689  xdc_runtime_Startup_exec__I                                          
000186a1  ti_catalog_arm_cortexm4_tiva_ce_Boot_init__I                         
000186b1  ADCSequenceDMAEnable                                                 
000186c1  IntMasterDisable                                                     
000186d1  IntMasterEnable                                                      
000186e1  PWMGenPeriodSet                                                      
000186f1  ti_sysbios_BIOS_setThreadType__E                                     
00018701  ti_sysbios_BIOS_start__E                                             
00018711  ti_sysbios_family_arm_m3_TaskSupport_glue                            
00018721  ti_sysbios_gates_GateMutex_Instance_finalize__E                      
00018731  ti_sysbios_knl_Semaphore_Instance_finalize__E                        
00018741  ti_sysbios_knl_Swi_disable__E                                        
00018751  ti_sysbios_knl_Task_Object__get__S                                   
00018761  ti_sysbios_knl_Task_disable__E                                       
00018771  uDMAEnable                                                           
00018781  xdc_runtime_Gate_leaveSystem__E                                      
00018791  xdc_runtime_Memory_free__E                                           
000187a1  xdc_runtime_SysMin_ready__E                                          
000187a1  xdc_runtime_System_SupportProxy_ready__E                             
000187b1  xdc_runtime_System_vsnprintf__E                                      
000187c1  xdc_runtime_Text_visitRope__I                                        
000187d1  ADCSequenceDisable                                                   
000187df  ADCSequenceEnable                                                    
000187ed  TimerEnable                                                          
000187fb  __TI_decompress_none                                                 
00018809  ti_sysbios_knl_Idle_loop__E                                          
00018819  ti_sysbios_knl_Queue_empty__E                                        
00018827  CPUcpsid                                                             
00018833  CPUcpsie                                                             
00018841  HAL_LCD_writeData                                                    
0001884d  PWMGenEnable                                                         
00018859  _register_lock                                                       
00018865  _register_unlock                                                     
00018871  clock0Task                                                           
0001887d  __TI_zero_init                                                       
00018889  ti_sysbios_family_arm_lm4_Timer_getMaxTicks__E                       
00018899  ti_sysbios_family_arm_m3_TaskSupport_checkStack__E                   
00018899  ti_sysbios_knl_Task_SupportProxy_checkStack__E                       
000188a9  ti_sysbios_gates_GateHwi_enter__E                                    
000188b9  ti_sysbios_gates_GateTask_query__E                                   
000188c9  ti_sysbios_knl_Queue_Object__get__S                                  
000188d5  uDMAControlBaseSet                                                   
000188e1  xdc_runtime_Error_init__E                                            
000188ed  xdc_runtime_Gate_enterSystem__E                                      
000188f9  xdc_runtime_Memory_calloc__E                                         
00018905  xdc_runtime_Memory_getMaxDefaultTypeAlign__E                         
00018911  ADCIntClear                                                          
0001891b  PWMGenIntTrigEnable                                                  
00018925  PWMIntDisable                                                        
0001892f  SSIDataPut                                                           
00018939  SSIEnable                                                            
00018943  TimerIntStatus                                                       
0001894d  TimerValueGet                                                        
00018959  xdc_runtime_Memory_HeapProxy_alloc__E                                
00018969  xdc_runtime_Memory_HeapProxy_free__E                                 
00018973  ADCIntEnableEx                                                       
0001897b  GrMapISO8859_1_Unicode                                               
00018983  PWMIntEnable                                                         
0001898b  SSIBusy                                                              
00018993  TimerIntEnable                                                       
0001899d  __aeabi_errno_addr                                                   
000189a5  ti_sysbios_family_arm_lm4_Timer_masterDisable__I                     
000189b1  ti_sysbios_family_arm_m3_Hwi_doSwiRestore__I                         
000189b9  ti_sysbios_family_arm_m3_Hwi_startup__E                              
000189b9  ti_sysbios_hal_Hwi_HwiProxy_startup__E                               
000189b9  ti_sysbios_hal_Hwi_startup__E                                        
000189c1  kiss_fft                                                             
000189c9  ti_sysbios_family_arm_lm4_TimestampProvider_Module_startup__E        
000189d1  ti_sysbios_family_arm_m3_Hwi_doTaskRestore__I                        
000189d9  ti_sysbios_gates_GateHwi_leave__E                                    
000189e1  ti_sysbios_gates_GateTask_leave__E                                   
000189e9  ti_sysbios_heaps_HeapMem_isBlocking__E                               
000189f1  ti_sysbios_knl_Queue_Instance_init__E                                
000189f9  ti_sysbios_knl_Swi_startup__E                                        
00018a01  ti_sysbios_BIOS_RtsGateProxy_enter__E                                
00018a09  ti_sysbios_BIOS_RtsGateProxy_leave__E                                
00018a11  ti_sysbios_family_arm_m3_TaskSupport_Module__startupDone__S          
00018a11  ti_sysbios_knl_Task_SupportProxy_Module__startupDone__S              
00018a19  ti_sysbios_gates_GateHwi_query__E                                    
00018a19  xdc_runtime_Main_Module_GateProxy_query__E                           
00018a19  xdc_runtime_System_Module_GateProxy_query__E                         
00018a21  ti_sysbios_BIOS_RtsGateProxy_query__E                                
00018a21  ti_sysbios_gates_GateMutex_query__E                                  
00018a21  ti_sysbios_heaps_HeapMem_Module_GateProxy_query__E                   
00018a29  ti_sysbios_heaps_HeapMem_Module_GateProxy_enter__E                   
00018a31  ti_sysbios_heaps_HeapMem_Module_GateProxy_leave__E                   
00018a39  ti_sysbios_knl_Clock_TimerProxy_getMaxTicks__E                       
00018a41  ti_sysbios_knl_Queue_destruct                                        
00018a49  ti_sysbios_knl_Semaphore_destruct                                    
00018a51  ti_sysbios_knl_Task_startup__E                                       
00018a59  xdc_runtime_System_Module_GateProxy_enter__E                         
00018a61  xdc_runtime_System_Module_GateProxy_leave__E                         
00018a69  ti_sysbios_BIOS_nullFunc__I                                          
00018a71  ti_sysbios_gates_GateHwi_Instance_init__E                            
00018a79  ti_sysbios_gates_GateTask_Instance_init__E                           
00018a81  ti_sysbios_knl_Clock_logTick__E                                      
00018a89  xdc_runtime_Startup_reset__I                                         
00018a90  __TI_static_base__                                                   
00018d58  __TI_Handler_Table_Base                                              
00018d64  __TI_Handler_Table_Limit                                             
00018d78  __TI_CINIT_Base                                                      
00018d90  __TI_CINIT_Limit                                                     
20000000  ti_sysbios_family_arm_m3_Hwi_ramVectors                              
20006508  ti_sysbios_knl_Task_Instance_State_0_stack__A                        
20006908  ti_sysbios_knl_Task_Instance_State_1_stack__A                        
20006d08  ti_sysbios_knl_Task_Instance_State_2_stack__A                        
20007508  ti_sysbios_knl_Task_Instance_State_3_stack__A                        
20007708  ti_sysbios_knl_Task_Instance_State_4_stack__A                        
20007908  ti_sysbios_knl_Task_Instance_State_5_stack__A                        
20007b08  gADCBuffer                                                           
20008b08  out_db                                                               
20009b08  fft_sample                                                           
2000a308  xdc_runtime_SysMin_Module_State_0_outbuf__A                          
2000a39c  bIndex                                                               
2000a3a0  ti_sysbios_knl_Mailbox_Instance_State_0_allocBuf__A                  
2000a3b0  parmbuf                                                              
2000a3b8  cfg                                                                  
2000a3bc  cpu_unload                                                           
2000a3c0  fScale                                                               
2000a3c4  gADCSamplingRate                                                     
2000a3cc  Lcd_ScreenHeigth                                                     
2000a3ce  Lcd_ScreenWidth                                                      
2000a3d0  Lcd_TouchTrim                                                        
2000a3d2  Lcd_FlagRead                                                         
2000a3d3  Lcd_FontSolid                                                        
2000a3d4  Lcd_Orientation                                                      
2000a3d5  Lcd_PenSolid                                                         
2000a400  gDMAControlTable                                                     
2000a800  ti_sysbios_heaps_HeapMem_Instance_State_0_buf__A                     
2000ac00  ti_sysbios_family_arm_m3_Hwi_dispatchTable                           
2000af60  displayBuffer                                                        
2000b160  __CIOBUF_                                                            
2000b280  sample                                                               
2000b380  Lcd_buffer                                                           
20013380  ti_sysbios_knl_Task_Object__table__V                                 
20013548  ti_sysbios_knl_Swi_Module_State_0_readyQ__A                          
200135c8  ti_sysbios_knl_Task_Module_State_0_readyQ__A                         
20013648  ti_sysbios_family_arm_m3_Hwi_Object__table__V                        
200136a8  ti_sysbios_knl_Mailbox_Object__table__V                              
200136f8  ti_sysbios_knl_Semaphore_Object__table__V                            
20013748  ti_sysbios_knl_Task_Module__state__V                                 
2001378c  ti_sysbios_family_arm_lm4_Timer_Module_State_0_device__A             
200137cc  ti_sysbios_family_arm_lm4_Timer_Object__table__V                     
2001380c  ti_sysbios_gates_GateMutex_Object__table__V                          
20013844  gSystemClock                                                         
20013848  gTime                                                                
2001384c  mbValue                                                              
2001384d  oscillo_mode                                                         
20013850  buffer_size                                                          
20013854  vpd                                                                  
20013858  trig_slope                                                           
2001385c  cpu_load                                                             
20013860  pwmPeriod                                                            
20013864  last_count                                                           
20013868  current_count                                                        
2001386c  pwmp                                                                 
20013870  gPWMSample                                                           
20013874  gSamplingRateDivider                                                 
20013878  ti_sysbios_family_arm_m3_Hwi_Module__state__V                        
200138ac  ti_sysbios_knl_Swi_Object__table__V                                  
200138dc  ti_sysbios_knl_Clock_Module__state__V                                
2001392c  ti_sysbios_BIOS_Module__state__V                                     
20013950  ti_sysbios_family_arm_lm4_Timer_Module_State_0_handles__A            
20013970  ti_sysbios_knl_Clock_Object__table__V                                
20013990  ti_sysbios_knl_Swi_Module__state__V                                  
200139ac  ti_sysbios_heaps_HeapMem_Object__table__V                            
200139c4  fVoltsPerDiv                                                         
200139d8  gButtons                                                             
200139dc  fifo_head                                                            
200139e0  fifo_tail                                                            
200139e4  ti_sysbios_family_arm_lm4_Timer_Module__state__V                     
200139f0  xdc_runtime_SysMin_Module__state__V                                  
200139fc  _lock                                                                
20013a00  _unlock                                                              
20013a04  gJoystick                                                            
20013a0c  ti_sysbios_family_arm_lm4_TimestampProvider_Module__state__V         
20013a14  ti_sysbios_gates_GateHwi_Module__root__V                             
20013a1c  ti_sysbios_gates_GateMutex_Module__root__V                           
20013a24  ti_sysbios_gates_GateTask_Module__root__V                            
20013a2c  ti_sysbios_heaps_HeapMem_Module__root__V                             
20013a34  ti_sysbios_knl_Queue_Module__root__V                                 
20013a3c  ti_sysbios_knl_Semaphore_Module__root__V                             
20013a44  xdc_runtime_Registry_Module__state__V                                
20013a4c  xdc_runtime_Startup_Module__state__V                                 
20013a54  xdc_runtime_System_Module_State_0_atexitHandlers__A                  
20013a5c  xdc_runtime_System_Module__state__V                                  
20013a64  gADCErrors                                                           
20013a68  gDMAPrimary                                                          
20013a6a  ti_sysbios_family_arm_m3_Hwi_Module_State_0_excActive__A             
20013a6c  errno                                                                
20013a70  main_func_sp                                                         
20013a74  ti_sysbios_family_arm_m3_Hwi_Module_State_0_excContext__A            
20013a78  ti_sysbios_family_arm_m3_Hwi_Module_State_0_excStack__A              
20013a7c  ti_sysbios_gates_GateHwi_Object__table__V                            
20013a80  ti_sysbios_gates_GateTask_Object__table__V                           
20013a84  ti_sysbios_knl_Task_Module_State_0_idleTask__A                       
20013a88  xdc_runtime_Memory_Module__state__V                                  
20013a8c  xdc_runtime_Error_Module__state__V                                   
20013a90  __stack                                                              
20013d90  __STACK_END                                                          
e000e000  ti_sysbios_family_arm_m3_Hwi_nvic                                    
ffffffff  __TI_pprof_out_hndl                                                  
ffffffff  __TI_prof_data_size                                                  
ffffffff  __TI_prof_data_start                                                 
ffffffff  __binit__                                                            
ffffffff  __c_args__                                                           
ffffffff  binit                                                                
UNDEFED   SHT$$INIT_ARRAY$$Base                                                
UNDEFED   SHT$$INIT_ARRAY$$Limit                                               

[745 symbols]
