<?xml version="1.0" encoding="ISO-8859-1" ?>
<link_info>
   <banner>TI ARM Linker PC v18.12.4.LTS</banner>
   <copyright>Copyright (c) 1996-2018 Texas Instruments Incorporated</copyright>
   <link_time>0x5fab55b4</link_time>
   <link_errors>0x0</link_errors>
   <output_file>ece3849d20_lab1_ayang_plam.out</output_file>
   <entry_point>
      <name>_c_int00_noargs</name>
      <address>0x3eb9</address>
   </entry_point>
   <input_file_list>
      <input_file id="fl-2">
         <path>.\</path>
         <kind>object</kind>
         <file>Crystalfontz128x128_ST7735.obj</file>
         <name>Crystalfontz128x128_ST7735.obj</name>
      </input_file>
      <input_file id="fl-3">
         <path>.\</path>
         <kind>object</kind>
         <file>HAL_EK_TM4C1294XL_Crystalfontz128x128_ST7735.obj</file>
         <name>HAL_EK_TM4C1294XL_Crystalfontz128x128_ST7735.obj</name>
      </input_file>
      <input_file id="fl-4">
         <path>.\</path>
         <kind>object</kind>
         <file>buttons.obj</file>
         <name>buttons.obj</name>
      </input_file>
      <input_file id="fl-5">
         <path>.\</path>
         <kind>object</kind>
         <file>main.obj</file>
         <name>main.obj</name>
      </input_file>
      <input_file id="fl-6">
         <path>.\</path>
         <kind>object</kind>
         <file>sampling.obj</file>
         <name>sampling.obj</name>
      </input_file>
      <input_file id="fl-7">
         <path>.\</path>
         <kind>object</kind>
         <file>sysctl_pll.obj</file>
         <name>sysctl_pll.obj</name>
      </input_file>
      <input_file id="fl-8">
         <path>.\</path>
         <kind>object</kind>
         <file>tm4c1294ncpdt_startup_ccs.obj</file>
         <name>tm4c1294ncpdt_startup_ccs.obj</name>
      </input_file>
      <input_file id="fl-e">
         <kind>object</kind>
         <file>&lt;internal&gt;</file>
         <name>&lt;internal&gt;</name>
      </input_file>
      <input_file id="fl-c4">
         <path>C:\ti\ccs930\ccs\tools\compiler\ti-cgt-arm_18.12.4.LTS\lib\</path>
         <kind>archive</kind>
         <file>rtsv7M4_T_le_v4SPD16_eabi.lib</file>
         <name>s_roundf.c.obj</name>
      </input_file>
      <input_file id="fl-c5">
         <path>C:\ti\ccs930\ccs\tools\compiler\ti-cgt-arm_18.12.4.LTS\lib\</path>
         <kind>archive</kind>
         <file>rtsv7M4_T_le_v4SPD16_eabi.lib</file>
         <name>snprintf.c.obj</name>
      </input_file>
      <input_file id="fl-c6">
         <path>C:\ti\ccs930\ccs\tools\compiler\ti-cgt-arm_18.12.4.LTS\lib\</path>
         <kind>archive</kind>
         <file>rtsv7M4_T_le_v4SPD16_eabi.lib</file>
         <name>fs_tod_t2.asm.obj</name>
      </input_file>
      <input_file id="fl-c7">
         <path>C:\ti\ccs930\ccs\tools\compiler\ti-cgt-arm_18.12.4.LTS\lib\</path>
         <kind>archive</kind>
         <file>rtsv7M4_T_le_v4SPD16_eabi.lib</file>
         <name>memcpy_t2.asm.obj</name>
      </input_file>
      <input_file id="fl-c8">
         <path>C:\ti\ccs930\ccs\tools\compiler\ti-cgt-arm_18.12.4.LTS\lib\</path>
         <kind>archive</kind>
         <file>rtsv7M4_T_le_v4SPD16_eabi.lib</file>
         <name>copy_zero_init.c.obj</name>
      </input_file>
      <input_file id="fl-c9">
         <path>C:\ti\ccs930\ccs\tools\compiler\ti-cgt-arm_18.12.4.LTS\lib\</path>
         <kind>archive</kind>
         <file>rtsv7M4_T_le_v4SPD16_eabi.lib</file>
         <name>copy_decompress_none.c.obj</name>
      </input_file>
      <input_file id="fl-ca">
         <path>C:\ti\ccs930\ccs\tools\compiler\ti-cgt-arm_18.12.4.LTS\lib\</path>
         <kind>archive</kind>
         <file>rtsv7M4_T_le_v4SPD16_eabi.lib</file>
         <name>copy_decompress_lzss.c.obj</name>
      </input_file>
      <input_file id="fl-cb">
         <path>C:\ti\ccs930\ccs\tools\compiler\ti-cgt-arm_18.12.4.LTS\lib\</path>
         <kind>archive</kind>
         <file>rtsv7M4_T_le_v4SPD16_eabi.lib</file>
         <name>boot_cortex_m.c.obj</name>
      </input_file>
      <input_file id="fl-cc">
         <path>C:\ti\ccs930\ccs\tools\compiler\ti-cgt-arm_18.12.4.LTS\lib\</path>
         <kind>archive</kind>
         <file>rtsv7M4_T_le_v4SPD16_eabi.lib</file>
         <name>s_floorf.c.obj</name>
      </input_file>
      <input_file id="fl-cd">
         <path>C:\ti\ccs930\ccs\tools\compiler\ti-cgt-arm_18.12.4.LTS\lib\</path>
         <kind>archive</kind>
         <file>rtsv7M4_T_le_v4SPD16_eabi.lib</file>
         <name>_printfi.c.obj</name>
      </input_file>
      <input_file id="fl-ce">
         <path>C:\ti\ccs930\ccs\tools\compiler\ti-cgt-arm_18.12.4.LTS\lib\</path>
         <kind>archive</kind>
         <file>rtsv7M4_T_le_v4SPD16_eabi.lib</file>
         <name>fd_add_t2.asm.obj</name>
      </input_file>
      <input_file id="fl-cf">
         <path>C:\ti\ccs930\ccs\tools\compiler\ti-cgt-arm_18.12.4.LTS\lib\</path>
         <kind>archive</kind>
         <file>rtsv7M4_T_le_v4SPD16_eabi.lib</file>
         <name>fd_cmp_t2.asm.obj</name>
      </input_file>
      <input_file id="fl-d0">
         <path>C:\ti\ccs930\ccs\tools\compiler\ti-cgt-arm_18.12.4.LTS\lib\</path>
         <kind>archive</kind>
         <file>rtsv7M4_T_le_v4SPD16_eabi.lib</file>
         <name>fd_div_t2.asm.obj</name>
      </input_file>
      <input_file id="fl-d1">
         <path>C:\ti\ccs930\ccs\tools\compiler\ti-cgt-arm_18.12.4.LTS\lib\</path>
         <kind>archive</kind>
         <file>rtsv7M4_T_le_v4SPD16_eabi.lib</file>
         <name>fd_mul_t2.asm.obj</name>
      </input_file>
      <input_file id="fl-d2">
         <path>C:\ti\ccs930\ccs\tools\compiler\ti-cgt-arm_18.12.4.LTS\lib\</path>
         <kind>archive</kind>
         <file>rtsv7M4_T_le_v4SPD16_eabi.lib</file>
         <name>fd_toi_t2.asm.obj</name>
      </input_file>
      <input_file id="fl-d3">
         <path>C:\ti\ccs930\ccs\tools\compiler\ti-cgt-arm_18.12.4.LTS\lib\</path>
         <kind>archive</kind>
         <file>rtsv7M4_T_le_v4SPD16_eabi.lib</file>
         <name>i_tofd_t2.asm.obj</name>
      </input_file>
      <input_file id="fl-d4">
         <path>C:\ti\ccs930\ccs\tools\compiler\ti-cgt-arm_18.12.4.LTS\lib\</path>
         <kind>archive</kind>
         <file>rtsv7M4_T_le_v4SPD16_eabi.lib</file>
         <name>ull_div_t2.asm.obj</name>
      </input_file>
      <input_file id="fl-d5">
         <path>C:\ti\ccs930\ccs\tools\compiler\ti-cgt-arm_18.12.4.LTS\lib\</path>
         <kind>archive</kind>
         <file>rtsv7M4_T_le_v4SPD16_eabi.lib</file>
         <name>memset_t2.asm.obj</name>
      </input_file>
      <input_file id="fl-d6">
         <path>C:\ti\ccs930\ccs\tools\compiler\ti-cgt-arm_18.12.4.LTS\lib\</path>
         <kind>archive</kind>
         <file>rtsv7M4_T_le_v4SPD16_eabi.lib</file>
         <name>autoinit.c.obj</name>
      </input_file>
      <input_file id="fl-d7">
         <path>C:\ti\ccs930\ccs\tools\compiler\ti-cgt-arm_18.12.4.LTS\lib\</path>
         <kind>archive</kind>
         <file>rtsv7M4_T_le_v4SPD16_eabi.lib</file>
         <name>pre_init.c.obj</name>
      </input_file>
      <input_file id="fl-d8">
         <path>C:\ti\ccs930\ccs\tools\compiler\ti-cgt-arm_18.12.4.LTS\lib\</path>
         <kind>archive</kind>
         <file>rtsv7M4_T_le_v4SPD16_eabi.lib</file>
         <name>cpy_tbl.c.obj</name>
      </input_file>
      <input_file id="fl-d9">
         <path>C:\ti\ccs930\ccs\tools\compiler\ti-cgt-arm_18.12.4.LTS\lib\</path>
         <kind>archive</kind>
         <file>rtsv7M4_T_le_v4SPD16_eabi.lib</file>
         <name>exit.c.obj</name>
      </input_file>
      <input_file id="fl-da">
         <path>C:\ti\ccs930\ccs\tools\compiler\ti-cgt-arm_18.12.4.LTS\lib\</path>
         <kind>archive</kind>
         <file>rtsv7M4_T_le_v4SPD16_eabi.lib</file>
         <name>_lock.c.obj</name>
      </input_file>
      <input_file id="fl-db">
         <path>C:\ti\ccs930\ccs\tools\compiler\ti-cgt-arm_18.12.4.LTS\lib\</path>
         <kind>archive</kind>
         <file>rtsv7M4_T_le_v4SPD16_eabi.lib</file>
         <name>args_main.c.obj</name>
      </input_file>
      <input_file id="fl-dc">
         <path>C:\ti\ccs930\ccs\tools\compiler\ti-cgt-arm_18.12.4.LTS\lib\</path>
         <kind>archive</kind>
         <file>rtsv7M4_T_le_v4SPD16_eabi.lib</file>
         <name>atoi.c.obj</name>
      </input_file>
      <input_file id="fl-dd">
         <path>C:\ti\ccs930\ccs\tools\compiler\ti-cgt-arm_18.12.4.LTS\lib\</path>
         <kind>archive</kind>
         <file>rtsv7M4_T_le_v4SPD16_eabi.lib</file>
         <name>ctype.c.obj</name>
      </input_file>
      <input_file id="fl-de">
         <path>C:\ti\ccs930\ccs\tools\compiler\ti-cgt-arm_18.12.4.LTS\lib\</path>
         <kind>archive</kind>
         <file>rtsv7M4_T_le_v4SPD16_eabi.lib</file>
         <name>ltoa.c.obj</name>
      </input_file>
      <input_file id="fl-df">
         <path>C:\ti\ccs930\ccs\tools\compiler\ti-cgt-arm_18.12.4.LTS\lib\</path>
         <kind>archive</kind>
         <file>rtsv7M4_T_le_v4SPD16_eabi.lib</file>
         <name>memccpy.c.obj</name>
      </input_file>
      <input_file id="fl-e0">
         <path>C:\ti\ccs930\ccs\tools\compiler\ti-cgt-arm_18.12.4.LTS\lib\</path>
         <kind>archive</kind>
         <file>rtsv7M4_T_le_v4SPD16_eabi.lib</file>
         <name>strchr.c.obj</name>
      </input_file>
      <input_file id="fl-e1">
         <path>C:\ti\ccs930\ccs\tools\compiler\ti-cgt-arm_18.12.4.LTS\lib\</path>
         <kind>archive</kind>
         <file>rtsv7M4_T_le_v4SPD16_eabi.lib</file>
         <name>strlen.c.obj</name>
      </input_file>
      <input_file id="fl-e2">
         <path>C:\ti\ccs930\ccs\tools\compiler\ti-cgt-arm_18.12.4.LTS\lib\</path>
         <kind>archive</kind>
         <file>rtsv7M4_T_le_v4SPD16_eabi.lib</file>
         <name>errno.c.obj</name>
      </input_file>
      <input_file id="fl-e3">
         <path>C:\ti\ccs930\ccs\tools\compiler\ti-cgt-arm_18.12.4.LTS\lib\</path>
         <kind>archive</kind>
         <file>rtsv7M4_T_le_v4SPD16_eabi.lib</file>
         <name>wcslen.c.obj</name>
      </input_file>
      <input_file id="fl-e4">
         <path>C:\ti\ccs930\ccs\tools\compiler\ti-cgt-arm_18.12.4.LTS\lib\</path>
         <kind>archive</kind>
         <file>rtsv7M4_T_le_v4SPD16_eabi.lib</file>
         <name>s_frexp.c.obj</name>
      </input_file>
      <input_file id="fl-e5">
         <path>C:\ti\ccs930\ccs\tools\compiler\ti-cgt-arm_18.12.4.LTS\lib\</path>
         <kind>archive</kind>
         <file>rtsv7M4_T_le_v4SPD16_eabi.lib</file>
         <name>s_scalbn.c.obj</name>
      </input_file>
      <input_file id="fl-e6">
         <path>C:\ti\ccs930\ccs\tools\compiler\ti-cgt-arm_18.12.4.LTS\lib\</path>
         <kind>archive</kind>
         <file>rtsv7M4_T_le_v4SPD16_eabi.lib</file>
         <name>div0.asm.obj</name>
      </input_file>
      <input_file id="fl-e7">
         <path>C:\ti\ccs930\ccs\tools\compiler\ti-cgt-arm_18.12.4.LTS\lib\</path>
         <kind>archive</kind>
         <file>rtsv7M4_T_le_v4SPD16_eabi.lib</file>
         <name>s_copysign.c.obj</name>
      </input_file>
      <input_file id="fl-e8">
         <path>C:\ti\tirtos_tivac_2_16_01_14\products\TivaWare_C_Series-2.1.1.71b\grlib\ccs\Debug\</path>
         <kind>archive</kind>
         <file>grlib.lib</file>
         <name>context.obj</name>
      </input_file>
      <input_file id="fl-e9">
         <path>C:\ti\tirtos_tivac_2_16_01_14\products\TivaWare_C_Series-2.1.1.71b\grlib\ccs\Debug\</path>
         <kind>archive</kind>
         <file>grlib.lib</file>
         <name>line.obj</name>
      </input_file>
      <input_file id="fl-ea">
         <path>C:\ti\tirtos_tivac_2_16_01_14\products\TivaWare_C_Series-2.1.1.71b\grlib\ccs\Debug\</path>
         <kind>archive</kind>
         <file>grlib.lib</file>
         <name>rectangle.obj</name>
      </input_file>
      <input_file id="fl-eb">
         <path>C:\ti\tirtos_tivac_2_16_01_14\products\TivaWare_C_Series-2.1.1.71b\grlib\ccs\Debug\</path>
         <kind>archive</kind>
         <file>grlib.lib</file>
         <name>string.obj</name>
      </input_file>
      <input_file id="fl-ec">
         <path>C:\ti\tirtos_tivac_2_16_01_14\products\TivaWare_C_Series-2.1.1.71b\grlib\ccs\Debug\</path>
         <kind>archive</kind>
         <file>grlib.lib</file>
         <name>fontfixed6x8.obj</name>
      </input_file>
      <input_file id="fl-ed">
         <path>C:\ti\tirtos_tivac_2_16_01_14\products\TivaWare_C_Series-2.1.1.71b\grlib\ccs\Debug\</path>
         <kind>archive</kind>
         <file>grlib.lib</file>
         <name>charmap.obj</name>
      </input_file>
      <input_file id="fl-ee">
         <path>C:\ti\tirtos_tivac_2_16_01_14\products\TivaWare_C_Series-2.1.1.71b\driverlib\ccs\Debug\</path>
         <kind>archive</kind>
         <file>driverlib.lib</file>
         <name>adc.obj</name>
      </input_file>
      <input_file id="fl-ef">
         <path>C:\ti\tirtos_tivac_2_16_01_14\products\TivaWare_C_Series-2.1.1.71b\driverlib\ccs\Debug\</path>
         <kind>archive</kind>
         <file>driverlib.lib</file>
         <name>fpu.obj</name>
      </input_file>
      <input_file id="fl-f0">
         <path>C:\ti\tirtos_tivac_2_16_01_14\products\TivaWare_C_Series-2.1.1.71b\driverlib\ccs\Debug\</path>
         <kind>archive</kind>
         <file>driverlib.lib</file>
         <name>gpio.obj</name>
      </input_file>
      <input_file id="fl-f1">
         <path>C:\ti\tirtos_tivac_2_16_01_14\products\TivaWare_C_Series-2.1.1.71b\driverlib\ccs\Debug\</path>
         <kind>archive</kind>
         <file>driverlib.lib</file>
         <name>interrupt.obj</name>
      </input_file>
      <input_file id="fl-f2">
         <path>C:\ti\tirtos_tivac_2_16_01_14\products\TivaWare_C_Series-2.1.1.71b\driverlib\ccs\Debug\</path>
         <kind>archive</kind>
         <file>driverlib.lib</file>
         <name>pwm.obj</name>
      </input_file>
      <input_file id="fl-f3">
         <path>C:\ti\tirtos_tivac_2_16_01_14\products\TivaWare_C_Series-2.1.1.71b\driverlib\ccs\Debug\</path>
         <kind>archive</kind>
         <file>driverlib.lib</file>
         <name>ssi.obj</name>
      </input_file>
      <input_file id="fl-f4">
         <path>C:\ti\tirtos_tivac_2_16_01_14\products\TivaWare_C_Series-2.1.1.71b\driverlib\ccs\Debug\</path>
         <kind>archive</kind>
         <file>driverlib.lib</file>
         <name>sysctl.obj</name>
      </input_file>
      <input_file id="fl-f5">
         <path>C:\ti\tirtos_tivac_2_16_01_14\products\TivaWare_C_Series-2.1.1.71b\driverlib\ccs\Debug\</path>
         <kind>archive</kind>
         <file>driverlib.lib</file>
         <name>timer.obj</name>
      </input_file>
      <input_file id="fl-f6">
         <path>C:\ti\tirtos_tivac_2_16_01_14\products\TivaWare_C_Series-2.1.1.71b\driverlib\ccs\Debug\</path>
         <kind>archive</kind>
         <file>driverlib.lib</file>
         <name>cpu.obj</name>
      </input_file>
   </input_file_list>
   <object_component_list>
      <object_component id="oc-f">
         <name>.intvecs</name>
         <load_address>0x0</load_address>
         <run_address>0x0</run_address>
         <size>0x208</size>
         <input_file_ref idref="fl-8"/>
      </object_component>
      <object_component id="oc-352">
         <name>.text:__TI_printfi</name>
         <load_address>0x208</load_address>
         <run_address>0x208</run_address>
         <size>0xa4e</size>
         <input_file_ref idref="fl-cd"/>
      </object_component>
      <object_component id="oc-53e">
         <name>.text</name>
         <load_address>0xc56</load_address>
         <run_address>0xc56</run_address>
         <size>0x2</size>
         <input_file_ref idref="fl-e6"/>
      </object_component>
      <object_component id="oc-2a">
         <name>.text</name>
         <load_address>0xc58</load_address>
         <run_address>0xc58</run_address>
         <size>0x50e</size>
         <input_file_ref idref="fl-4"/>
      </object_component>
      <object_component id="oc-159">
         <name>.text</name>
         <load_address>0x1168</load_address>
         <run_address>0x1168</run_address>
         <size>0x4f6</size>
         <input_file_ref idref="fl-5"/>
      </object_component>
      <object_component id="oc-229">
         <name>.text</name>
         <load_address>0x1660</load_address>
         <run_address>0x1660</run_address>
         <size>0x3f0</size>
         <input_file_ref idref="fl-2"/>
      </object_component>
      <object_component id="oc-43f">
         <name>.text:_pconv_a</name>
         <load_address>0x1a50</load_address>
         <run_address>0x1a50</run_address>
         <size>0x270</size>
         <input_file_ref idref="fl-cd"/>
      </object_component>
      <object_component id="oc-3ec">
         <name>.text:GrFontGlyphRender</name>
         <load_address>0x1cc0</load_address>
         <run_address>0x1cc0</run_address>
         <size>0x256</size>
         <input_file_ref idref="fl-eb"/>
      </object_component>
      <object_component id="oc-223">
         <name>.text:SysCtlClockFreqSet</name>
         <load_address>0x1f18</load_address>
         <run_address>0x1f18</run_address>
         <size>0x204</size>
         <input_file_ref idref="fl-f4"/>
      </object_component>
      <object_component id="oc-42d">
         <name>.text:_pconv_g</name>
         <load_address>0x211c</load_address>
         <run_address>0x211c</run_address>
         <size>0x1d0</size>
         <input_file_ref idref="fl-cd"/>
      </object_component>
      <object_component id="oc-4d5">
         <name>.text</name>
         <load_address>0x22ec</load_address>
         <run_address>0x22ec</run_address>
         <size>0x1b6</size>
         <input_file_ref idref="fl-ce"/>
      </object_component>
      <object_component id="oc-110">
         <name>.text:GPIOPinRead</name>
         <load_address>0x24a2</load_address>
         <run_address>0x24a2</run_address>
         <size>0x6</size>
         <input_file_ref idref="fl-f0"/>
      </object_component>
      <object_component id="oc-30">
         <name>.text</name>
         <load_address>0x24a8</load_address>
         <run_address>0x24a8</run_address>
         <size>0x1a4</size>
         <input_file_ref idref="fl-6"/>
      </object_component>
      <object_component id="oc-10a">
         <name>.text:TimerIntClear</name>
         <load_address>0x264c</load_address>
         <run_address>0x264c</run_address>
         <size>0x4</size>
         <input_file_ref idref="fl-f5"/>
      </object_component>
      <object_component id="oc-304">
         <name>.text</name>
         <load_address>0x2650</load_address>
         <run_address>0x2650</run_address>
         <size>0x17e</size>
         <input_file_ref idref="fl-3"/>
      </object_component>
      <object_component id="oc-439">
         <name>.text:_pconv_e</name>
         <load_address>0x27d0</load_address>
         <run_address>0x27d0</run_address>
         <size>0x13c</size>
         <input_file_ref idref="fl-cd"/>
      </object_component>
      <object_component id="oc-4bb">
         <name>.text</name>
         <load_address>0x290c</load_address>
         <run_address>0x290c</run_address>
         <size>0x136</size>
         <input_file_ref idref="fl-d0"/>
      </object_component>
      <object_component id="oc-d7">
         <name>.text:GPIOPadConfigSet</name>
         <load_address>0x2a42</load_address>
         <run_address>0x2a42</run_address>
         <size>0x130</size>
         <input_file_ref idref="fl-f0"/>
      </object_component>
      <object_component id="oc-4e7">
         <name>.text:fcvt</name>
         <load_address>0x2b74</load_address>
         <run_address>0x2b74</run_address>
         <size>0x124</size>
         <input_file_ref idref="fl-cd"/>
      </object_component>
      <object_component id="oc-4fb">
         <name>.text:scalbn</name>
         <load_address>0x2c98</load_address>
         <run_address>0x2c98</run_address>
         <size>0x110</size>
         <input_file_ref idref="fl-e5"/>
      </object_component>
      <object_component id="oc-25f">
         <name>.text:GrLineDraw</name>
         <load_address>0x2da8</load_address>
         <run_address>0x2da8</run_address>
         <size>0x106</size>
         <input_file_ref idref="fl-e9"/>
      </object_component>
      <object_component id="oc-4b6">
         <name>.text</name>
         <load_address>0x2eae</load_address>
         <run_address>0x2eae</run_address>
         <size>0xfc</size>
         <input_file_ref idref="fl-d1"/>
      </object_component>
      <object_component id="oc-317">
         <name>.text:GrDefaultStringRenderer</name>
         <load_address>0x2faa</load_address>
         <run_address>0x2faa</run_address>
         <size>0xc4</size>
         <input_file_ref idref="fl-eb"/>
      </object_component>
      <object_component id="oc-346">
         <name>.text:GrLineClip</name>
         <load_address>0x306e</load_address>
         <run_address>0x306e</run_address>
         <size>0xc0</size>
         <input_file_ref idref="fl-e9"/>
      </object_component>
      <object_component id="oc-422">
         <name>.text:_ltostr</name>
         <load_address>0x3130</load_address>
         <run_address>0x3130</run_address>
         <size>0xb1</size>
         <input_file_ref idref="fl-cd"/>
      </object_component>
      <object_component id="oc-44">
         <name>.text</name>
         <load_address>0x31e2</load_address>
         <run_address>0x31e2</run_address>
         <size>0x9c</size>
         <input_file_ref idref="fl-c7"/>
      </object_component>
      <object_component id="oc-4af">
         <name>.text</name>
         <load_address>0x327e</load_address>
         <run_address>0x327e</run_address>
         <size>0x96</size>
         <input_file_ref idref="fl-d4"/>
      </object_component>
      <object_component id="oc-24c">
         <name>.text:GrRectFill</name>
         <load_address>0x3314</load_address>
         <run_address>0x3314</run_address>
         <size>0x86</size>
         <input_file_ref idref="fl-ea"/>
      </object_component>
      <object_component id="oc-428">
         <name>.text:__aeabi_cdcmple</name>
         <load_address>0x339a</load_address>
         <run_address>0x339a</run_address>
         <size>0x86</size>
         <input_file_ref idref="fl-cf"/>
      </object_component>
      <object_component id="oc-4c0">
         <name>.text:__aeabi_cdrcmple</name>
         <load_address>0x3420</load_address>
         <run_address>0x3420</run_address>
         <size>0x86</size>
         <input_file_ref idref="fl-cf"/>
      </object_component>
      <object_component id="oc-192">
         <name>.text:floorf</name>
         <load_address>0x34a8</load_address>
         <run_address>0x34a8</run_address>
         <size>0x80</size>
         <input_file_ref idref="fl-cc"/>
      </object_component>
      <object_component id="oc-fc">
         <name>.text:ADCSequenceStepConfigure</name>
         <load_address>0x3528</load_address>
         <run_address>0x3528</run_address>
         <size>0x7a</size>
         <input_file_ref idref="fl-ee"/>
      </object_component>
      <object_component id="oc-14d">
         <name>.text</name>
         <load_address>0x35a2</load_address>
         <run_address>0x35a2</run_address>
         <size>0x7a</size>
         <input_file_ref idref="fl-d5"/>
      </object_component>
      <object_component id="oc-4e0">
         <name>.text:_mcpy</name>
         <load_address>0x361c</load_address>
         <run_address>0x361c</run_address>
         <size>0x6e</size>
         <input_file_ref idref="fl-cd"/>
      </object_component>
      <object_component id="oc-ad">
         <name>.text:roundf</name>
         <load_address>0x368a</load_address>
         <run_address>0x368a</run_address>
         <size>0x6e</size>
         <input_file_ref idref="fl-c4"/>
      </object_component>
      <object_component id="oc-232">
         <name>.text:GrContextInit</name>
         <load_address>0x36f8</load_address>
         <run_address>0x36f8</run_address>
         <size>0x68</size>
         <input_file_ref idref="fl-e8"/>
      </object_component>
      <object_component id="oc-cb">
         <name>.text:IntEnable</name>
         <load_address>0x3760</load_address>
         <run_address>0x3760</run_address>
         <size>0x68</size>
         <input_file_ref idref="fl-f1"/>
      </object_component>
      <object_component id="oc-12">
         <name>.text:decompress:lzss:__TI_decompress_lzss</name>
         <load_address>0x37c8</load_address>
         <run_address>0x37c8</run_address>
         <size>0x68</size>
         <input_file_ref idref="fl-ca"/>
      </object_component>
      <object_component id="oc-4f5">
         <name>.text:frexp</name>
         <load_address>0x3830</load_address>
         <run_address>0x3830</run_address>
         <size>0x64</size>
         <input_file_ref idref="fl-e4"/>
      </object_component>
      <object_component id="oc-a4">
         <name>.text:TimerConfigure</name>
         <load_address>0x3894</load_address>
         <run_address>0x3894</run_address>
         <size>0x60</size>
         <input_file_ref idref="fl-f5"/>
      </object_component>
      <object_component id="oc-496">
         <name>.text:FontWideGlyphDataGet</name>
         <load_address>0x38f4</load_address>
         <run_address>0x38f4</run_address>
         <size>0x5a</size>
         <input_file_ref idref="fl-eb"/>
      </object_component>
      <object_component id="oc-433">
         <name>.text:_pconv_f</name>
         <load_address>0x394e</load_address>
         <run_address>0x394e</run_address>
         <size>0x56</size>
         <input_file_ref idref="fl-cd"/>
      </object_component>
      <object_component id="oc-4ca">
         <name>.text:ltoa</name>
         <load_address>0x39a4</load_address>
         <run_address>0x39a4</run_address>
         <size>0x54</size>
         <input_file_ref idref="fl-de"/>
      </object_component>
      <object_component id="oc-4da">
         <name>.text:_ecpy</name>
         <load_address>0x39f8</load_address>
         <run_address>0x39f8</run_address>
         <size>0x52</size>
         <input_file_ref idref="fl-cd"/>
      </object_component>
      <object_component id="oc-41c">
         <name>.text:atoi</name>
         <load_address>0x3a4c</load_address>
         <run_address>0x3a4c</run_address>
         <size>0x4c</size>
         <input_file_ref idref="fl-dc"/>
      </object_component>
      <object_component id="oc-273">
         <name>.text:snprintf</name>
         <load_address>0x3a98</load_address>
         <run_address>0x3a98</run_address>
         <size>0x4c</size>
         <input_file_ref idref="fl-c5"/>
      </object_component>
      <object_component id="oc-32a">
         <name>.text:UpdateContextCharMapping</name>
         <load_address>0x3ae4</load_address>
         <run_address>0x3ae4</run_address>
         <size>0x4a</size>
         <input_file_ref idref="fl-eb"/>
      </object_component>
      <object_component id="oc-e3">
         <name>.text</name>
         <load_address>0x3b30</load_address>
         <run_address>0x3b30</run_address>
         <size>0x4a</size>
         <input_file_ref idref="fl-7"/>
      </object_component>
      <object_component id="oc-1e1">
         <name>.text:GPIOPinConfigure</name>
         <load_address>0x3b7c</load_address>
         <run_address>0x3b7c</run_address>
         <size>0x48</size>
         <input_file_ref idref="fl-f0"/>
      </object_component>
      <object_component id="oc-2f3">
         <name>.text:_SysCtlFrequencyGet</name>
         <load_address>0x3bc4</load_address>
         <run_address>0x3bc4</run_address>
         <size>0x48</size>
         <input_file_ref idref="fl-f4"/>
      </object_component>
      <object_component id="oc-4c5">
         <name>.text</name>
         <load_address>0x3c0c</load_address>
         <run_address>0x3c0c</run_address>
         <size>0x48</size>
         <input_file_ref idref="fl-d2"/>
      </object_component>
      <object_component id="oc-252">
         <name>.text:GrLineDrawH</name>
         <load_address>0x3c54</load_address>
         <run_address>0x3c54</run_address>
         <size>0x46</size>
         <input_file_ref idref="fl-e9"/>
      </object_component>
      <object_component id="oc-258">
         <name>.text:GrLineDrawV</name>
         <load_address>0x3c9a</load_address>
         <run_address>0x3c9a</run_address>
         <size>0x46</size>
         <input_file_ref idref="fl-e9"/>
      </object_component>
      <object_component id="oc-286">
         <name>.text:__TI_auto_init_nobinit_nopinit:__TI_auto_init_nobinit_nopinit</name>
         <load_address>0x3ce0</load_address>
         <run_address>0x3ce0</run_address>
         <size>0x44</size>
         <input_file_ref idref="fl-d6"/>
      </object_component>
      <object_component id="oc-f6">
         <name>.text:ADCSequenceConfigure</name>
         <load_address>0x3d24</load_address>
         <run_address>0x3d24</run_address>
         <size>0x3e</size>
         <input_file_ref idref="fl-ee"/>
      </object_component>
      <object_component id="oc-4ed">
         <name>.text:_fcpy</name>
         <load_address>0x3d62</load_address>
         <run_address>0x3d62</run_address>
         <size>0x3e</size>
         <input_file_ref idref="fl-cd"/>
      </object_component>
      <object_component id="oc-3be">
         <name>.text:SSIConfigSetExpClk</name>
         <load_address>0x3da0</load_address>
         <run_address>0x3da0</run_address>
         <size>0x3c</size>
         <input_file_ref idref="fl-f3"/>
      </object_component>
      <object_component id="oc-49c">
         <name>.text:FontGlyphDataGet</name>
         <load_address>0x3ddc</load_address>
         <run_address>0x3ddc</run_address>
         <size>0x3a</size>
         <input_file_ref idref="fl-eb"/>
      </object_component>
      <object_component id="oc-26e">
         <name>.text</name>
         <load_address>0x3e16</load_address>
         <run_address>0x3e16</run_address>
         <size>0x38</size>
         <input_file_ref idref="fl-c6"/>
      </object_component>
      <object_component id="oc-40f">
         <name>.text:GrClipCodeGet</name>
         <load_address>0x3e4e</load_address>
         <run_address>0x3e4e</run_address>
         <size>0x36</size>
         <input_file_ref idref="fl-e9"/>
      </object_component>
      <object_component id="oc-98">
         <name>.text:SysCtlPeripheralEnable</name>
         <load_address>0x3e84</load_address>
         <run_address>0x3e84</run_address>
         <size>0x34</size>
         <input_file_ref idref="fl-f4"/>
      </object_component>
      <object_component id="oc-62">
         <name>.text:_c_int00_noargs:_c_int00_noargs</name>
         <load_address>0x3eb8</load_address>
         <run_address>0x3eb8</run_address>
         <size>0x34</size>
         <input_file_ref idref="fl-cb"/>
      </object_component>
      <object_component id="oc-358">
         <name>.text:_outs</name>
         <load_address>0x3eec</load_address>
         <run_address>0x3eec</run_address>
         <size>0x30</size>
         <input_file_ref idref="fl-c5"/>
      </object_component>
      <object_component id="oc-83">
         <name>.text:ADCIntStatus</name>
         <load_address>0x3f1c</load_address>
         <run_address>0x3f1c</run_address>
         <size>0x2e</size>
         <input_file_ref idref="fl-ee"/>
      </object_component>
      <object_component id="oc-3e0">
         <name>.text:GrStringNextCharGet</name>
         <load_address>0x3f4a</load_address>
         <run_address>0x3f4a</run_address>
         <size>0x2e</size>
         <input_file_ref idref="fl-eb"/>
      </object_component>
      <object_component id="oc-4d0">
         <name>.text</name>
         <load_address>0x3f78</load_address>
         <run_address>0x3f78</run_address>
         <size>0x2e</size>
         <input_file_ref idref="fl-d3"/>
      </object_component>
      <object_component id="oc-1a6">
         <name>.text:GPIODirModeSet</name>
         <load_address>0x3fa6</load_address>
         <run_address>0x3fa6</run_address>
         <size>0x2a</size>
         <input_file_ref idref="fl-f0"/>
      </object_component>
      <object_component id="oc-3da">
         <name>.text:GrFontInfoGet</name>
         <load_address>0x3fd0</load_address>
         <run_address>0x3fd0</run_address>
         <size>0x26</size>
         <input_file_ref idref="fl-eb"/>
      </object_component>
      <object_component id="oc-c5">
         <name>.text:IntPrioritySet</name>
         <load_address>0x3ff8</load_address>
         <run_address>0x3ff8</run_address>
         <size>0x24</size>
         <input_file_ref idref="fl-f1"/>
      </object_component>
      <object_component id="oc-3e6">
         <name>.text:GrFontGlyphDataGet</name>
         <load_address>0x401c</load_address>
         <run_address>0x401c</run_address>
         <size>0x22</size>
         <input_file_ref idref="fl-eb"/>
      </object_component>
      <object_component id="oc-1ed">
         <name>.text:PWMGenConfigure</name>
         <load_address>0x403e</load_address>
         <run_address>0x403e</run_address>
         <size>0x22</size>
         <input_file_ref idref="fl-f2"/>
      </object_component>
      <object_component id="oc-8c">
         <name>.text:ADCSequenceDataGet</name>
         <load_address>0x4060</load_address>
         <run_address>0x4060</run_address>
         <size>0x1e</size>
         <input_file_ref idref="fl-ee"/>
      </object_component>
      <object_component id="oc-401">
         <name>.text:GrFontCodepageGet</name>
         <load_address>0x407e</load_address>
         <run_address>0x407e</run_address>
         <size>0x1e</size>
         <input_file_ref idref="fl-eb"/>
      </object_component>
      <object_component id="oc-1f9">
         <name>.text:PWMPulseWidthSet</name>
         <load_address>0x409c</load_address>
         <run_address>0x409c</run_address>
         <size>0x1e</size>
         <input_file_ref idref="fl-f2"/>
      </object_component>
      <object_component id="oc-2ed">
         <name>.text:_SysCtlMemTimingGet</name>
         <load_address>0x40bc</load_address>
         <run_address>0x40bc</run_address>
         <size>0x1c</size>
         <input_file_ref idref="fl-f4"/>
      </object_component>
      <object_component id="oc-445">
         <name>.text:memccpy</name>
         <load_address>0x40d8</load_address>
         <run_address>0x40d8</run_address>
         <size>0x1c</size>
         <input_file_ref idref="fl-df"/>
      </object_component>
      <object_component id="oc-557">
         <name>.text:copysign</name>
         <load_address>0x40f4</load_address>
         <run_address>0x40f4</run_address>
         <size>0x1a</size>
         <input_file_ref idref="fl-e7"/>
      </object_component>
      <object_component id="oc-24">
         <name>.text</name>
         <load_address>0x4110</load_address>
         <run_address>0x4110</run_address>
         <size>0x1a</size>
         <input_file_ref idref="fl-8"/>
      </object_component>
      <object_component id="oc-ea">
         <name>.text:ADCClockConfigSet</name>
         <load_address>0x412a</load_address>
         <run_address>0x412a</run_address>
         <size>0x18</size>
         <input_file_ref idref="fl-ee"/>
      </object_component>
      <object_component id="oc-7d">
         <name>.text:ADCProcessorTrigger</name>
         <load_address>0x4142</load_address>
         <run_address>0x4142</run_address>
         <size>0x18</size>
         <input_file_ref idref="fl-ee"/>
      </object_component>
      <object_component id="oc-3d0">
         <name>.text:GPIOPinTypeGPIOOutput</name>
         <load_address>0x415a</load_address>
         <run_address>0x415a</run_address>
         <size>0x18</size>
         <input_file_ref idref="fl-f0"/>
      </object_component>
      <object_component id="oc-35e">
         <name>.text:_outc</name>
         <load_address>0x4172</load_address>
         <run_address>0x4172</run_address>
         <size>0x18</size>
         <input_file_ref idref="fl-c5"/>
      </object_component>
      <object_component id="oc-265">
         <name>.text:GrStringDraw</name>
         <load_address>0x418a</load_address>
         <run_address>0x418a</run_address>
         <size>0x16</size>
         <input_file_ref idref="fl-eb"/>
      </object_component>
      <object_component id="oc-501">
         <name>.text:strchr</name>
         <load_address>0x41a0</load_address>
         <run_address>0x41a0</run_address>
         <size>0x16</size>
         <input_file_ref idref="fl-e0"/>
      </object_component>
      <object_component id="oc-1e7">
         <name>.text:PWMClockSet</name>
         <load_address>0x41b8</load_address>
         <run_address>0x41b8</run_address>
         <size>0x14</size>
         <input_file_ref idref="fl-f2"/>
      </object_component>
      <object_component id="oc-9e">
         <name>.text:TimerDisable</name>
         <load_address>0x41cc</load_address>
         <run_address>0x41cc</run_address>
         <size>0x14</size>
         <input_file_ref idref="fl-f5"/>
      </object_component>
      <object_component id="oc-416">
         <name>.text:strlen</name>
         <load_address>0x41e0</load_address>
         <run_address>0x41e0</run_address>
         <size>0x14</size>
         <input_file_ref idref="fl-e1"/>
      </object_component>
      <object_component id="oc-dd">
         <name>.text:GPIOPinTypeADC</name>
         <load_address>0x41f4</load_address>
         <run_address>0x41f4</run_address>
         <size>0x12</size>
         <input_file_ref idref="fl-f0"/>
      </object_component>
      <object_component id="oc-d1">
         <name>.text:GPIOPinTypeGPIOInput</name>
         <load_address>0x4206</load_address>
         <run_address>0x4206</run_address>
         <size>0x12</size>
         <input_file_ref idref="fl-f0"/>
      </object_component>
      <object_component id="oc-1db">
         <name>.text:GPIOPinTypePWM</name>
         <load_address>0x4218</load_address>
         <run_address>0x4218</run_address>
         <size>0x12</size>
         <input_file_ref idref="fl-f0"/>
      </object_component>
      <object_component id="oc-3ca">
         <name>.text:GPIOPinTypeSSI</name>
         <load_address>0x422a</load_address>
         <run_address>0x422a</run_address>
         <size>0x12</size>
         <input_file_ref idref="fl-f0"/>
      </object_component>
      <object_component id="oc-1ff">
         <name>.text:PWMOutputState</name>
         <load_address>0x423c</load_address>
         <run_address>0x423c</run_address>
         <size>0x12</size>
         <input_file_ref idref="fl-f2"/>
      </object_component>
      <object_component id="oc-b3">
         <name>.text:TimerLoadSet</name>
         <load_address>0x424e</load_address>
         <run_address>0x424e</run_address>
         <size>0x12</size>
         <input_file_ref idref="fl-f5"/>
      </object_component>
      <object_component id="oc-44b">
         <name>.text:wcslen</name>
         <load_address>0x4260</load_address>
         <run_address>0x4260</run_address>
         <size>0x12</size>
         <input_file_ref idref="fl-e3"/>
      </object_component>
      <object_component id="oc-12a">
         <name>.text:ADCIntEnable</name>
         <load_address>0x4272</load_address>
         <run_address>0x4272</run_address>
         <size>0x10</size>
         <input_file_ref idref="fl-ee"/>
      </object_component>
      <object_component id="oc-217">
         <name>.text:FPUEnable</name>
         <load_address>0x4284</load_address>
         <run_address>0x4284</run_address>
         <size>0x10</size>
         <input_file_ref idref="fl-ef"/>
      </object_component>
      <object_component id="oc-21d">
         <name>.text:FPULazyStackingEnable</name>
         <load_address>0x4294</load_address>
         <run_address>0x4294</run_address>
         <size>0x10</size>
         <input_file_ref idref="fl-ef"/>
      </object_component>
      <object_component id="oc-211">
         <name>.text:IntMasterDisable</name>
         <load_address>0x42a4</load_address>
         <run_address>0x42a4</run_address>
         <size>0x10</size>
         <input_file_ref idref="fl-f1"/>
      </object_component>
      <object_component id="oc-245">
         <name>.text:IntMasterEnable</name>
         <load_address>0x42b4</load_address>
         <run_address>0x42b4</run_address>
         <size>0x10</size>
         <input_file_ref idref="fl-f1"/>
      </object_component>
      <object_component id="oc-1f3">
         <name>.text:PWMGenPeriodSet</name>
         <load_address>0x42c4</load_address>
         <run_address>0x42c4</run_address>
         <size>0x10</size>
         <input_file_ref idref="fl-f2"/>
      </object_component>
      <object_component id="oc-f0">
         <name>.text:ADCSequenceDisable</name>
         <load_address>0x42d4</load_address>
         <run_address>0x42d4</run_address>
         <size>0xe</size>
         <input_file_ref idref="fl-ee"/>
      </object_component>
      <object_component id="oc-102">
         <name>.text:ADCSequenceEnable</name>
         <load_address>0x42e2</load_address>
         <run_address>0x42e2</run_address>
         <size>0xe</size>
         <input_file_ref idref="fl-ee"/>
      </object_component>
      <object_component id="oc-bf">
         <name>.text:TimerEnable</name>
         <load_address>0x42f0</load_address>
         <run_address>0x42f0</run_address>
         <size>0xe</size>
         <input_file_ref idref="fl-f5"/>
      </object_component>
      <object_component id="oc-18">
         <name>.text:decompress:none:__TI_decompress_none</name>
         <load_address>0x42fe</load_address>
         <run_address>0x42fe</run_address>
         <size>0xe</size>
         <input_file_ref idref="fl-c9"/>
      </object_component>
      <object_component id="oc-2e4">
         <name>.text:CPUcpsid</name>
         <load_address>0x430c</load_address>
         <run_address>0x430c</run_address>
         <size>0xc</size>
         <input_file_ref idref="fl-f6"/>
      </object_component>
      <object_component id="oc-335">
         <name>.text:CPUcpsie</name>
         <load_address>0x4318</load_address>
         <run_address>0x4318</run_address>
         <size>0xc</size>
         <input_file_ref idref="fl-f6"/>
      </object_component>
      <object_component id="oc-205">
         <name>.text:PWMGenEnable</name>
         <load_address>0x4324</load_address>
         <run_address>0x4324</run_address>
         <size>0xc</size>
         <input_file_ref idref="fl-f2"/>
      </object_component>
      <object_component id="oc-56">
         <name>.text:decompress:ZI:__TI_zero_init</name>
         <load_address>0x4330</load_address>
         <run_address>0x4330</run_address>
         <size>0xc</size>
         <input_file_ref idref="fl-c8"/>
      </object_component>
      <object_component id="oc-92">
         <name>.text:ADCIntClear</name>
         <load_address>0x433c</load_address>
         <run_address>0x433c</run_address>
         <size>0xa</size>
         <input_file_ref idref="fl-ee"/>
      </object_component>
      <object_component id="oc-3ac">
         <name>.text:SSIDataPut</name>
         <load_address>0x4346</load_address>
         <run_address>0x4346</run_address>
         <size>0xa</size>
         <input_file_ref idref="fl-f3"/>
      </object_component>
      <object_component id="oc-3c4">
         <name>.text:SSIEnable</name>
         <load_address>0x4350</load_address>
         <run_address>0x4350</run_address>
         <size>0xa</size>
         <input_file_ref idref="fl-f3"/>
      </object_component>
      <object_component id="oc-20b">
         <name>.text:TimerIntStatus</name>
         <load_address>0x435a</load_address>
         <run_address>0x435a</run_address>
         <size>0xa</size>
         <input_file_ref idref="fl-f5"/>
      </object_component>
      <object_component id="oc-3f3">
         <name>.text:GrMapISO8859_1_Unicode</name>
         <load_address>0x4364</load_address>
         <run_address>0x4364</run_address>
         <size>0x8</size>
         <input_file_ref idref="fl-ed"/>
      </object_component>
      <object_component id="oc-3b2">
         <name>.text:SSIBusy</name>
         <load_address>0x436c</load_address>
         <run_address>0x436c</run_address>
         <size>0x8</size>
         <input_file_ref idref="fl-f3"/>
      </object_component>
      <object_component id="oc-b9">
         <name>.text:TimerIntEnable</name>
         <load_address>0x4374</load_address>
         <run_address>0x4374</run_address>
         <size>0x8</size>
         <input_file_ref idref="fl-f5"/>
      </object_component>
      <object_component id="oc-451">
         <name>.text:__aeabi_errno_addr</name>
         <load_address>0x437c</load_address>
         <run_address>0x437c</run_address>
         <size>0x8</size>
         <input_file_ref idref="fl-e2"/>
      </object_component>
      <object_component id="oc-3b8">
         <name>.text:GPIOPinWrite</name>
         <load_address>0x4384</load_address>
         <run_address>0x4384</run_address>
         <size>0x6</size>
         <input_file_ref idref="fl-f0"/>
      </object_component>
      <object_component id="oc-23b">
         <name>.text:GrContextFontSet</name>
         <load_address>0x438a</load_address>
         <run_address>0x438a</run_address>
         <size>0x6</size>
         <input_file_ref idref="fl-eb"/>
      </object_component>
      <object_component id="oc-30d">
         <name>.text:SysCtlDelay</name>
         <load_address>0x4390</load_address>
         <run_address>0x4390</run_address>
         <size>0x6</size>
         <input_file_ref idref="fl-f4"/>
      </object_component>
      <object_component id="oc-153">
         <name>.text:_system_pre_init</name>
         <load_address>0x4396</load_address>
         <run_address>0x4396</run_address>
         <size>0x4</size>
         <input_file_ref idref="fl-d7"/>
      </object_component>
      <object_component id="oc-27a">
         <name>.text:abort:abort</name>
         <load_address>0x439a</load_address>
         <run_address>0x439a</run_address>
         <size>0x4</size>
         <input_file_ref idref="fl-d9"/>
      </object_component>
      <object_component id="oc-324">
         <name>.const:.string:g_pui8FontFixed6x8Data</name>
         <load_address>0x43a0</load_address>
         <run_address>0x43a0</run_address>
         <size>0x2f8</size>
         <input_file_ref idref="fl-ec"/>
      </object_component>
      <object_component id="oc-2fc">
         <name>.const:g_pppui32XTALtoVCO</name>
         <load_address>0x4698</load_address>
         <run_address>0x4698</run_address>
         <size>0x120</size>
         <input_file_ref idref="fl-f4"/>
      </object_component>
      <object_component id="oc-4aa">
         <name>.const:.string:_ctypes_</name>
         <load_address>0x47b8</load_address>
         <run_address>0x47b8</run_address>
         <size>0x101</size>
         <input_file_ref idref="fl-dd"/>
      </object_component>
      <object_component id="oc-238">
         <name>.const:g_sFontFixed6x8</name>
         <load_address>0x48bc</load_address>
         <run_address>0x48bc</run_address>
         <size>0xc8</size>
         <input_file_ref idref="fl-ec"/>
      </object_component>
      <object_component id="oc-19d">
         <name>.const:g_pui32Regs</name>
         <load_address>0x4984</load_address>
         <run_address>0x4984</run_address>
         <size>0x9c</size>
         <input_file_ref idref="fl-f1"/>
      </object_component>
      <object_component id="oc-2d8">
         <name>.const:g_pui32GPIOBaseAddrs</name>
         <load_address>0x4a20</load_address>
         <run_address>0x4a20</run_address>
         <size>0x90</size>
         <input_file_ref idref="fl-f0"/>
      </object_component>
      <object_component id="oc-1a2">
         <name>.const</name>
         <load_address>0x4ab0</load_address>
         <run_address>0x4ab0</run_address>
         <size>0x70</size>
         <input_file_ref idref="fl-f1"/>
      </object_component>
      <object_component id="oc-2f9">
         <name>.const:g_pui32Xtals</name>
         <load_address>0x4b20</load_address>
         <run_address>0x4b20</run_address>
         <size>0x6c</size>
         <input_file_ref idref="fl-f4"/>
      </object_component>
      <object_component id="oc-3a1">
         <name>.const:g_sXTALtoMEMTIM</name>
         <load_address>0x4b8c</load_address>
         <run_address>0x4b8c</run_address>
         <size>0x30</size>
         <input_file_ref idref="fl-f4"/>
      </object_component>
      <object_component id="oc-22f">
         <name>.const:g_sCrystalfontz128x128</name>
         <load_address>0x4bbc</load_address>
         <run_address>0x4bbc</run_address>
         <size>0x28</size>
         <input_file_ref idref="fl-2"/>
      </object_component>
      <object_component id="oc-34e">
         <name>.const:.string</name>
         <load_address>0x4be4</load_address>
         <run_address>0x4be4</run_address>
         <size>0x20</size>
         <input_file_ref idref="fl-5"/>
      </object_component>
      <object_component id="oc-241">
         <name>.const:$P$T0$1</name>
         <load_address>0x4c04</load_address>
         <run_address>0x4c04</run_address>
         <size>0x14</size>
         <input_file_ref idref="fl-5"/>
      </object_component>
      <object_component id="oc-26b">
         <name>.const:gVoltageScaleStr</name>
         <load_address>0x4c18</load_address>
         <run_address>0x4c18</run_address>
         <size>0x14</size>
         <input_file_ref idref="fl-5"/>
      </object_component>
      <object_component id="oc-31d">
         <name>.const</name>
         <load_address>0x4c2c</load_address>
         <run_address>0x4c2c</run_address>
         <size>0x10</size>
         <input_file_ref idref="fl-e8"/>
      </object_component>
      <object_component id="oc-2ff">
         <name>.const</name>
         <load_address>0x4c3c</load_address>
         <run_address>0x4c3c</run_address>
         <size>0x8</size>
         <input_file_ref idref="fl-f4"/>
      </object_component>
      <object_component id="oc-5ad">
         <name>.cinit..data.load</name>
         <load_address>0x4c48</load_address>
         <run_address>0x4c48</run_address>
         <size>0x15</size>
      </object_component>
      <object_component id="oc-5ab">
         <name>__TI_handler_table</name>
         <load_address>0x4c60</load_address>
         <run_address>0x4c60</run_address>
         <size>0xc</size>
      </object_component>
      <object_component id="oc-5ae">
         <name>.cinit..bss.load</name>
         <load_address>0x4c70</load_address>
         <run_address>0x4c70</run_address>
         <size>0x8</size>
      </object_component>
      <object_component id="oc-5ac">
         <name>__TI_cinit_table</name>
         <load_address>0x4c78</load_address>
         <run_address>0x4c78</run_address>
         <size>0x10</size>
      </object_component>
      <object_component id="oc-30a">
         <name>.data:Lcd_buffer</name>
         <load_address>0x20000000</load_address>
         <run_address>0x20000000</run_address>
         <size>0x8000</size>
         <input_file_ref idref="fl-2"/>
      </object_component>
      <object_component id="oc-77">
         <name>.data</name>
         <load_address>0x20008024</load_address>
         <run_address>0x20008024</run_address>
         <size>0xd</size>
         <input_file_ref idref="fl-4"/>
      </object_component>
      <object_component id="oc-89">
         <name>.data:gJoystick</name>
         <load_address>0x20008034</load_address>
         <run_address>0x20008034</run_address>
         <size>0x8</size>
         <input_file_ref idref="fl-4"/>
      </object_component>
      <object_component id="oc-109">
         <name>.data:count$2</name>
         <load_address>0x20008000</load_address>
         <run_address>0x20008000</run_address>
         <size>0x24</size>
         <input_file_ref idref="fl-4"/>
      </object_component>
      <object_component id="oc-116">
         <name>.data</name>
         <load_address>0x2000803c</load_address>
         <run_address>0x2000803c</run_address>
         <size>0x8</size>
         <input_file_ref idref="fl-5"/>
      </object_component>
      <object_component id="oc-124">
         <name>.data</name>
         <load_address>0x20008044</load_address>
         <run_address>0x20008044</run_address>
         <size>0x8</size>
         <input_file_ref idref="fl-6"/>
      </object_component>
      <object_component id="oc-511">
         <name>.data</name>
         <load_address>0x2000804c</load_address>
         <run_address>0x2000804c</run_address>
         <size>0x4</size>
         <input_file_ref idref="fl-e2"/>
      </object_component>
      <object_component id="oc-108">
         <name>.bss:state$1</name>
         <uninitialized>true</uninitialized>
         <run_address>0x20009050</run_address>
         <size>0x14</size>
         <input_file_ref idref="fl-4"/>
      </object_component>
      <object_component id="oc-303">
         <name>.common:Lcd_Orientation</name>
         <uninitialized>true</uninitialized>
         <run_address>0x20009090</run_address>
         <size>0x1</size>
      </object_component>
      <object_component id="oc-30f">
         <name>.common:Lcd_ScreenWidth</name>
         <uninitialized>true</uninitialized>
         <run_address>0x2000908a</run_address>
         <size>0x2</size>
      </object_component>
      <object_component id="oc-30e">
         <name>.common:Lcd_ScreenHeigth</name>
         <uninitialized>true</uninitialized>
         <run_address>0x20009088</run_address>
         <size>0x2</size>
      </object_component>
      <object_component id="oc-310">
         <name>.common:Lcd_PenSolid</name>
         <uninitialized>true</uninitialized>
         <run_address>0x20009091</run_address>
         <size>0x1</size>
      </object_component>
      <object_component id="oc-311">
         <name>.common:Lcd_FontSolid</name>
         <uninitialized>true</uninitialized>
         <run_address>0x2000908f</run_address>
         <size>0x1</size>
      </object_component>
      <object_component id="oc-312">
         <name>.common:Lcd_FlagRead</name>
         <uninitialized>true</uninitialized>
         <run_address>0x2000908e</run_address>
         <size>0x1</size>
      </object_component>
      <object_component id="oc-313">
         <name>.common:Lcd_TouchTrim</name>
         <uninitialized>true</uninitialized>
         <run_address>0x2000908c</run_address>
         <size>0x2</size>
      </object_component>
      <object_component id="oc-e9">
         <name>.common:gADCSamplingRate</name>
         <uninitialized>true</uninitialized>
         <run_address>0x20009078</run_address>
         <size>0x4</size>
      </object_component>
      <object_component id="oc-7a">
         <name>.common:fifo</name>
         <uninitialized>true</uninitialized>
         <run_address>0x20009064</run_address>
         <size>0xc</size>
      </object_component>
      <object_component id="oc-25e">
         <name>.common:fScale</name>
         <uninitialized>true</uninitialized>
         <run_address>0x20009074</run_address>
         <size>0x4</size>
      </object_component>
      <object_component id="oc-24b">
         <name>.common:load_count</name>
         <uninitialized>true</uninitialized>
         <run_address>0x20009084</run_address>
         <size>0x4</size>
      </object_component>
      <object_component id="oc-244">
         <name>.common:cpu_unload</name>
         <uninitialized>true</uninitialized>
         <run_address>0x20009070</run_address>
         <size>0x4</size>
      </object_component>
      <object_component id="oc-aa">
         <name>.common:gSystemClock</name>
         <uninitialized>true</uninitialized>
         <run_address>0x2000907c</run_address>
         <size>0x4</size>
      </object_component>
      <object_component id="oc-127">
         <name>.common:gADCBuffer</name>
         <uninitialized>true</uninitialized>
         <run_address>0x20008050</run_address>
         <size>0x1000</size>
      </object_component>
      <object_component id="oc-320">
         <name>.common:g_psGrLibDefaults</name>
         <uninitialized>true</uninitialized>
         <run_address>0x20009080</run_address>
         <size>0x4</size>
      </object_component>
      <object_component id="oc-21">
         <name>.stack</name>
         <uninitialized>true</uninitialized>
         <run_address>0x20009098</run_address>
         <size>0x4</size>
         <input_file_ref idref="fl-cb"/>
      </object_component>
      <object_component id="oc-5af">
         <name>.stack</name>
         <uninitialized>true</uninitialized>
         <run_address>0x20009098</run_address>
         <size>0x0</size>
      </object_component>
      <object_component id="oc-1c9">
         <name>.debug_info</name>
         <load_address>0x0</load_address>
         <run_address>0x0</run_address>
         <size>0x708</size>
         <input_file_ref idref="fl-2"/>
      </object_component>
      <object_component id="oc-30b">
         <name>.debug_info</name>
         <load_address>0x708</load_address>
         <run_address>0x708</run_address>
         <size>0x10e</size>
         <input_file_ref idref="fl-2"/>
      </object_component>
      <object_component id="oc-230">
         <name>.debug_info</name>
         <load_address>0x816</load_address>
         <run_address>0x816</run_address>
         <size>0x127</size>
         <input_file_ref idref="fl-2"/>
      </object_component>
      <object_component id="oc-22b">
         <name>.debug_info</name>
         <load_address>0x93d</load_address>
         <run_address>0x93d</run_address>
         <size>0x1103</size>
         <input_file_ref idref="fl-2"/>
      </object_component>
      <object_component id="oc-183">
         <name>.debug_info</name>
         <load_address>0x1a40</load_address>
         <run_address>0x1a40</run_address>
         <size>0x6bd</size>
         <input_file_ref idref="fl-2"/>
      </object_component>
      <object_component id="oc-133">
         <name>.debug_info</name>
         <load_address>0x20fd</load_address>
         <run_address>0x20fd</run_address>
         <size>0x26b</size>
         <input_file_ref idref="fl-2"/>
      </object_component>
      <object_component id="oc-11a">
         <name>.debug_info</name>
         <load_address>0x2368</load_address>
         <run_address>0x2368</run_address>
         <size>0x8b</size>
         <input_file_ref idref="fl-2"/>
      </object_component>
      <object_component id="oc-1bf">
         <name>.debug_info</name>
         <load_address>0x23f3</load_address>
         <run_address>0x23f3</run_address>
         <size>0x297</size>
         <input_file_ref idref="fl-2"/>
      </object_component>
      <object_component id="oc-1b1">
         <name>.debug_info</name>
         <load_address>0x268a</load_address>
         <run_address>0x268a</run_address>
         <size>0xef</size>
         <input_file_ref idref="fl-2"/>
      </object_component>
      <object_component id="oc-11f">
         <name>.debug_info</name>
         <load_address>0x2779</load_address>
         <run_address>0x2779</run_address>
         <size>0xbb</size>
         <input_file_ref idref="fl-2"/>
      </object_component>
      <object_component id="oc-3d7">
         <name>.debug_info</name>
         <load_address>0x2834</load_address>
         <run_address>0x2834</run_address>
         <size>0x6c8</size>
         <input_file_ref idref="fl-3"/>
      </object_component>
      <object_component id="oc-305">
         <name>.debug_info</name>
         <load_address>0x2efc</load_address>
         <run_address>0x2efc</run_address>
         <size>0x628</size>
         <input_file_ref idref="fl-3"/>
      </object_component>
      <object_component id="oc-7b">
         <name>.debug_info</name>
         <load_address>0x3524</load_address>
         <run_address>0x3524</run_address>
         <size>0x8b7</size>
         <input_file_ref idref="fl-4"/>
      </object_component>
      <object_component id="oc-78">
         <name>.debug_info</name>
         <load_address>0x3ddb</load_address>
         <run_address>0x3ddb</run_address>
         <size>0x13d</size>
         <input_file_ref idref="fl-4"/>
      </object_component>
      <object_component id="oc-8a">
         <name>.debug_info</name>
         <load_address>0x3f18</load_address>
         <run_address>0x3f18</run_address>
         <size>0xf9</size>
         <input_file_ref idref="fl-4"/>
      </object_component>
      <object_component id="oc-2b">
         <name>.debug_info</name>
         <load_address>0x4011</load_address>
         <run_address>0x4011</run_address>
         <size>0x929</size>
         <input_file_ref idref="fl-4"/>
      </object_component>
      <object_component id="oc-188">
         <name>.debug_info</name>
         <load_address>0x493a</load_address>
         <run_address>0x493a</run_address>
         <size>0x2c</size>
         <input_file_ref idref="fl-4"/>
      </object_component>
      <object_component id="oc-ab">
         <name>.debug_info</name>
         <load_address>0x4966</load_address>
         <run_address>0x4966</run_address>
         <size>0xd04</size>
         <input_file_ref idref="fl-5"/>
      </object_component>
      <object_component id="oc-117">
         <name>.debug_info</name>
         <load_address>0x566a</load_address>
         <run_address>0x566a</run_address>
         <size>0x10f</size>
         <input_file_ref idref="fl-5"/>
      </object_component>
      <object_component id="oc-26c">
         <name>.debug_info</name>
         <load_address>0x5779</load_address>
         <run_address>0x5779</run_address>
         <size>0x104</size>
         <input_file_ref idref="fl-5"/>
      </object_component>
      <object_component id="oc-242">
         <name>.debug_info</name>
         <load_address>0x587d</load_address>
         <run_address>0x587d</run_address>
         <size>0xf1</size>
         <input_file_ref idref="fl-5"/>
      </object_component>
      <object_component id="oc-15a">
         <name>.debug_info</name>
         <load_address>0x596e</load_address>
         <run_address>0x596e</run_address>
         <size>0x750</size>
         <input_file_ref idref="fl-5"/>
      </object_component>
      <object_component id="oc-18d">
         <name>.debug_info</name>
         <load_address>0x60be</load_address>
         <run_address>0x60be</run_address>
         <size>0xcc</size>
         <input_file_ref idref="fl-5"/>
      </object_component>
      <object_component id="oc-370">
         <name>.debug_info</name>
         <load_address>0x618a</load_address>
         <run_address>0x618a</run_address>
         <size>0x2c</size>
         <input_file_ref idref="fl-5"/>
      </object_component>
      <object_component id="oc-128">
         <name>.debug_info</name>
         <load_address>0x61b6</load_address>
         <run_address>0x61b6</run_address>
         <size>0x776</size>
         <input_file_ref idref="fl-6"/>
      </object_component>
      <object_component id="oc-125">
         <name>.debug_info</name>
         <load_address>0x692c</load_address>
         <run_address>0x692c</run_address>
         <size>0x12b</size>
         <input_file_ref idref="fl-6"/>
      </object_component>
      <object_component id="oc-34">
         <name>.debug_info</name>
         <load_address>0x6a57</load_address>
         <run_address>0x6a57</run_address>
         <size>0x3e0</size>
         <input_file_ref idref="fl-6"/>
      </object_component>
      <object_component id="oc-e7">
         <name>.debug_info</name>
         <load_address>0x6e37</load_address>
         <run_address>0x6e37</run_address>
         <size>0x1d2</size>
         <input_file_ref idref="fl-7"/>
      </object_component>
      <object_component id="oc-3f">
         <name>.debug_info</name>
         <load_address>0x7009</load_address>
         <run_address>0x7009</run_address>
         <size>0x84</size>
         <input_file_ref idref="fl-7"/>
      </object_component>
      <object_component id="oc-38">
         <name>.debug_info</name>
         <load_address>0x708d</load_address>
         <run_address>0x708d</run_address>
         <size>0x302</size>
         <input_file_ref idref="fl-8"/>
      </object_component>
      <object_component id="oc-10">
         <name>.debug_info</name>
         <load_address>0x738f</load_address>
         <run_address>0x738f</run_address>
         <size>0x111</size>
         <input_file_ref idref="fl-8"/>
      </object_component>
      <object_component id="oc-27">
         <name>.debug_info</name>
         <load_address>0x74a0</load_address>
         <run_address>0x74a0</run_address>
         <size>0x290</size>
         <input_file_ref idref="fl-8"/>
      </object_component>
      <object_component id="oc-199">
         <name>.debug_info</name>
         <load_address>0x7730</load_address>
         <run_address>0x7730</run_address>
         <size>0x2b2</size>
         <input_file_ref idref="fl-c4"/>
      </object_component>
      <object_component id="oc-af">
         <name>.debug_info</name>
         <load_address>0x79e2</load_address>
         <run_address>0x79e2</run_address>
         <size>0x188</size>
         <input_file_ref idref="fl-c4"/>
      </object_component>
      <object_component id="oc-365">
         <name>.debug_info</name>
         <load_address>0x7b6a</load_address>
         <run_address>0x7b6a</run_address>
         <size>0x339</size>
         <input_file_ref idref="fl-c5"/>
      </object_component>
      <object_component id="oc-275">
         <name>.debug_info</name>
         <load_address>0x7ea3</load_address>
         <run_address>0x7ea3</run_address>
         <size>0x1ed</size>
         <input_file_ref idref="fl-c5"/>
      </object_component>
      <object_component id="oc-359">
         <name>.debug_info</name>
         <load_address>0x8090</load_address>
         <run_address>0x8090</run_address>
         <size>0x1c2</size>
         <input_file_ref idref="fl-c5"/>
      </object_component>
      <object_component id="oc-360">
         <name>.debug_info</name>
         <load_address>0x8252</load_address>
         <run_address>0x8252</run_address>
         <size>0x175</size>
         <input_file_ref idref="fl-c5"/>
      </object_component>
      <object_component id="oc-366">
         <name>.debug_info</name>
         <load_address>0x83c7</load_address>
         <run_address>0x83c7</run_address>
         <size>0x2c</size>
         <input_file_ref idref="fl-c5"/>
      </object_component>
      <object_component id="oc-36b">
         <name>.debug_info</name>
         <load_address>0x83f3</load_address>
         <run_address>0x83f3</run_address>
         <size>0x69</size>
         <input_file_ref idref="fl-c5"/>
      </object_component>
      <object_component id="oc-26f">
         <name>.debug_info</name>
         <load_address>0x845c</load_address>
         <run_address>0x845c</run_address>
         <size>0x12b</size>
         <input_file_ref idref="fl-c6"/>
      </object_component>
      <object_component id="oc-45">
         <name>.debug_info</name>
         <load_address>0x8587</load_address>
         <run_address>0x8587</run_address>
         <size>0x118</size>
         <input_file_ref idref="fl-c7"/>
      </object_component>
      <object_component id="oc-14c">
         <name>.debug_info</name>
         <load_address>0x869f</load_address>
         <run_address>0x869f</run_address>
         <size>0x2d3</size>
         <input_file_ref idref="fl-c8"/>
      </object_component>
      <object_component id="oc-57">
         <name>.debug_info</name>
         <load_address>0x8972</load_address>
         <run_address>0x8972</run_address>
         <size>0x1b4</size>
         <input_file_ref idref="fl-c8"/>
      </object_component>
      <object_component id="oc-147">
         <name>.debug_info</name>
         <load_address>0x8b26</load_address>
         <run_address>0x8b26</run_address>
         <size>0x46</size>
         <input_file_ref idref="fl-c8"/>
      </object_component>
      <object_component id="oc-1d2">
         <name>.debug_info</name>
         <load_address>0x8b6c</load_address>
         <run_address>0x8b6c</run_address>
         <size>0x2c</size>
         <input_file_ref idref="fl-c8"/>
      </object_component>
      <object_component id="oc-4f">
         <name>.debug_info</name>
         <load_address>0x8b98</load_address>
         <run_address>0x8b98</run_address>
         <size>0x2a7</size>
         <input_file_ref idref="fl-c9"/>
      </object_component>
      <object_component id="oc-1b">
         <name>.debug_info</name>
         <load_address>0x8e3f</load_address>
         <run_address>0x8e3f</run_address>
         <size>0x1e9</size>
         <input_file_ref idref="fl-c9"/>
      </object_component>
      <object_component id="oc-4a">
         <name>.debug_info</name>
         <load_address>0x9028</load_address>
         <run_address>0x9028</run_address>
         <size>0x46</size>
         <input_file_ref idref="fl-c9"/>
      </object_component>
      <object_component id="oc-13f">
         <name>.debug_info</name>
         <load_address>0x906e</load_address>
         <run_address>0x906e</run_address>
         <size>0x2c</size>
         <input_file_ref idref="fl-c9"/>
      </object_component>
      <object_component id="oc-13d">
         <name>.debug_info</name>
         <load_address>0x909a</load_address>
         <run_address>0x909a</run_address>
         <size>0x29d</size>
         <input_file_ref idref="fl-ca"/>
      </object_component>
      <object_component id="oc-15">
         <name>.debug_info</name>
         <load_address>0x9337</load_address>
         <run_address>0x9337</run_address>
         <size>0x24f</size>
         <input_file_ref idref="fl-ca"/>
      </object_component>
      <object_component id="oc-3a">
         <name>.debug_info</name>
         <load_address>0x9586</load_address>
         <run_address>0x9586</run_address>
         <size>0x60</size>
         <input_file_ref idref="fl-ca"/>
      </object_component>
      <object_component id="oc-1cb">
         <name>.debug_info</name>
         <load_address>0x95e6</load_address>
         <run_address>0x95e6</run_address>
         <size>0x46</size>
         <input_file_ref idref="fl-ca"/>
      </object_component>
      <object_component id="oc-138">
         <name>.debug_info</name>
         <load_address>0x962c</load_address>
         <run_address>0x962c</run_address>
         <size>0x39</size>
         <input_file_ref idref="fl-ca"/>
      </object_component>
      <object_component id="oc-22">
         <name>.debug_info</name>
         <load_address>0x9665</load_address>
         <run_address>0x9665</run_address>
         <size>0x10a</size>
         <input_file_ref idref="fl-cb"/>
      </object_component>
      <object_component id="oc-64">
         <name>.debug_info</name>
         <load_address>0x976f</load_address>
         <run_address>0x976f</run_address>
         <size>0x1a8</size>
         <input_file_ref idref="fl-cb"/>
      </object_component>
      <object_component id="oc-2c4">
         <name>.debug_info</name>
         <load_address>0x9917</load_address>
         <run_address>0x9917</run_address>
         <size>0x28f</size>
         <input_file_ref idref="fl-cc"/>
      </object_component>
      <object_component id="oc-194">
         <name>.debug_info</name>
         <load_address>0x9ba6</load_address>
         <run_address>0x9ba6</run_address>
         <size>0x181</size>
         <input_file_ref idref="fl-cc"/>
      </object_component>
      <object_component id="oc-397">
         <name>.debug_info</name>
         <load_address>0x9d27</load_address>
         <run_address>0x9d27</run_address>
         <size>0x46</size>
         <input_file_ref idref="fl-cc"/>
      </object_component>
      <object_component id="oc-2c5">
         <name>.debug_info</name>
         <load_address>0x9d6d</load_address>
         <run_address>0x9d6d</run_address>
         <size>0x39</size>
         <input_file_ref idref="fl-cc"/>
      </object_component>
      <object_component id="oc-458">
         <name>.debug_info</name>
         <load_address>0x9da6</load_address>
         <run_address>0x9da6</run_address>
         <size>0x57a</size>
         <input_file_ref idref="fl-cd"/>
      </object_component>
      <object_component id="oc-423">
         <name>.debug_info</name>
         <load_address>0xa320</load_address>
         <run_address>0xa320</run_address>
         <size>0x21d</size>
         <input_file_ref idref="fl-cd"/>
      </object_component>
      <object_component id="oc-4db">
         <name>.debug_info</name>
         <load_address>0xa53d</load_address>
         <run_address>0xa53d</run_address>
         <size>0x1b2</size>
         <input_file_ref idref="fl-cd"/>
      </object_component>
      <object_component id="oc-4e1">
         <name>.debug_info</name>
         <load_address>0xa6ef</load_address>
         <run_address>0xa6ef</run_address>
         <size>0x21a</size>
         <input_file_ref idref="fl-cd"/>
      </object_component>
      <object_component id="oc-42e">
         <name>.debug_info</name>
         <load_address>0xa909</load_address>
         <run_address>0xa909</run_address>
         <size>0x3ba</size>
         <input_file_ref idref="fl-cd"/>
      </object_component>
      <object_component id="oc-4e8">
         <name>.debug_info</name>
         <load_address>0xacc3</load_address>
         <run_address>0xacc3</run_address>
         <size>0x304</size>
         <input_file_ref idref="fl-cd"/>
      </object_component>
      <object_component id="oc-4ee">
         <name>.debug_info</name>
         <load_address>0xafc7</load_address>
         <run_address>0xafc7</run_address>
         <size>0x214</size>
         <input_file_ref idref="fl-cd"/>
      </object_component>
      <object_component id="oc-434">
         <name>.debug_info</name>
         <load_address>0xb1db</load_address>
         <run_address>0xb1db</run_address>
         <size>0x214</size>
         <input_file_ref idref="fl-cd"/>
      </object_component>
      <object_component id="oc-43a">
         <name>.debug_info</name>
         <load_address>0xb3ef</load_address>
         <run_address>0xb3ef</run_address>
         <size>0x303</size>
         <input_file_ref idref="fl-cd"/>
      </object_component>
      <object_component id="oc-440">
         <name>.debug_info</name>
         <load_address>0xb6f2</load_address>
         <run_address>0xb6f2</run_address>
         <size>0x4af</size>
         <input_file_ref idref="fl-cd"/>
      </object_component>
      <object_component id="oc-353">
         <name>.debug_info</name>
         <load_address>0xbba1</load_address>
         <run_address>0xbba1</run_address>
         <size>0x5f3</size>
         <input_file_ref idref="fl-cd"/>
      </object_component>
      <object_component id="oc-459">
         <name>.debug_info</name>
         <load_address>0xc194</load_address>
         <run_address>0xc194</run_address>
         <size>0x86</size>
         <input_file_ref idref="fl-cd"/>
      </object_component>
      <object_component id="oc-518">
         <name>.debug_info</name>
         <load_address>0xc21a</load_address>
         <run_address>0xc21a</run_address>
         <size>0x39</size>
         <input_file_ref idref="fl-cd"/>
      </object_component>
      <object_component id="oc-56e">
         <name>.debug_info</name>
         <load_address>0xc253</load_address>
         <run_address>0xc253</run_address>
         <size>0xb6</size>
         <input_file_ref idref="fl-cd"/>
      </object_component>
      <object_component id="oc-51d">
         <name>.debug_info</name>
         <load_address>0xc309</load_address>
         <run_address>0xc309</run_address>
         <size>0x46</size>
         <input_file_ref idref="fl-cd"/>
      </object_component>
      <object_component id="oc-45e">
         <name>.debug_info</name>
         <load_address>0xc34f</load_address>
         <run_address>0xc34f</run_address>
         <size>0x46</size>
         <input_file_ref idref="fl-cd"/>
      </object_component>
      <object_component id="oc-4d7">
         <name>.debug_info</name>
         <load_address>0xc395</load_address>
         <run_address>0xc395</run_address>
         <size>0x14b</size>
         <input_file_ref idref="fl-ce"/>
      </object_component>
      <object_component id="oc-429">
         <name>.debug_info</name>
         <load_address>0xc4e0</load_address>
         <run_address>0xc4e0</run_address>
         <size>0x127</size>
         <input_file_ref idref="fl-cf"/>
      </object_component>
      <object_component id="oc-4c1">
         <name>.debug_info</name>
         <load_address>0xc607</load_address>
         <run_address>0xc607</run_address>
         <size>0x129</size>
         <input_file_ref idref="fl-cf"/>
      </object_component>
      <object_component id="oc-4bc">
         <name>.debug_info</name>
         <load_address>0xc730</load_address>
         <run_address>0xc730</run_address>
         <size>0x139</size>
         <input_file_ref idref="fl-d0"/>
      </object_component>
      <object_component id="oc-4b8">
         <name>.debug_info</name>
         <load_address>0xc869</load_address>
         <run_address>0xc869</run_address>
         <size>0x139</size>
         <input_file_ref idref="fl-d1"/>
      </object_component>
      <object_component id="oc-4c6">
         <name>.debug_info</name>
         <load_address>0xc9a2</load_address>
         <run_address>0xc9a2</run_address>
         <size>0x12d</size>
         <input_file_ref idref="fl-d2"/>
      </object_component>
      <object_component id="oc-4d1">
         <name>.debug_info</name>
         <load_address>0xcacf</load_address>
         <run_address>0xcacf</run_address>
         <size>0x12b</size>
         <input_file_ref idref="fl-d3"/>
      </object_component>
      <object_component id="oc-4b2">
         <name>.debug_info</name>
         <load_address>0xcbfa</load_address>
         <run_address>0xcbfa</run_address>
         <size>0x133</size>
         <input_file_ref idref="fl-d4"/>
      </object_component>
      <object_component id="oc-14f">
         <name>.debug_info</name>
         <load_address>0xcd2d</load_address>
         <run_address>0xcd2d</run_address>
         <size>0x146</size>
         <input_file_ref idref="fl-d5"/>
      </object_component>
      <object_component id="oc-380">
         <name>.debug_info</name>
         <load_address>0xce73</load_address>
         <run_address>0xce73</run_address>
         <size>0x4b2</size>
         <input_file_ref idref="fl-d6"/>
      </object_component>
      <object_component id="oc-28a">
         <name>.debug_info</name>
         <load_address>0xd325</load_address>
         <run_address>0xd325</run_address>
         <size>0x1a5</size>
         <input_file_ref idref="fl-d6"/>
      </object_component>
      <object_component id="oc-477">
         <name>.debug_info</name>
         <load_address>0xd4ca</load_address>
         <run_address>0xd4ca</run_address>
         <size>0x39</size>
         <input_file_ref idref="fl-d6"/>
      </object_component>
      <object_component id="oc-525">
         <name>.debug_info</name>
         <load_address>0xd503</load_address>
         <run_address>0xd503</run_address>
         <size>0x39</size>
         <input_file_ref idref="fl-d6"/>
      </object_component>
      <object_component id="oc-47c">
         <name>.debug_info</name>
         <load_address>0xd53c</load_address>
         <run_address>0xd53c</run_address>
         <size>0x39</size>
         <input_file_ref idref="fl-d6"/>
      </object_component>
[...]
      </symbol>
      <symbol id="sm-174">
         <name>FallingTrigger</name>
         <value>0x24f9</value>
         <object_component_ref idref="oc-30"/>
      </symbol>
      <symbol id="sm-175">
         <name>gADCErrors</name>
         <value>0x20008048</value>
         <object_component_ref idref="oc-124"/>
      </symbol>
      <symbol id="sm-176">
         <name>ADCInit</name>
         <value>0x2599</value>
         <object_component_ref idref="oc-30"/>
      </symbol>
      <symbol id="sm-185">
         <name>SysCtlFrequencyGet</name>
         <value>0x3b31</value>
         <object_component_ref idref="oc-e3"/>
      </symbol>
      <symbol id="sm-1a1">
         <name>ResetISR</name>
         <value>0x4111</value>
         <object_component_ref idref="oc-24"/>
      </symbol>
      <symbol id="sm-1a2">
         <name>g_pfnVectors</name>
         <value>0x0</value>
         <object_component_ref idref="oc-f"/>
      </symbol>
      <symbol id="sm-1b1">
         <name>roundf</name>
         <value>0x368b</value>
         <object_component_ref idref="oc-ad"/>
      </symbol>
      <symbol id="sm-1e0">
         <name>snprintf</name>
         <value>0x3a99</value>
         <object_component_ref idref="oc-273"/>
      </symbol>
      <symbol id="sm-1eb">
         <name>__aeabi_f2d</name>
         <value>0x3e17</value>
         <object_component_ref idref="oc-26e"/>
      </symbol>
      <symbol id="sm-206">
         <name>memcpy</name>
         <value>0x31e3</value>
         <object_component_ref idref="oc-44"/>
      </symbol>
      <symbol id="sm-207">
         <name>__aeabi_memcpy</name>
         <value>0x31e3</value>
         <object_component_ref idref="oc-44"/>
      </symbol>
      <symbol id="sm-208">
         <name>__aeabi_memcpy8</name>
         <value>0x31e3</value>
         <object_component_ref idref="oc-44"/>
      </symbol>
      <symbol id="sm-209">
         <name>__aeabi_memcpy4</name>
         <value>0x31e3</value>
         <object_component_ref idref="oc-44"/>
      </symbol>
      <symbol id="sm-220">
         <name>__TI_zero_init</name>
         <value>0x4331</value>
         <object_component_ref idref="oc-56"/>
      </symbol>
      <symbol id="sm-237">
         <name>__TI_decompress_none</name>
         <value>0x42ff</value>
         <object_component_ref idref="oc-18"/>
      </symbol>
      <symbol id="sm-25a">
         <name>__TI_decompress_lzss</name>
         <value>0x37c9</value>
         <object_component_ref idref="oc-12"/>
      </symbol>
      <symbol id="sm-26d">
         <name>__stack</name>
         <value>0x20009098</value>
         <object_component_ref idref="oc-21"/>
      </symbol>
      <symbol id="sm-26e">
         <name>_c_int00_noargs</name>
         <value>0x3eb9</value>
         <object_component_ref idref="oc-62"/>
      </symbol>
      <symbol id="sm-290">
         <name>floorf</name>
         <value>0x34a9</value>
         <object_component_ref idref="oc-192"/>
      </symbol>
      <symbol id="sm-3f5">
         <name>__TI_printfi</name>
         <value>0x209</value>
         <object_component_ref idref="oc-352"/>
      </symbol>
      <symbol id="sm-40c">
         <name>__aeabi_dsub</name>
         <value>0x22ed</value>
         <object_component_ref idref="oc-4d5"/>
      </symbol>
      <symbol id="sm-40d">
         <name>__aeabi_dadd</name>
         <value>0x22f7</value>
         <object_component_ref idref="oc-4d5"/>
      </symbol>
      <symbol id="sm-42f">
         <name>__aeabi_cdcmpeq</name>
         <value>0x339b</value>
         <object_component_ref idref="oc-428"/>
      </symbol>
      <symbol id="sm-430">
         <name>__aeabi_cdcmple</name>
         <value>0x339b</value>
         <object_component_ref idref="oc-428"/>
      </symbol>
      <symbol id="sm-431">
         <name>__aeabi_cdrcmple</name>
         <value>0x3421</value>
         <object_component_ref idref="oc-4c0"/>
      </symbol>
      <symbol id="sm-445">
         <name>__aeabi_ddiv</name>
         <value>0x290d</value>
         <object_component_ref idref="oc-4bb"/>
      </symbol>
      <symbol id="sm-450">
         <name>__aeabi_dmul</name>
         <value>0x2eaf</value>
         <object_component_ref idref="oc-4b6"/>
      </symbol>
      <symbol id="sm-45a">
         <name>__aeabi_d2iz</name>
         <value>0x3c0d</value>
         <object_component_ref idref="oc-4c5"/>
      </symbol>
      <symbol id="sm-464">
         <name>__aeabi_i2d</name>
         <value>0x3f79</value>
         <object_component_ref idref="oc-4d0"/>
      </symbol>
      <symbol id="sm-471">
         <name>__aeabi_uldivmod</name>
         <value>0x327f</value>
         <object_component_ref idref="oc-4af"/>
      </symbol>
      <symbol id="sm-480">
         <name>__aeabi_memset</name>
         <value>0x35a5</value>
         <object_component_ref idref="oc-14d"/>
      </symbol>
      <symbol id="sm-481">
         <name>memset</name>
         <value>0x35ab</value>
         <object_component_ref idref="oc-14d"/>
      </symbol>
      <symbol id="sm-482">
         <name>__aeabi_memset8</name>
         <value>0x35a5</value>
         <object_component_ref idref="oc-14d"/>
      </symbol>
      <symbol id="sm-483">
         <name>__aeabi_memset4</name>
         <value>0x35a5</value>
         <object_component_ref idref="oc-14d"/>
      </symbol>
      <symbol id="sm-484">
         <name>__aeabi_memclr8</name>
         <value>0x35a3</value>
         <object_component_ref idref="oc-14d"/>
      </symbol>
      <symbol id="sm-485">
         <name>__aeabi_memclr4</name>
         <value>0x35a3</value>
         <object_component_ref idref="oc-14d"/>
      </symbol>
      <symbol id="sm-486">
         <name>__aeabi_memclr</name>
         <value>0x35a3</value>
         <object_component_ref idref="oc-14d"/>
      </symbol>
      <symbol id="sm-4ae">
         <name>__TI_auto_init_nobinit_nopinit</name>
         <value>0x3ce1</value>
         <object_component_ref idref="oc-286"/>
      </symbol>
      <symbol id="sm-4b8">
         <name>_system_pre_init</name>
         <value>0x4397</value>
         <object_component_ref idref="oc-153"/>
      </symbol>
      <symbol id="sm-4c4">
         <name>C$$EXIT</name>
         <value>0x439b</value>
         <object_component_ref idref="oc-27a"/>
      </symbol>
      <symbol id="sm-4c5">
         <name>abort</name>
         <value>0x439b</value>
         <object_component_ref idref="oc-27a"/>
      </symbol>
      <symbol id="sm-4dd">
         <name>atoi</name>
         <value>0x3a4d</value>
         <object_component_ref idref="oc-41c"/>
      </symbol>
      <symbol id="sm-4e8">
         <name>_ctypes_</name>
         <value>0x47b8</value>
         <object_component_ref idref="oc-4aa"/>
      </symbol>
      <symbol id="sm-4f7">
         <name>ltoa</name>
         <value>0x39a5</value>
         <object_component_ref idref="oc-4ca"/>
      </symbol>
      <symbol id="sm-507">
         <name>memccpy</name>
         <value>0x40d9</value>
         <object_component_ref idref="oc-445"/>
      </symbol>
      <symbol id="sm-517">
         <name>strchr</name>
         <value>0x41a1</value>
         <object_component_ref idref="oc-501"/>
      </symbol>
      <symbol id="sm-525">
         <name>strlen</name>
         <value>0x41e1</value>
         <object_component_ref idref="oc-416"/>
      </symbol>
      <symbol id="sm-53b">
         <name>__aeabi_errno_addr</name>
         <value>0x437d</value>
         <object_component_ref idref="oc-451"/>
      </symbol>
      <symbol id="sm-53c">
         <name>errno</name>
         <value>0x2000804c</value>
         <object_component_ref idref="oc-511"/>
      </symbol>
      <symbol id="sm-555">
         <name>wcslen</name>
         <value>0x4261</value>
         <object_component_ref idref="oc-44b"/>
      </symbol>
      <symbol id="sm-575">
         <name>frexpl</name>
         <value>0x3831</value>
         <object_component_ref idref="oc-4f5"/>
      </symbol>
      <symbol id="sm-576">
         <name>frexp</name>
         <value>0x3831</value>
         <object_component_ref idref="oc-4f5"/>
      </symbol>
      <symbol id="sm-593">
         <name>scalbn</name>
         <value>0x2c99</value>
         <object_component_ref idref="oc-4fb"/>
      </symbol>
      <symbol id="sm-594">
         <name>scalbnl</name>
         <value>0x2c99</value>
         <object_component_ref idref="oc-4fb"/>
      </symbol>
      <symbol id="sm-595">
         <name>ldexpl</name>
         <value>0x2c99</value>
         <object_component_ref idref="oc-4fb"/>
      </symbol>
      <symbol id="sm-596">
         <name>ldexp</name>
         <value>0x2c99</value>
         <object_component_ref idref="oc-4fb"/>
      </symbol>
      <symbol id="sm-5a0">
         <name>__aeabi_idiv0</name>
         <value>0xc57</value>
         <object_component_ref idref="oc-53e"/>
      </symbol>
      <symbol id="sm-5a1">
         <name>__aeabi_ldiv0</name>
         <value>0xc57</value>
         <object_component_ref idref="oc-53e"/>
      </symbol>
      <symbol id="sm-5ab">
         <name>copysign</name>
         <value>0x40f5</value>
         <object_component_ref idref="oc-557"/>
      </symbol>
      <symbol id="sm-5ac">
         <name>copysignl</name>
         <value>0x40f5</value>
         <object_component_ref idref="oc-557"/>
      </symbol>
      <symbol id="sm-5d1">
         <name>GrContextInit</name>
         <value>0x36f9</value>
         <object_component_ref idref="oc-232"/>
      </symbol>
      <symbol id="sm-5d2">
         <name>g_psDefaultCodePointMapTable</name>
         <value>0x4c2c</value>
         <object_component_ref idref="oc-31d"/>
      </symbol>
      <symbol id="sm-616">
         <name>GrLineDrawH</name>
         <value>0x3c55</value>
         <object_component_ref idref="oc-252"/>
      </symbol>
      <symbol id="sm-617">
         <name>GrLineDrawV</name>
         <value>0x3c9b</value>
         <object_component_ref idref="oc-258"/>
      </symbol>
      <symbol id="sm-618">
         <name>GrLineDraw</name>
         <value>0x2da9</value>
         <object_component_ref idref="oc-25f"/>
      </symbol>
      <symbol id="sm-626">
         <name>GrRectFill</name>
         <value>0x3315</value>
         <object_component_ref idref="oc-24c"/>
      </symbol>
      <symbol id="sm-6b5">
         <name>GrFontInfoGet</name>
         <value>0x3fd1</value>
         <object_component_ref idref="oc-3da"/>
      </symbol>
      <symbol id="sm-6b6">
         <name>GrDefaultStringRenderer</name>
         <value>0x2fab</value>
         <object_component_ref idref="oc-317"/>
      </symbol>
      <symbol id="sm-6b7">
         <name>GrFontGlyphRender</name>
         <value>0x1cc1</value>
         <object_component_ref idref="oc-3ec"/>
      </symbol>
      <symbol id="sm-6b8">
         <name>GrContextFontSet</name>
         <value>0x438b</value>
         <object_component_ref idref="oc-23b"/>
      </symbol>
      <symbol id="sm-6b9">
         <name>GrFontGlyphDataGet</name>
         <value>0x401d</value>
         <object_component_ref idref="oc-3e6"/>
      </symbol>
      <symbol id="sm-6ba">
         <name>GrStringDraw</name>
         <value>0x418b</value>
         <object_component_ref idref="oc-265"/>
      </symbol>
      <symbol id="sm-6bb">
         <name>GrFontCodepageGet</name>
         <value>0x407f</value>
         <object_component_ref idref="oc-401"/>
      </symbol>
      <symbol id="sm-6bc">
         <name>GrStringNextCharGet</name>
         <value>0x3f4b</value>
         <object_component_ref idref="oc-3e0"/>
      </symbol>
      <symbol id="sm-6ce">
         <name>g_sFontFixed6x8</name>
         <value>0x48bc</value>
         <object_component_ref idref="oc-238"/>
      </symbol>
      <symbol id="sm-6db">
         <name>GrMapISO8859_1_Unicode</name>
         <value>0x4365</value>
         <object_component_ref idref="oc-3f3"/>
      </symbol>
      <symbol id="sm-738">
         <name>ADCProcessorTrigger</name>
         <value>0x4143</value>
         <object_component_ref idref="oc-7d"/>
      </symbol>
      <symbol id="sm-739">
         <name>ADCSequenceEnable</name>
         <value>0x42e3</value>
         <object_component_ref idref="oc-102"/>
      </symbol>
      <symbol id="sm-73a">
         <name>ADCSequenceConfigure</name>
         <value>0x3d25</value>
         <object_component_ref idref="oc-f6"/>
      </symbol>
      <symbol id="sm-73b">
         <name>ADCIntEnable</name>
         <value>0x4273</value>
         <object_component_ref idref="oc-12a"/>
      </symbol>
      <symbol id="sm-73c">
         <name>ADCSequenceStepConfigure</name>
         <value>0x3529</value>
         <object_component_ref idref="oc-fc"/>
      </symbol>
      <symbol id="sm-73d">
         <name>ADCIntClear</name>
         <value>0x433d</value>
         <object_component_ref idref="oc-92"/>
      </symbol>
      <symbol id="sm-73e">
         <name>ADCIntStatus</name>
         <value>0x3f1d</value>
         <object_component_ref idref="oc-83"/>
      </symbol>
      <symbol id="sm-73f">
         <name>ADCSequenceDisable</name>
         <value>0x42d5</value>
         <object_component_ref idref="oc-f0"/>
      </symbol>
      <symbol id="sm-740">
         <name>ADCClockConfigSet</name>
         <value>0x412b</value>
         <object_component_ref idref="oc-ea"/>
      </symbol>
      <symbol id="sm-741">
         <name>ADCSequenceDataGet</name>
         <value>0x4061</value>
         <object_component_ref idref="oc-8c"/>
      </symbol>
      <symbol id="sm-757">
         <name>FPULazyStackingEnable</name>
         <value>0x4295</value>
         <object_component_ref idref="oc-21d"/>
      </symbol>
      <symbol id="sm-758">
         <name>FPUEnable</name>
         <value>0x4285</value>
         <object_component_ref idref="oc-217"/>
      </symbol>
      <symbol id="sm-7ba">
         <name>GPIOPinTypePWM</name>
         <value>0x4219</value>
         <object_component_ref idref="oc-1db"/>
      </symbol>
      <symbol id="sm-7bb">
         <name>GPIOPinConfigure</name>
         <value>0x3b7d</value>
         <object_component_ref idref="oc-1e1"/>
      </symbol>
      <symbol id="sm-7bc">
         <name>GPIOPinTypeADC</name>
         <value>0x41f5</value>
         <object_component_ref idref="oc-dd"/>
      </symbol>
      <symbol id="sm-7bd">
         <name>GPIOPinTypeGPIOInput</name>
         <value>0x4207</value>
         <object_component_ref idref="oc-d1"/>
      </symbol>
      <symbol id="sm-7be">
         <name>GPIOPinTypeGPIOOutput</name>
         <value>0x415b</value>
         <object_component_ref idref="oc-3d0"/>
      </symbol>
      <symbol id="sm-7bf">
         <name>GPIOPinRead</name>
         <value>0x24a3</value>
         <object_component_ref idref="oc-110"/>
      </symbol>
      <symbol id="sm-7c0">
         <name>GPIODirModeSet</name>
         <value>0x3fa7</value>
         <object_component_ref idref="oc-1a6"/>
      </symbol>
      <symbol id="sm-7c1">
         <name>GPIOPinWrite</name>
         <value>0x4385</value>
         <object_component_ref idref="oc-3b8"/>
      </symbol>
      <symbol id="sm-7c2">
         <name>GPIOPadConfigSet</name>
         <value>0x2a43</value>
         <object_component_ref idref="oc-d7"/>
      </symbol>
      <symbol id="sm-7c3">
         <name>GPIOPinTypeSSI</name>
         <value>0x422b</value>
         <object_component_ref idref="oc-3ca"/>
      </symbol>
      <symbol id="sm-80d">
         <name>IntPrioritySet</name>
         <value>0x3ff9</value>
         <object_component_ref idref="oc-c5"/>
      </symbol>
      <symbol id="sm-80e">
         <name>IntEnable</name>
         <value>0x3761</value>
         <object_component_ref idref="oc-cb"/>
      </symbol>
      <symbol id="sm-80f">
         <name>IntMasterDisable</name>
         <value>0x42a5</value>
         <object_component_ref idref="oc-211"/>
      </symbol>
      <symbol id="sm-810">
         <name>IntMasterEnable</name>
         <value>0x42b5</value>
         <object_component_ref idref="oc-245"/>
      </symbol>
      <symbol id="sm-847">
         <name>PWMGenPeriodSet</name>
         <value>0x42c5</value>
         <object_component_ref idref="oc-1f3"/>
      </symbol>
      <symbol id="sm-848">
         <name>PWMClockSet</name>
         <value>0x41b9</value>
         <object_component_ref idref="oc-1e7"/>
      </symbol>
      <symbol id="sm-849">
         <name>PWMPulseWidthSet</name>
         <value>0x409d</value>
         <object_component_ref idref="oc-1f9"/>
      </symbol>
      <symbol id="sm-84a">
         <name>PWMOutputState</name>
         <value>0x423d</value>
         <object_component_ref idref="oc-1ff"/>
      </symbol>
      <symbol id="sm-84b">
         <name>PWMGenEnable</name>
         <value>0x4325</value>
         <object_component_ref idref="oc-205"/>
      </symbol>
      <symbol id="sm-84c">
         <name>PWMGenConfigure</name>
         <value>0x403f</value>
         <object_component_ref idref="oc-1ed"/>
      </symbol>
      <symbol id="sm-873">
         <name>SSIDataPut</name>
         <value>0x4347</value>
         <object_component_ref idref="oc-3ac"/>
      </symbol>
      <symbol id="sm-874">
         <name>SSIConfigSetExpClk</name>
         <value>0x3da1</value>
         <object_component_ref idref="oc-3be"/>
      </symbol>
      <symbol id="sm-875">
         <name>SSIEnable</name>
         <value>0x4351</value>
         <object_component_ref idref="oc-3c4"/>
      </symbol>
      <symbol id="sm-876">
         <name>SSIBusy</name>
         <value>0x436d</value>
         <object_component_ref idref="oc-3b2"/>
      </symbol>
      <symbol id="sm-8e6">
         <name>SysCtlDelay</name>
         <value>0x4391</value>
         <object_component_ref idref="oc-30d"/>
      </symbol>
      <symbol id="sm-8e7">
         <name>SysCtlPeripheralEnable</name>
         <value>0x3e85</value>
         <object_component_ref idref="oc-98"/>
      </symbol>
      <symbol id="sm-8e8">
         <name>SysCtlClockFreqSet</name>
         <value>0x1f19</value>
         <object_component_ref idref="oc-223"/>
      </symbol>
      <symbol id="sm-92e">
         <name>TimerLoadSet</name>
         <value>0x424f</value>
         <object_component_ref idref="oc-b3"/>
      </symbol>
      <symbol id="sm-92f">
         <name>TimerDisable</name>
         <value>0x41cd</value>
         <object_component_ref idref="oc-9e"/>
      </symbol>
      <symbol id="sm-930">
         <name>TimerEnable</name>
         <value>0x42f1</value>
         <object_component_ref idref="oc-bf"/>
      </symbol>
      <symbol id="sm-931">
         <name>TimerIntStatus</name>
         <value>0x435b</value>
         <object_component_ref idref="oc-20b"/>
      </symbol>
      <symbol id="sm-932">
         <name>TimerIntEnable</name>
         <value>0x4375</value>
         <object_component_ref idref="oc-b9"/>
      </symbol>
      <symbol id="sm-933">
         <name>TimerConfigure</name>
         <value>0x3895</value>
         <object_component_ref idref="oc-a4"/>
      </symbol>
      <symbol id="sm-934">
         <name>TimerIntClear</name>
         <value>0x264d</value>
         <object_component_ref idref="oc-10a"/>
      </symbol>
      <symbol id="sm-946">
         <name>CPUcpsie</name>
         <value>0x4319</value>
         <object_component_ref idref="oc-335"/>
      </symbol>
      <symbol id="sm-947">
         <name>CPUcpsid</name>
         <value>0x430d</value>
         <object_component_ref idref="oc-2e4"/>
      </symbol>
      <symbol id="sm-948">
         <name>__TI_static_base__</name>
         <value>0x0</value>
      </symbol>
      <symbol id="sm-94b">
         <name>__mpu_init</name>
         <value>0x0</value>
      </symbol>
      <symbol id="sm-94c">
         <name>_system_post_cinit</name>
         <value>0x0</value>
      </symbol>
   </symbol_table>
   <title>Link successful</title>
</link_info>
